Archive member included because of file (symbol)

c:/program files (x86)/microchip/mplabc32/v2.02/bin/../lib/gcc/pic32mx/4.5.1/size\libgcc.a(_udivdi3.o)
                              Obj-C32-PIC32_GP_SK_MRF24WB\AutoIP.o (__udivdi3)
c:/program files (x86)/microchip/mplabc32/v2.02/bin/../lib/gcc/pic32mx/4.5.1/../../../../pic32mx/lib/size\libc.a(memcmp.o)
                              Obj-C32-PIC32_GP_SK_MRF24WB\StackTsk.o (memcmp)
c:/program files (x86)/microchip/mplabc32/v2.02/bin/../lib/gcc/pic32mx/4.5.1/../../../../pic32mx/lib/size\libc.a(memcpy.o)
                              Obj-C32-PIC32_GP_SK_MRF24WB\Announce.o (memcpy)
c:/program files (x86)/microchip/mplabc32/v2.02/bin/../lib/gcc/pic32mx/4.5.1/../../../../pic32mx/lib/size\libc.a(memset.o)
                              Obj-C32-PIC32_GP_SK_MRF24WB\DHCP.o (memset)
c:/program files (x86)/microchip/mplabc32/v2.02/bin/../lib/gcc/pic32mx/4.5.1/../../../../pic32mx/lib/size\libc.a(strlen.o)
                              Obj-C32-PIC32_GP_SK_MRF24WB\Helpers.o (strlen)
c:/program files (x86)/microchip/mplabc32/v2.02/bin/../lib/gcc/pic32mx/4.5.1/../../../../pic32mx/lib/size\libc.a(general-exception.o)
                              c:/program files (x86)/microchip/mplabc32/v2.02/bin/../lib/gcc/pic32mx/4.5.1/../../../../pic32mx/lib/size/crt0.o (_general_exception_context)
c:/program files (x86)/microchip/mplabc32/v2.02/bin/../lib/gcc/pic32mx/4.5.1/../../../../pic32mx/lib/size\libc.a(ctype.o)
                              Obj-C32-PIC32_GP_SK_MRF24WB\WFConsoleMsgs.o (_ctype)
c:/program files (x86)/microchip/mplabc32/v2.02/bin/../lib/gcc/pic32mx/4.5.1/../../../../pic32mx/lib/size\libc.a(strncpy.o)
                              Obj-C32-PIC32_GP_SK_MRF24WB\Helpers.o (strncpy)
c:/program files (x86)/microchip/mplabc32/v2.02/bin/../lib/gcc/pic32mx/4.5.1/../../../../pic32mx/lib/size\libc.a(default-bootstrap-exception-handler.o)
                              c:/program files (x86)/microchip/mplabc32/v2.02/bin/../lib/gcc/pic32mx/4.5.1/../../../../pic32mx/lib/size/crt0.o (_bootstrap_exception_handler)
c:/program files (x86)/microchip/mplabc32/v2.02/bin/../lib/gcc/pic32mx/4.5.1/../../../../pic32mx/lib/size\libc.a(default-on-reset.o)
                              c:/program files (x86)/microchip/mplabc32/v2.02/bin/../lib/gcc/pic32mx/4.5.1/../../../../pic32mx/lib/size/crt0.o (_on_reset)
c:/program files (x86)/microchip/mplabc32/v2.02/bin/../lib/gcc/pic32mx/4.5.1/../../../../pic32mx/lib/size\libc.a(default-on-bootstrap.o)
                              c:/program files (x86)/microchip/mplabc32/v2.02/bin/../lib/gcc/pic32mx/4.5.1/../../../../pic32mx/lib/size/crt0.o (_on_bootstrap)
c:/program files (x86)/microchip/mplabc32/v2.02/bin/../lib/gcc/pic32mx/4.5.1/../../../../pic32mx/lib/size\libc.a(default-nmi-handler.o)
                              c:/program files (x86)/microchip/mplabc32/v2.02/bin/../lib/gcc/pic32mx/4.5.1/../../../../pic32mx/lib/size/crt0.o (_nmi_handler)
c:/program files (x86)/microchip/mplabc32/v2.02/bin/../lib/gcc/pic32mx/4.5.1/../../../../pic32mx/lib/size\libmchp_peripheral_32MX340F256H.a(pcache.o)
                              Obj-C32-PIC32_GP_SK_MRF24WB\rovercode.o (CheKseg0CacheOn)
c:/program files (x86)/microchip/mplabc32/v2.02/bin/../lib/gcc/pic32mx/4.5.1/../../../../pic32mx/lib/size\libmchp_peripheral_32MX340F256H.a(int_disable_interrupts_lib.o)
                              Obj-C32-PIC32_GP_SK_MRF24WB\rovercode.o (INTDisableInterrupts)
c:/program files (x86)/microchip/mplabc32/v2.02/bin/../lib/gcc/pic32mx/4.5.1/../../../../pic32mx/lib/size\libmchp_peripheral_32MX340F256H.a(int_restore_interrupts_lib.o)
                              Obj-C32-PIC32_GP_SK_MRF24WB\rovercode.o (INTRestoreInterrupts)
c:/program files (x86)/microchip/mplabc32/v2.02/bin/../lib/gcc/pic32mx/4.5.1/../../../../pic32mx/lib/size\libmchp_peripheral_32MX340F256H.a(int_enable_mv_int_lib.o)
                              Obj-C32-PIC32_GP_SK_MRF24WB\rovercode.o (INTEnableSystemMultiVectoredInt)
c:/program files (x86)/microchip/mplabc32/v2.02/bin/../lib/gcc/pic32mx/4.5.1/../../../../pic32mx/lib/size\libmchp_peripheral_32MX340F256H.a(I2CEnable.o)
                              Obj-C32-PIC32_GP_SK_MRF24WB\I2C.o (I2CEnable)
c:/program files (x86)/microchip/mplabc32/v2.02/bin/../lib/gcc/pic32mx/4.5.1/../../../../pic32mx/lib/size\libmchp_peripheral_32MX340F256H.a(I2CSetFrequency.o)
                              Obj-C32-PIC32_GP_SK_MRF24WB\rovercode.o (I2CSetFrequency)
c:/program files (x86)/microchip/mplabc32/v2.02/bin/../lib/gcc/pic32mx/4.5.1/../../../../pic32mx/lib/size\libmchp_peripheral_32MX340F256H.a(int_enable_interrupts_lib.o)
                              c:/program files (x86)/microchip/mplabc32/v2.02/bin/../lib/gcc/pic32mx/4.5.1/../../../../pic32mx/lib/size\libmchp_peripheral_32MX340F256H.a(int_enable_mv_int_lib.o) (INTEnableInterrupts)
[...]
Memory Configuration

Name             Origin             Length             Attributes
kseg0_program_mem 0x9d000000         0x00040000         xr
kseg0_boot_mem   0x9fc00490         0x00000970
exception_mem    0x9fc01000         0x00001000
kseg1_boot_mem   0xbfc00000         0x00000490
debug_exec_mem   0xbfc02000         0x00000ff0
config3          0xbfc02ff0         0x00000004
config2          0xbfc02ff4         0x00000004
config1          0xbfc02ff8         0x00000004
config0          0xbfc02ffc         0x00000004
kseg1_data_mem   0xa0000000         0x00008000         w !x
sfrs             0xbf800000         0x00100000
configsfrs       0xbfc02ff0         0x00000010
*default*        0x00000000         0xffffffff

Linker script and memory map

LOAD c:/program files (x86)/microchip/mplabc32/v2.02/bin/../lib/gcc/pic32mx/4.5.1/../../../../pic32mx/lib/size/crt0.o
LOAD Obj-C32-PIC32_GP_SK_MRF24WB\Announce.o
LOAD Obj-C32-PIC32_GP_SK_MRF24WB\ARCFOUR.o
LOAD Obj-C32-PIC32_GP_SK_MRF24WB\ARP.o
LOAD Obj-C32-PIC32_GP_SK_MRF24WB\AutoIP.o
LOAD Obj-C32-PIC32_GP_SK_MRF24WB\BerkeleyAPI.o
LOAD Obj-C32-PIC32_GP_SK_MRF24WB\BigInt.o
LOAD Obj-C32-PIC32_GP_SK_MRF24WB\Delay.o
LOAD Obj-C32-PIC32_GP_SK_MRF24WB\DHCP.o
LOAD Obj-C32-PIC32_GP_SK_MRF24WB\DHCPs.o
LOAD Obj-C32-PIC32_GP_SK_MRF24WB\DNS.o
LOAD Obj-C32-PIC32_GP_SK_MRF24WB\DNSs.o
LOAD Obj-C32-PIC32_GP_SK_MRF24WB\DynDNS.o
LOAD Obj-C32-PIC32_GP_SK_MRF24WB\ENC28J60.o
LOAD Obj-C32-PIC32_GP_SK_MRF24WB\ENCX24J600.o
LOAD Obj-C32-PIC32_GP_SK_MRF24WB\FileSystem.o
LOAD Obj-C32-PIC32_GP_SK_MRF24WB\FTP.o
LOAD Obj-C32-PIC32_GP_SK_MRF24WB\Hashes.o
LOAD Obj-C32-PIC32_GP_SK_MRF24WB\Helpers.o
LOAD Obj-C32-PIC32_GP_SK_MRF24WB\ICMP.o
LOAD Obj-C32-PIC32_GP_SK_MRF24WB\IP.o
LOAD Obj-C32-PIC32_GP_SK_MRF24WB\LCDBlocking.o
LOAD Obj-C32-PIC32_GP_SK_MRF24WB\MPFS2.o
LOAD Obj-C32-PIC32_GP_SK_MRF24WB\NBNS.o
LOAD Obj-C32-PIC32_GP_SK_MRF24WB\Reboot.o
LOAD Obj-C32-PIC32_GP_SK_MRF24WB\RSA.o
LOAD Obj-C32-PIC32_GP_SK_MRF24WB\SMTP.o
LOAD Obj-C32-PIC32_GP_SK_MRF24WB\SNMP.o
LOAD Obj-C32-PIC32_GP_SK_MRF24WB\SNMPv3.o
LOAD Obj-C32-PIC32_GP_SK_MRF24WB\SNMPv3USM.o
LOAD Obj-C32-PIC32_GP_SK_MRF24WB\SNTP.o
LOAD Obj-C32-PIC32_GP_SK_MRF24WB\SPIEEPROM.o
LOAD Obj-C32-PIC32_GP_SK_MRF24WB\SPIFlash.o
LOAD Obj-C32-PIC32_GP_SK_MRF24WB\SPIRAM.o
LOAD Obj-C32-PIC32_GP_SK_MRF24WB\SSL.o
LOAD Obj-C32-PIC32_GP_SK_MRF24WB\StackTsk.o
LOAD Obj-C32-PIC32_GP_SK_MRF24WB\TCP.o
LOAD Obj-C32-PIC32_GP_SK_MRF24WB\TFTPc.o
LOAD Obj-C32-PIC32_GP_SK_MRF24WB\Tick.o
LOAD Obj-C32-PIC32_GP_SK_MRF24WB\UART.o
LOAD Obj-C32-PIC32_GP_SK_MRF24WB\UDP.o
LOAD Obj-C32-PIC32_GP_SK_MRF24WB\ZeroconfHelper.o
LOAD Obj-C32-PIC32_GP_SK_MRF24WB\ZeroconfLinkLocal.o
LOAD Obj-C32-PIC32_GP_SK_MRF24WB\ZeroconfMulticastDNS.o
LOAD Obj-C32-PIC32_GP_SK_MRF24WB\WF_Eint.o
LOAD Obj-C32-PIC32_GP_SK_MRF24WB\WF_Spi.o
LOAD Obj-C32-PIC32_GP_SK_MRF24WB\WFConnectionAlgorithm.o
LOAD Obj-C32-PIC32_GP_SK_MRF24WB\WFConnectionManager.o
LOAD Obj-C32-PIC32_GP_SK_MRF24WB\WFConnectionProfile.o
LOAD Obj-C32-PIC32_GP_SK_MRF24WB\WFConsole.o
LOAD Obj-C32-PIC32_GP_SK_MRF24WB\WFConsoleIfconfig.o
LOAD Obj-C32-PIC32_GP_SK_MRF24WB\WFConsoleIwconfig.o
LOAD Obj-C32-PIC32_GP_SK_MRF24WB\WFConsoleIwpriv.o
LOAD Obj-C32-PIC32_GP_SK_MRF24WB\WFConsoleMsgHandler.o
LOAD Obj-C32-PIC32_GP_SK_MRF24WB\WFConsoleMsgs.o
LOAD Obj-C32-PIC32_GP_SK_MRF24WB\WFDataTxRx.o
LOAD Obj-C32-PIC32_GP_SK_MRF24WB\WFEasyConfig.o
LOAD Obj-C32-PIC32_GP_SK_MRF24WB\WFEventHandler.o
LOAD Obj-C32-PIC32_GP_SK_MRF24WB\WFInit.o
LOAD Obj-C32-PIC32_GP_SK_MRF24WB\WFPowerSave.o
LOAD Obj-C32-PIC32_GP_SK_MRF24WB\WFScan.o
LOAD Obj-C32-PIC32_GP_SK_MRF24WB\WFTxPower.o
LOAD Obj-C32-PIC32_GP_SK_MRF24WB\CustomSSLCert.o
LOAD Obj-C32-PIC32_GP_SK_MRF24WB\MainDemo.o
LOAD Obj-C32-PIC32_GP_SK_MRF24WB\GenericTCPServer.o
LOAD Obj-C32-PIC32_GP_SK_MRF24WB\MPFSImg2.o
LOAD Obj-C32-PIC32_GP_SK_MRF24WB\WF_Config.o
LOAD Obj-C32-PIC32_GP_SK_MRF24WB\BigInt_helper_C32.o
LOAD Obj-C32-PIC32_GP_SK_MRF24WB\I2C.o
LOAD Obj-C32-PIC32_GP_SK_MRF24WB\rovercode.o
LOAD Obj-C32-PIC32_GP_SK_MRF24WB\WFDriverRaw_24G.o
LOAD Obj-C32-PIC32_GP_SK_MRF24WB\WFMac_24G.o
LOAD Obj-C32-PIC32_GP_SK_MRF24WB\WFMgmtMsg_24G.o
LOAD Obj-C32-PIC32_GP_SK_MRF24WB\WFParamMsg_24G.o
LOAD Obj-C32-PIC32_GP_SK_MRF24WB\WFDriverCom_24G.o
LOAD Obj-C32-PIC32_GP_SK_MRF24WB\WFDebugStrings.o
LOAD Obj-C32-PIC32_GP_SK_MRF24WB\WF_pbkdf2.o
LOAD Obj-C32-PIC32_GP_SK_MRF24WB\MARSGPS.o
                0x00000001                __MPLAB_BUILD = 0x1
LOAD c:/program files (x86)/microchip/mplabc32/v2.02/bin/../lib/gcc/pic32mx/4.5.1/size\libgcc.a
START GROUP
LOAD c:/program files (x86)/microchip/mplabc32/v2.02/bin/../lib/gcc/pic32mx/4.5.1/../../../../pic32mx/lib/size\libdebug.a
LOAD c:/program files (x86)/microchip/mplabc32/v2.02/bin/../lib/gcc/pic32mx/4.5.1/../../../../pic32mx/lib/size\libc.a
LOAD c:/program files (x86)/microchip/mplabc32/v2.02/bin/../lib/gcc/pic32mx/4.5.1/../../../../pic32mx/lib/size\libm.a
LOAD c:/program files (x86)/microchip/mplabc32/v2.02/bin/../lib/gcc/pic32mx/4.5.1/../../../../pic32mx/lib/size\libe.a
LOAD c:/program files (x86)/microchip/mplabc32/v2.02/bin/../lib/gcc/pic32mx/4.5.1/../../../../pic32mx/lib/size\libdsp.a
LOAD c:/program files (x86)/microchip/mplabc32/v2.02/bin/../lib/gcc/pic32mx/4.5.1/../../../../pic32mx/lib/size\libmchp_peripheral.a
LOAD c:/program files (x86)/microchip/mplabc32/v2.02/bin/../lib/gcc/pic32mx/4.5.1/../../../../pic32mx/lib/size\libmchp_peripheral_32MX340F256H.a
END GROUP
LOAD c:/program files (x86)/microchip/mplabc32/v2.02/bin/../lib/gcc/pic32mx/4.5.1/size\libgcc.a
                0x00000400                PROVIDE (_min_stack_size, 0x400)
                0x00000000                PROVIDE (_min_heap_size, 0x0)
LOAD c:/program files (x86)/microchip/mplabc32/v2.02/bin/../lib/gcc/pic32mx/4.5.1/../../../../pic32mx/lib/./proc/32MX340F256H\processor.o
                0x00000001                PROVIDE (_vector_spacing, 0x1)
                0x9fc01000                _ebase_address = 0x9fc01000
                0xbfc00000                _RESET_ADDR = 0xbfc00000
                0xbfc00380                _BEV_EXCPT_ADDR = 0xbfc00380
                0xbfc00480                _DBG_EXCPT_ADDR = 0xbfc00480
                0xbfc02000                _DBG_CODE_ADDR = 0xbfc02000
                0x00000ff0                _DBG_CODE_SIZE = 0xff0
                0x9fc01180                _GEN_EXCPT_ADDR = (_ebase_address + 0x180)

.config_BFC02FF0
 *(.config_BFC02FF0)

.config_BFC02FF4
                0xbfc02ff4        0x4
 *(.config_BFC02FF4)
 .config_BFC02FF4
                0xbfc02ff4        0x4 Obj-C32-PIC32_GP_SK_MRF24WB\MainDemo.o

.config_BFC02FF8
                0xbfc02ff8        0x4
 *(.config_BFC02FF8)
 .config_BFC02FF8
                0xbfc02ff8        0x4 Obj-C32-PIC32_GP_SK_MRF24WB\MainDemo.o

.config_BFC02FFC
                0xbfc02ffc        0x4
 *(.config_BFC02FFC)
 .config_BFC02FFC
                0xbfc02ffc        0x4 Obj-C32-PIC32_GP_SK_MRF24WB\MainDemo.o
                0xbfc02000                PROVIDE (_DBG_CODE_ADDR, 0xbfc02000)
                0x00000ff0                PROVIDE (_DBG_CODE_SIZE, 0xff0)

.reset          0xbfc00000      0x1f4
 *(.reset)
 .reset         0xbfc00000       0x10 c:/program files (x86)/microchip/mplabc32/v2.02/bin/../lib/gcc/pic32mx/4.5.1/../../../../pic32mx/lib/size/crt0.o
                0xbfc00000                _reset
 *(.reset.startup)
 .reset.startup
                0xbfc00010      0x1e4 c:/program files (x86)/microchip/mplabc32/v2.02/bin/../lib/gcc/pic32mx/4.5.1/../../../../pic32mx/lib/size/crt0.o

.bev_excpt      0xbfc00380       0x10
 *(.bev_handler)
 .bev_handler   0xbfc00380       0x10 c:/program files (x86)/microchip/mplabc32/v2.02/bin/../lib/gcc/pic32mx/4.5.1/../../../../pic32mx/lib/size/crt0.o

.dbg_excpt      0xbfc00480        0x0
                0xbfc00480                . = (. + DEFINED (_DEBUGGER)?0x8:0x0)

.dbg_code       0xbfc02000        0x0
                0xbfc02000                . = (. + DEFINED (_DEBUGGER)?_DBG_CODE_SIZE:0x0)

.app_excpt      0x9fc01180       0x10
 *(.gen_handler)
 .gen_handler   0x9fc01180       0x10 c:/program files (x86)/microchip/mplabc32/v2.02/bin/../lib/gcc/pic32mx/4.5.1/../../../../pic32mx/lib/size/crt0.o

.vector_0       0x9fc01200        0x0
 *(.vector_0)
                0x00000001                ASSERT (((_vector_spacing == 0x0) || (SIZEOF (.vector_0) <= (_vector_spacing << 0x5))), function at exception vector 0 too large)

.vector_1       0x9fc01220        0x0
 *(.vector_1)
                0x00000001                ASSERT (((_vector_spacing == 0x0) || (SIZEOF (.vector_1) <= (_vector_spacing << 0x5))), function at exception vector 1 too large)

.vector_2       0x9fc01240        0x0
 *(.vector_2)
                0x00000001                ASSERT (((_vector_spacing == 0x0) || (SIZEOF (.vector_2) <= (_vector_spacing << 0x5))), function at exception vector 2 too large)

.vector_3       0x9fc01260        0x8
 *(.vector_3)
 .vector_3      0x9fc01260        0x8 Obj-C32-PIC32_GP_SK_MRF24WB\WF_Eint.o
                0x00000001                ASSERT (((_vector_spacing == 0x0) || (SIZEOF (.vector_3) <= (_vector_spacing << 0x5))), function at exception vector 3 too large)

.vector_4       0x9fc01280        0x8
 *(.vector_4)
 .vector_4      0x9fc01280        0x8 Obj-C32-PIC32_GP_SK_MRF24WB\Tick.o
                0x00000001                ASSERT (((_vector_spacing == 0x0) || (SIZEOF (.vector_4) <= (_vector_spacing << 0x5))), function at exception vector 4 too large)

.vector_5       0x9fc012a0        0x8
 *(.vector_5)
 .vector_5      0x9fc012a0        0x8 Obj-C32-PIC32_GP_SK_MRF24WB\rovercode.o
                0x00000001                ASSERT (((_vector_spacing == 0x0) || (SIZEOF (.vector_5) <= (_vector_spacing << 0x5))), function at exception vector 5 too large)

.vector_6       0x9fc012c0        0x0
 *(.vector_6)
                0x00000001                ASSERT (((_vector_spacing == 0x0) || (SIZEOF (.vector_6) <= (_vector_spacing << 0x5))), function at exception vector 6 too large)

.vector_7       0x9fc012e0        0x0
 *(.vector_7)
                0x00000001                ASSERT (((_vector_spacing == 0x0) || (SIZEOF (.vector_7) <= (_vector_spacing << 0x5))), function at exception vector 7 too large)

.vector_8       0x9fc01300        0x0
 *(.vector_8)
                0x00000001                ASSERT (((_vector_spacing == 0x0) || (SIZEOF (.vector_8) <= (_vector_spacing << 0x5))), function at exception vector 8 too large)

.vector_9       0x9fc01320        0x8
 *(.vector_9)
 .vector_9      0x9fc01320        0x8 Obj-C32-PIC32_GP_SK_MRF24WB\rovercode.o
                0x00000001                ASSERT (((_vector_spacing == 0x0) || (SIZEOF (.vector_9) <= (_vector_spacing << 0x5))), function at exception vector 9 too large)

.vector_10      0x9fc01340        0x0
 *(.vector_10)
                0x00000001                ASSERT (((_vector_spacing == 0x0) || (SIZEOF (.vector_10) <= (_vector_spacing << 0x5))), function at exception vector 10 too large)

.vector_11      0x9fc01360        0x0
 *(.vector_11)
                0x00000001                ASSERT (((_vector_spacing == 0x0) || (SIZEOF (.vector_11) <= (_vector_spacing << 0x5))), function at exception vector 11 too large)

.vector_12      0x9fc01380        0x0
 *(.vector_12)
                0x00000001                ASSERT (((_vector_spacing == 0x0) || (SIZEOF (.vector_12) <= (_vector_spacing << 0x5))), function at exception vector 12 too large)

.vector_13      0x9fc013a0        0x8
 *(.vector_13)
 .vector_13     0x9fc013a0        0x8 Obj-C32-PIC32_GP_SK_MRF24WB\rovercode.o
                0x00000001                ASSERT (((_vector_spacing == 0x0) || (SIZEOF (.vector_13) <= (_vector_spacing << 0x5))), function at exception vector 13 too large)

.vector_14      0x9fc013c0        0x0
 *(.vector_14)
                0x00000001                ASSERT (((_vector_spacing == 0x0) || (SIZEOF (.vector_14) <= (_vector_spacing << 0x5))), function at exception vector 14 too large)

.vector_15      0x9fc013e0        0x0
 *(.vector_15)
                0x00000001                ASSERT (((_vector_spacing == 0x0) || (SIZEOF (.vector_15) <= (_vector_spacing << 0x5))), function at exception vector 15 too large)

.vector_16      0x9fc01400        0x0
 *(.vector_16)
                0x00000001                ASSERT (((_vector_spacing == 0x0) || (SIZEOF (.vector_16) <= (_vector_spacing << 0x5))), function at exception vector 16 too large)

.vector_17      0x9fc01420        0x8
 *(.vector_17)
 .vector_17     0x9fc01420        0x8 Obj-C32-PIC32_GP_SK_MRF24WB\rovercode.o
                0x00000001                ASSERT (((_vector_spacing == 0x0) || (SIZEOF (.vector_17) <= (_vector_spacing << 0x5))), function at exception vector 17 too large)

.vector_18      0x9fc01440        0x0
 *(.vector_18)
                0x00000001                ASSERT (((_vector_spacing == 0x0) || (SIZEOF (.vector_18) <= (_vector_spacing << 0x5))), function at exception vector 18 too large)

.vector_19      0x9fc01460        0x0
 *(.vector_19)
                0x00000001                ASSERT (((_vector_spacing == 0x0) || (SIZEOF (.vector_19) <= (_vector_spacing << 0x5))), function at exception vector 19 too large)

.vector_20      0x9fc01480        0x0
 *(.vector_20)
                0x00000001                ASSERT (((_vector_spacing == 0x0) || (SIZEOF (.vector_20) <= (_vector_spacing << 0x5))), function at exception vector 20 too large)

.vector_21      0x9fc014a0        0x0
 *(.vector_21)
                0x00000001                ASSERT (((_vector_spacing == 0x0) || (SIZEOF (.vector_21) <= (_vector_spacing << 0x5))), function at exception vector 21 too large)

.vector_22      0x9fc014c0        0x0
 *(.vector_22)
                0x00000001                ASSERT (((_vector_spacing == 0x0) || (SIZEOF (.vector_22) <= (_vector_spacing << 0x5))), function at exception vector 22 too large)

.vector_23      0x9fc014e0        0x0
 *(.vector_23)
                0x00000001                ASSERT (((_vector_spacing == 0x0) || (SIZEOF (.vector_23) <= (_vector_spacing << 0x5))), function at exception vector 23 too large)

.vector_24      0x9fc01500        0x8
 *(.vector_24)
 .vector_24     0x9fc01500        0x8 Obj-C32-PIC32_GP_SK_MRF24WB\rovercode.o
                0x00000001                ASSERT (((_vector_spacing == 0x0) || (SIZEOF (.vector_24) <= (_vector_spacing << 0x5))), function at exception vector 24 too large)

.vector_25      0x9fc01520        0x0
 *(.vector_25)
                0x00000001                ASSERT (((_vector_spacing == 0x0) || (SIZEOF (.vector_25) <= (_vector_spacing << 0x5))), function at exception vector 25 too large)

.vector_26      0x9fc01540        0x0
 *(.vector_26)
                0x00000001                ASSERT (((_vector_spacing == 0x0) || (SIZEOF (.vector_26) <= (_vector_spacing << 0x5))), function at exception vector 26 too large)

.vector_27      0x9fc01560        0x8
 *(.vector_27)
 .vector_27     0x9fc01560        0x8 Obj-C32-PIC32_GP_SK_MRF24WB\rovercode.o
                0x00000001                ASSERT (((_vector_spacing == 0x0) || (SIZEOF (.vector_27) <= (_vector_spacing << 0x5))), function at exception vector 27 too large)

.vector_28      0x9fc01580        0x0
 *(.vector_28)
                0x00000001                ASSERT (((_vector_spacing == 0x0) || (SIZEOF (.vector_28) <= (_vector_spacing << 0x5))), function at exception vector 28 too large)

.vector_29      0x9fc015a0        0x0
 *(.vector_29)
                0x00000001                ASSERT (((_vector_spacing == 0x0) || (SIZEOF (.vector_29) <= (_vector_spacing << 0x5))), function at exception vector 29 too large)

.vector_30      0x9fc015c0        0x0
 *(.vector_30)
                0x00000001                ASSERT (((_vector_spacing == 0x0) || (SIZEOF (.vector_30) <= (_vector_spacing << 0x5))), function at exception vector 30 too large)

.vector_31      0x9fc015e0        0x0
 *(.vector_31)
                0x00000001                ASSERT (((_vector_spacing == 0x0) || (SIZEOF (.vector_31) <= (_vector_spacing << 0x5))), function at exception vector 31 too large)

.vector_32      0x9fc01600        0x8
 *(.vector_32)
 .vector_32     0x9fc01600        0x8 Obj-C32-PIC32_GP_SK_MRF24WB\rovercode.o
                0x00000001                ASSERT (((_vector_spacing == 0x0) || (SIZEOF (.vector_32) <= (_vector_spacing << 0x5))), function at exception vector 32 too large)

.vector_33      0x9fc01620        0x0
 *(.vector_33)
                0x00000001                ASSERT (((_vector_spacing == 0x0) || (SIZEOF (.vector_33) <= (_vector_spacing << 0x5))), function at exception vector 33 too large)

.vector_34      0x9fc01640        0x0
 *(.vector_34)
                0x00000001                ASSERT (((_vector_spacing == 0x0) || (SIZEOF (.vector_34) <= (_vector_spacing << 0x5))), function at exception vector 34 too large)

.vector_35      0x9fc01660        0x0
 *(.vector_35)
                0x00000001                ASSERT (((_vector_spacing == 0x0) || (SIZEOF (.vector_35) <= (_vector_spacing << 0x5))), function at exception vector 35 too large)

.vector_36      0x9fc01680        0x0
 *(.vector_36)
                0x00000001                ASSERT (((_vector_spacing == 0x0) || (SIZEOF (.vector_36) <= (_vector_spacing << 0x5))), function at exception vector 36 too large)

.vector_37      0x9fc016a0        0x0
 *(.vector_37)
                0x00000001                ASSERT (((_vector_spacing == 0x0) || (SIZEOF (.vector_37) <= (_vector_spacing << 0x5))), function at exception vector 37 too large)

.vector_38      0x9fc016c0        0x0
 *(.vector_38)
                0x00000001                ASSERT (((_vector_spacing == 0x0) || (SIZEOF (.vector_38) <= (_vector_spacing << 0x5))), function at exception vector 38 too large)

.vector_39      0x9fc016e0        0x0
 *(.vector_39)
                0x00000001                ASSERT (((_vector_spacing == 0x0) || (SIZEOF (.vector_39) <= (_vector_spacing << 0x5))), function at exception vector 39 too large)

.vector_40      0x9fc01700        0x0
 *(.vector_40)
                0x00000001                ASSERT (((_vector_spacing == 0x0) || (SIZEOF (.vector_40) <= (_vector_spacing << 0x5))), function at exception vector 40 too large)

.vector_41      0x9fc01720        0x0
 *(.vector_41)
                0x00000001                ASSERT (((_vector_spacing == 0x0) || (SIZEOF (.vector_41) <= (_vector_spacing << 0x5))), function at exception vector 41 too large)

.vector_42      0x9fc01740        0x0
 *(.vector_42)
                0x00000001                ASSERT (((_vector_spacing == 0x0) || (SIZEOF (.vector_42) <= (_vector_spacing << 0x5))), function at exception vector 42 too large)

.vector_43      0x9fc01760        0x0
 *(.vector_43)
                0x00000001                ASSERT (((_vector_spacing == 0x0) || (SIZEOF (.vector_43) <= (_vector_spacing << 0x5))), function at exception vector 43 too large)

.vector_44      0x9fc01780        0x0
 *(.vector_44)
                0x00000001                ASSERT (((_vector_spacing == 0x0) || (SIZEOF (.vector_44) <= (_vector_spacing << 0x5))), function at exception vector 44 too large)

.vector_45      0x9fc017a0        0x0
 *(.vector_45)
                0x00000001                ASSERT (((_vector_spacing == 0x0) || (SIZEOF (.vector_45) <= (_vector_spacing << 0x5))), function at exception vector 45 too large)

.vector_46      0x9fc017c0        0x0
 *(.vector_46)
                0x00000001                ASSERT (((_vector_spacing == 0x0) || (SIZEOF (.vector_46) <= (_vector_spacing << 0x5))), function at exception vector 46 too large)

.vector_47      0x9fc017e0        0x0
 *(.vector_47)
                0x00000001                ASSERT (((_vector_spacing == 0x0) || (SIZEOF (.vector_47) <= (_vector_spacing << 0x5))), function at exception vector 47 too large)

.vector_48      0x9fc01800        0x0
 *(.vector_48)
                0x00000001                ASSERT (((_vector_spacing == 0x0) || (SIZEOF (.vector_48) <= (_vector_spacing << 0x5))), function at exception vector 48 too large)

.vector_49      0x9fc01820        0x0
 *(.vector_49)
                0x00000001                ASSERT (((_vector_spacing == 0x0) || (SIZEOF (.vector_49) <= (_vector_spacing << 0x5))), function at exception vector 49 too large)

.vector_50      0x9fc01840        0x0
 *(.vector_50)
                0x00000001                ASSERT (((_vector_spacing == 0x0) || (SIZEOF (.vector_50) <= (_vector_spacing << 0x5))), function at exception vector 50 too large)

.vector_51      0x9fc01860        0x0
 *(.vector_51)
                0x00000001                ASSERT (((_vector_spacing == 0x0) || (SIZEOF (.vector_51) <= (_vector_spacing << 0x5))), function at exception vector 51 too large)

.vector_52      0x9fc01880        0x0
 *(.vector_52)
                0x00000001                ASSERT (((_vector_spacing == 0x0) || (SIZEOF (.vector_52) <= (_vector_spacing << 0x5))), function at exception vector 52 too large)

.vector_53      0x9fc018a0        0x0
 *(.vector_53)
                0x00000001                ASSERT (((_vector_spacing == 0x0) || (SIZEOF (.vector_53) <= (_vector_spacing << 0x5))), function at exception vector 53 too large)

.vector_54      0x9fc018c0        0x0
 *(.vector_54)
                0x00000001                ASSERT (((_vector_spacing == 0x0) || (SIZEOF (.vector_54) <= (_vector_spacing << 0x5))), function at exception vector 54 too large)

.vector_55      0x9fc018e0        0x0
 *(.vector_55)
                0x00000001                ASSERT (((_vector_spacing == 0x0) || (SIZEOF (.vector_55) <= (_vector_spacing << 0x5))), function at exception vector 55 too large)

.vector_56      0x9fc01900        0x0
 *(.vector_56)
                0x00000001                ASSERT (((_vector_spacing == 0x0) || (SIZEOF (.vector_56) <= (_vector_spacing << 0x5))), function at exception vector 56 too large)

.vector_57      0x9fc01920        0x0
 *(.vector_57)
                0x00000001                ASSERT (((_vector_spacing == 0x0) || (SIZEOF (.vector_57) <= (_vector_spacing << 0x5))), function at exception vector 57 too large)

.vector_58      0x9fc01940        0x0
 *(.vector_58)
                0x00000001                ASSERT (((_vector_spacing == 0x0) || (SIZEOF (.vector_58) <= (_vector_spacing << 0x5))), function at exception vector 58 too large)

.vector_59      0x9fc01960        0x0
 *(.vector_59)
                0x00000001                ASSERT (((_vector_spacing == 0x0) || (SIZEOF (.vector_59) <= (_vector_spacing << 0x5))), function at exception vector 59 too large)

.vector_60      0x9fc01980        0x0
 *(.vector_60)
                0x00000001                ASSERT (((_vector_spacing == 0x0) || (SIZEOF (.vector_60) <= (_vector_spacing << 0x5))), function at exception vector 60 too large)

.vector_61      0x9fc019a0        0x0
 *(.vector_61)
                0x00000001                ASSERT (((_vector_spacing == 0x0) || (SIZEOF (.vector_61) <= (_vector_spacing << 0x5))), function at exception vector 61 too large)

.vector_62      0x9fc019c0        0x0
 *(.vector_62)
                0x00000001                ASSERT (((_vector_spacing == 0x0) || (SIZEOF (.vector_62) <= (_vector_spacing << 0x5))), function at exception vector 62 too large)

.vector_63      0x9fc019e0        0x0
 *(.vector_63)
                0x00000001                ASSERT (((_vector_spacing == 0x0) || (SIZEOF (.vector_63) <= (_vector_spacing << 0x5))), function at exception vector 63 too large)

.startup
 *(.startup)

.text
 *(.stub .gnu.linkonce.t.*)
 *(.text.*personality*)
 *(.mips16.fn.*)
 *(.mips16.call.*)
 *(.gnu.warning)

.rodata         0x9d000000        0x0
 *(.rodata.* .gnu.linkonce.r.*)
 *(.rodata1)
                0x9d000000                . = ALIGN (0x4)

.sdata2         0x9fc00490        0x0
 *(.sdata2 .sdata2.* .gnu.linkonce.s2.*)
                0x9fc00490                . = ALIGN (0x4)

.sbss2          0x9fc00490        0x0
 *(.sbss2 .sbss2.* .gnu.linkonce.sb2.*)
                0x9fc00490                . = ALIGN (0x4)

.eh_frame_hdr
 *(.eh_frame_hdr)

.eh_frame
 *(.eh_frame)

.dbg_data       0xa0000000        0x0
                0xa0000000                . = (. + DEFINED (_DEBUGGER)?0x200:0x0)

.persist        0xa0000000        0x0
                0xa0000000                _persist_begin = .
 *(.persist .persist.*)
                0xa0000000                . = ALIGN (0x4)
                0xa0000000                _persist_end = .

.eh_frame       0xa0000000       0x28
 *(.eh_frame)
 .eh_frame      0xa0000000       0x28 c:/program files (x86)/microchip/mplabc32/v2.02/bin/../lib/gcc/pic32mx/4.5.1/size\libgcc.a(_udivdi3.o)
                0xa0000028                . = .
                0xa0008020                _gp = (ALIGN (0x10) + 0x7ff0)

.got
 *(.got.plt)
 *(.got)

.sdata          0xa0000028       0x35
                0xa0000028                _sdata_begin = .
 *(.sdata .sdata.* .gnu.linkonce.s.*)
 .sdata         0xa0000028        0x8 Obj-C32-PIC32_GP_SK_MRF24WB\DNS.o
 .sdata         0xa0000030        0x4 Obj-C32-PIC32_GP_SK_MRF24WB\Helpers.o
 .sdata         0xa0000034        0x1 Obj-C32-PIC32_GP_SK_MRF24WB\SNTP.o
 .sdata         0xa0000035        0x2 Obj-C32-PIC32_GP_SK_MRF24WB\TCP.o
 .sdata         0xa0000037        0x2 Obj-C32-PIC32_GP_SK_MRF24WB\UDP.o
 .sdata         0xa0000039        0x1 Obj-C32-PIC32_GP_SK_MRF24WB\WFConnectionAlgorithm.o
 .sdata         0xa000003a        0x1 Obj-C32-PIC32_GP_SK_MRF24WB\WFPowerSave.o
 *fill*         0xa000003b        0x1 00
 .sdata         0xa000003c       0x20 Obj-C32-PIC32_GP_SK_MRF24WB\rovercode.o
                0xa000003c                ToggleLine
                0xa0000040                emfoffset1
                0xa0000044                emfoffset2
                0xa0000048                setemfoff
                0xa000004c                LINETa
                0xa0000050                LINETb
                0xa0000054                countup1
                0xa0000055                countup2
                0xa0000056                globalRSSI
                0xa0000058                commandstate
 .sdata         0xa000005c        0x1 Obj-C32-PIC32_GP_SK_MRF24WB\MARSGPS.o
                0xa000005d                _sdata_end = .

.lit8
 *(.lit8)

.lit4
 *(.lit4)
                0xa0000060                . = ALIGN (0x4)
                0xa0000060                _data_end = .
                0xa0000060                _bss_begin = .

.sbss           0xa0000060      0x210
                0xa0000060                _sbss_begin = .
 *(.dynsbss)
 *(.sbss .sbss.* .gnu.linkonce.sb.*)
 .sbss          0xa0000060        0x8 Obj-C32-PIC32_GP_SK_MRF24WB\Announce.o
 .sbss          0xa0000068        0x4 Obj-C32-PIC32_GP_SK_MRF24WB\ARP.o
 .sbss          0xa000006c        0x4 Obj-C32-PIC32_GP_SK_MRF24WB\DHCP.o
                0xa000006c                DHCPClientInitializedOnce
 .sbss          0xa0000070       0x18 Obj-C32-PIC32_GP_SK_MRF24WB\DNS.o
 .sbss          0xa0000088        0x4 Obj-C32-PIC32_GP_SK_MRF24WB\IP.o
 .sbss          0xa000008c       0x10 Obj-C32-PIC32_GP_SK_MRF24WB\SNTP.o
 .sbss          0xa000009c       0x10 Obj-C32-PIC32_GP_SK_MRF24WB\StackTsk.o
                0xa00000a0                g_DhcpRenew
                0xa00000a4                g_DhcpRetryTimer
 .sbss          0xa00000ac        0x2 Obj-C32-PIC32_GP_SK_MRF24WB\TCP.o
 *fill*         0xa00000ae        0x2 00
 .sbss          0xa00000b0        0xc Obj-C32-PIC32_GP_SK_MRF24WB\Tick.o
 .sbss          0xa00000bc        0x8 Obj-C32-PIC32_GP_SK_MRF24WB\UDP.o
 .sbss          0xa00000c4        0x1 Obj-C32-PIC32_GP_SK_MRF24WB\WF_Spi.o
 *fill*         0xa00000c5        0x3 00
 .sbss          0xa00000c8        0x4 Obj-C32-PIC32_GP_SK_MRF24WB\WFConnectionManager.o
 .sbss          0xa00000cc        0xc Obj-C32-PIC32_GP_SK_MRF24WB\WFPowerSave.o
 .sbss          0xa00000d8        0x8 Obj-C32-PIC32_GP_SK_MRF24WB\MainDemo.o
 .sbss          0xa00000e0        0xc Obj-C32-PIC32_GP_SK_MRF24WB\GenericTCPServer.o
                0xa00000e0                tcptxbufferpoint
 .sbss          0xa00000ec        0x1 Obj-C32-PIC32_GP_SK_MRF24WB\I2C.o
                0xa00000ec                i2cerror
 *fill*         0xa00000ed        0x3 00
 .sbss          0xa00000f0       0x58 Obj-C32-PIC32_GP_SK_MRF24WB\rovercode.o
                0xa00000f0                soundhead
                0xa00000f4                soundtail
                0xa00000f8                speed1
                0xa00000fc                pos1
                0xa0000100                speed2
                0xa0000104                pos2
                0xa0000108                lasticA
                0xa000010c                lasticB
                0xa0000110                closedloop
                0xa0000111                CLflag
                0xa0000112                DesiredL
                0xa0000114                DesiredR
                0xa0000116                McmdL
                0xa0000118                McmdR
                0xa000011c                MotorPWMcount
                0xa0000120                MotorleftV
                0xa0000124                MotorrightV
                0xa0000128                setLineLed
                0xa000012c                delta1
                0xa0000130                delta2
                0xa0000134                comsdatahead
                0xa0000138                comsdatatail
                0xa000013c                REQCOUNT
                0xa0000140                waveid
                0xa0000144                bptag
 .sbss          0xa0000148        0x8 Obj-C32-PIC32_GP_SK_MRF24WB\WFDriverRaw_24G.o
                0xa0000148                g_HostRAWDataPacketReceived
                0xa000014c                g_RawIndexPastEnd
 .sbss          0xa0000150       0x14 Obj-C32-PIC32_GP_SK_MRF24WB\WFMac_24G.o
 .sbss          0xa0000164        0xc Obj-C32-PIC32_GP_SK_MRF24WB\WFMgmtMsg_24G.o
                0xa0000168                g_WaitingForMgmtResponse
 .sbss          0xa0000170       0x28 Obj-C32-PIC32_GP_SK_MRF24WB\WFDriverCom_24G.o
                0xa0000188                g_DhcpSuccessful
                0xa000018c                g_WiFiConnectionChanged
                0xa0000190                g_WiFiConnection
                0xa0000194                g_dhcpInProgress
 .sbss          0xa0000198        0x8 Obj-C32-PIC32_GP_SK_MRF24WB\MARSGPS.o
                0xa0000198                GPSCNT
                0xa000019c                GPSRXcount
 *(.scommon)
 .scommon       0xa00001a0        0x6 Obj-C32-PIC32_GP_SK_MRF24WB\UDP.o
                0xa00001a0                UDPTxCount
                0xa00001a2                activeUDPSocket
                0xa00001a4                UDPRxCount
 *fill*         0xa00001a6        0x2 00
 .scommon       0xa00001a8        0x4 Obj-C32-PIC32_GP_SK_MRF24WB\WFPowerSave.o
                0xa00001a8                g_rxDtim
 .scommon       0xa00001ac        0xc Obj-C32-PIC32_GP_SK_MRF24WB\MainDemo.o
                0xa00001ac                ConnectionProfileID
                0xa00001b0                AN0String
 .scommon       0xa00001b8       0x9a Obj-C32-PIC32_GP_SK_MRF24WB\rovercode.o
                0xa00001b8                RxHead2
                0xa00001bc                errorL
                0xa00001c0                commandlen
                0xa00001c4                LasterrorR
                0xa00001c6                IC1F
                0xa00001c8                dificB0t
                0xa00001cc                RxHead1
                0xa00001d0                dificA1t
                0xa00001d4                emf2v
                0xa00001d8                HlasticA1
                0xa00001dc                CspeedB
                0xa00001e0                timeoutA
                0xa00001e4                dificB1t
                0xa00001e8                lightbv
                0xa00001ec                RxTail2
                0xa00001f0                CspeedA
                0xa00001f2                lasticBS0
                0xa00001f4                LINEB
                0xa00001f8                dificA0t
                0xa00001fc                emf1v
                0xa0000200                lightav
                0xa0000204                thermv
                0xa0000208                HlasticB0
                0xa000020c                LINEBa
                0xa0000210                IC3F
                0xa0000214                photov
                0xa0000218                PeriodA
                0xa000021c                lasticAS0
                0xa0000220                HlasticA0
                0xa0000224                PeriodB
                0xa0000228                errorR
                0xa000022c                res
                0xa0000230                LasterrorL
                0xa0000232                lasticBS1
                0xa0000234                LINEA
                0xa0000238                timeoutB
                0xa000023c                HlasticB1
                0xa0000240                erroriR
                0xa0000244                LINEAa
                0xa0000248                lasticAS1
                0xa000024c                RxTail1
                0xa0000250                erroriL
 *fill*         0xa0000252        0x2 00
 .scommon       0xa0000254        0x2 Obj-C32-PIC32_GP_SK_MRF24WB\WFDriverRaw_24G.o
                0xa0000254                RawWindowState
 *fill*         0xa0000256        0x2 00
 .scommon       0xa0000258        0x6 Obj-C32-PIC32_GP_SK_MRF24WB\WFMac_24G.o
                0xa0000258                g_rxBufferLength
                0xa000025c                WF_hibernate
 *fill*         0xa000025e        0x2 00
 .scommon       0xa0000260        0x8 Obj-C32-PIC32_GP_SK_MRF24WB\WFDriverCom_24G.o
                0xa0000260                RawMoveState
 .scommon       0xa0000268        0x8 Obj-C32-PIC32_GP_SK_MRF24WB\MARSGPS.o
                0xa0000268                GPSRX
                0xa0000270                _sbss_end = .

.bss            0xa0000270     0x134c
 *(.dynbss)
 *(COMMON)
 COMMON         0xa0000270        0xa Obj-C32-PIC32_GP_SK_MRF24WB\StackTsk.o
                0xa0000270                remoteNode
 *fill*         0xa000027a        0x2 00
 COMMON         0xa000027c       0xe0 Obj-C32-PIC32_GP_SK_MRF24WB\UDP.o
                0xa000027c                UDPSocketInfo
 COMMON         0xa000035c      0x104 Obj-C32-PIC32_GP_SK_MRF24WB\MainDemo.o
                0xa000035c                AppConfig
                0xa00003f8                g_WpsPassphrase
 COMMON         0xa0000460      0x259 Obj-C32-PIC32_GP_SK_MRF24WB\GenericTCPServer.o
                0xa0000460                tcptxbuffer
 *fill*         0xa00006b9        0x3 00
 COMMON         0xa00006bc      0xf00 Obj-C32-PIC32_GP_SK_MRF24WB\rovercode.o
                0xa00006bc                comsdata
                0xa0000abc                RX1
                0xa0000bbc                sounds
                0xa00013bc                RX2
                0xa00014bc                nextcommand
                0xa00015bc                . = ALIGN (0x4)
                0xa00015bc                . = ALIGN (0x4)
                0xa00015bc                _end = .
                0xa00015bc                _bss_end = .
                0x00008000                _bmxdudba_address = 0x8000
                0x00008000                _bmxdupba_address = 0x8000

/DISCARD/
 *(.pdr)
 *(.reginfo)
 *(.rel.dyn)
 *(.note.GNU-stack)
 *(.note.GNU-stack)
 *(.gnu_debuglink)
 *(.gnu.lto_*)
 *(.discard)

.stab
 *(.stab)

.stabstr
 *(.stabstr)

.stab.excl
 *(.stab.excl)

.stab.exclstr
 *(.stab.exclstr)

.stab.index
 *(.stab.index)

.stab.indexstr
 *(.stab.indexstr)

.comment        0x00000000      0x1ef
 *(.comment)
 .comment       0x00000000       0x51 Obj-C32-PIC32_GP_SK_MRF24WB\Announce.o
                                 0x52 (size before relaxing)
 .comment       0x00000000       0x52 Obj-C32-PIC32_GP_SK_MRF24WB\ARCFOUR.o
 .comment       0x00000000       0x52 Obj-C32-PIC32_GP_SK_MRF24WB\ARP.o
 .comment       0x00000000       0x52 Obj-C32-PIC32_GP_SK_MRF24WB\AutoIP.o
 .comment       0x00000000       0x52 Obj-C32-PIC32_GP_SK_MRF24WB\BerkeleyAPI.o
 .comment       0x00000000       0x52 Obj-C32-PIC32_GP_SK_MRF24WB\BigInt.o
 .comment       0x00000000       0x52 Obj-C32-PIC32_GP_SK_MRF24WB\Delay.o
 .comment       0x00000000       0x52 Obj-C32-PIC32_GP_SK_MRF24WB\DHCP.o
 .comment       0x00000000       0x52 Obj-C32-PIC32_GP_SK_MRF24WB\DHCPs.o
 .comment       0x00000000       0x52 Obj-C32-PIC32_GP_SK_MRF24WB\DNS.o
 .comment       0x00000000       0x52 Obj-C32-PIC32_GP_SK_MRF24WB\DNSs.o
 .comment       0x00000000       0x52 Obj-C32-PIC32_GP_SK_MRF24WB\DynDNS.o
 .comment       0x00000000       0x52 Obj-C32-PIC32_GP_SK_MRF24WB\ENC28J60.o
 .comment       0x00000000       0x52 Obj-C32-PIC32_GP_SK_MRF24WB\ENCX24J600.o
 .comment       0x00000000       0x52 Obj-C32-PIC32_GP_SK_MRF24WB\FileSystem.o
 .comment       0x00000000       0x52 Obj-C32-PIC32_GP_SK_MRF24WB\FTP.o
 .comment       0x00000000       0x52 Obj-C32-PIC32_GP_SK_MRF24WB\Hashes.o
 .comment       0x00000000       0x52 Obj-C32-PIC32_GP_SK_MRF24WB\Helpers.o
 .comment       0x00000000       0x52 Obj-C32-PIC32_GP_SK_MRF24WB\ICMP.o
 .comment       0x00000000       0x52 Obj-C32-PIC32_GP_SK_MRF24WB\IP.o
 .comment       0x00000000       0x52 Obj-C32-PIC32_GP_SK_MRF24WB\LCDBlocking.o
 .comment       0x00000000       0x52 Obj-C32-PIC32_GP_SK_MRF24WB\MPFS2.o
 .comment       0x00000000       0x52 Obj-C32-PIC32_GP_SK_MRF24WB\NBNS.o
 .comment       0x00000000       0x52 Obj-C32-PIC32_GP_SK_MRF24WB\Reboot.o
 .comment       0x00000000       0x52 Obj-C32-PIC32_GP_SK_MRF24WB\RSA.o
 .comment       0x00000000       0x52 Obj-C32-PIC32_GP_SK_MRF24WB\SMTP.o
 .comment       0x00000000       0x52 Obj-C32-PIC32_GP_SK_MRF24WB\SNMP.o
 .comment       0x00000000       0x52 Obj-C32-PIC32_GP_SK_MRF24WB\SNMPv3.o
 .comment       0x00000000       0x52 Obj-C32-PIC32_GP_SK_MRF24WB\SNMPv3USM.o
 .comment       0x00000000       0x52 Obj-C32-PIC32_GP_SK_MRF24WB\SNTP.o
 .comment       0x00000000       0x52 Obj-C32-PIC32_GP_SK_MRF24WB\SPIEEPROM.o
 .comment       0x00000000       0x52 Obj-C32-PIC32_GP_SK_MRF24WB\SPIFlash.o
 .comment       0x00000000       0x52 Obj-C32-PIC32_GP_SK_MRF24WB\SPIRAM.o
 .comment       0x00000000       0x52 Obj-C32-PIC32_GP_SK_MRF24WB\SSL.o
 .comment       0x00000000       0x52 Obj-C32-PIC32_GP_SK_MRF24WB\StackTsk.o
 .comment       0x00000000       0x52 Obj-C32-PIC32_GP_SK_MRF24WB\TCP.o
 .comment       0x00000000       0x52 Obj-C32-PIC32_GP_SK_MRF24WB\TFTPc.o
 .comment       0x00000000       0x52 Obj-C32-PIC32_GP_SK_MRF24WB\Tick.o
 .comment       0x00000000       0x52 Obj-C32-PIC32_GP_SK_MRF24WB\UART.o
 .comment       0x00000000       0x52 Obj-C32-PIC32_GP_SK_MRF24WB\UDP.o
 .comment       0x00000000       0x52 Obj-C32-PIC32_GP_SK_MRF24WB\ZeroconfHelper.o
 .comment       0x00000000       0x52 Obj-C32-PIC32_GP_SK_MRF24WB\ZeroconfLinkLocal.o
 .comment       0x00000000       0x52 Obj-C32-PIC32_GP_SK_MRF24WB\ZeroconfMulticastDNS.o
 .comment       0x00000000       0x52 Obj-C32-PIC32_GP_SK_MRF24WB\WF_Eint.o
 .comment       0x00000000       0x52 Obj-C32-PIC32_GP_SK_MRF24WB\WF_Spi.o
 .comment       0x00000000       0x52 Obj-C32-PIC32_GP_SK_MRF24WB\WFConnectionAlgorithm.o
 .comment       0x00000000       0x52 Obj-C32-PIC32_GP_SK_MRF24WB\WFConnectionManager.o
 .comment       0x00000000       0x52 Obj-C32-PIC32_GP_SK_MRF24WB\WFConnectionProfile.o
 .comment       0x00000000       0x52 Obj-C32-PIC32_GP_SK_MRF24WB\WFConsole.o
 .comment       0x00000000       0x52 Obj-C32-PIC32_GP_SK_MRF24WB\WFConsoleIfconfig.o
 .comment       0x00000000       0x52 Obj-C32-PIC32_GP_SK_MRF24WB\WFConsoleIwconfig.o
 .comment       0x00000000       0x52 Obj-C32-PIC32_GP_SK_MRF24WB\WFConsoleIwpriv.o
 .comment       0x00000000       0x52 Obj-C32-PIC32_GP_SK_MRF24WB\WFConsoleMsgHandler.o
 .comment       0x00000000       0x52 Obj-C32-PIC32_GP_SK_MRF24WB\WFConsoleMsgs.o
 .comment       0x00000000       0x52 Obj-C32-PIC32_GP_SK_MRF24WB\WFDataTxRx.o
 .comment       0x00000000       0x52 Obj-C32-PIC32_GP_SK_MRF24WB\WFEasyConfig.o
 .comment       0x00000000       0x52 Obj-C32-PIC32_GP_SK_MRF24WB\WFEventHandler.o
 .comment       0x00000000       0x52 Obj-C32-PIC32_GP_SK_MRF24WB\WFInit.o
 .comment       0x00000000       0x52 Obj-C32-PIC32_GP_SK_MRF24WB\WFPowerSave.o
 .comment       0x00000000       0x52 Obj-C32-PIC32_GP_SK_MRF24WB\WFScan.o
 .comment       0x00000000       0x52 Obj-C32-PIC32_GP_SK_MRF24WB\WFTxPower.o
 .comment       0x00000000       0x52 Obj-C32-PIC32_GP_SK_MRF24WB\CustomSSLCert.o
 .comment       0x00000000       0x52 Obj-C32-PIC32_GP_SK_MRF24WB\MainDemo.o
 .comment       0x00000000       0x52 Obj-C32-PIC32_GP_SK_MRF24WB\GenericTCPServer.o
 .comment       0x00000000       0x52 Obj-C32-PIC32_GP_SK_MRF24WB\MPFSImg2.o
 .comment       0x00000000       0x52 Obj-C32-PIC32_GP_SK_MRF24WB\WF_Config.o
 .comment       0x00000000       0x52 Obj-C32-PIC32_GP_SK_MRF24WB\I2C.o
 .comment       0x00000000       0x52 Obj-C32-PIC32_GP_SK_MRF24WB\rovercode.o
 .comment       0x00000000       0x52 Obj-C32-PIC32_GP_SK_MRF24WB\WFDriverRaw_24G.o
 .comment       0x00000000       0x52 Obj-C32-PIC32_GP_SK_MRF24WB\WFMac_24G.o
 .comment       0x00000000       0x52 Obj-C32-PIC32_GP_SK_MRF24WB\WFMgmtMsg_24G.o
 .comment       0x00000000       0x52 Obj-C32-PIC32_GP_SK_MRF24WB\WFParamMsg_24G.o
 .comment       0x00000000       0x52 Obj-C32-PIC32_GP_SK_MRF24WB\WFDriverCom_24G.o
 .comment       0x00000000       0x52 Obj-C32-PIC32_GP_SK_MRF24WB\WFDebugStrings.o
 .comment       0x00000000       0x52 Obj-C32-PIC32_GP_SK_MRF24WB\WF_pbkdf2.o
 .comment       0x00000000       0x52 Obj-C32-PIC32_GP_SK_MRF24WB\MARSGPS.o
 .comment       0x00000000       0x52 c:/program files (x86)/microchip/mplabc32/v2.02/bin/../lib/gcc/pic32mx/4.5.1/size\libgcc.a(_udivdi3.o)
 .comment       0x00000051       0x55 c:/program files (x86)/microchip/mplabc32/v2.02/bin/../lib/gcc/pic32mx/4.5.1/../../../../pic32mx/lib/size\libc.a(memcmp.o)
                                 0x56 (size before relaxing)
 .comment       0x000000a6       0x55 c:/program files (x86)/microchip/mplabc32/v2.02/bin/../lib/gcc/pic32mx/4.5.1/../../../../pic32mx/lib/size\libc.a(memset.o)
                                 0x56 (size before relaxing)
 .comment       0x000000fb       0x55 c:/program files (x86)/microchip/mplabc32/v2.02/bin/../lib/gcc/pic32mx/4.5.1/../../../../pic32mx/lib/size\libc.a(strlen.o)
                                 0x56 (size before relaxing)
 .comment       0x00000150       0x4e c:/program files (x86)/microchip/mplabc32/v2.02/bin/../lib/gcc/pic32mx/4.5.1/../../../../pic32mx/lib/size\libc.a(ctype.o)
                                 0xa0 (size before relaxing)
 .comment       0x00000000       0x52 c:/program files (x86)/microchip/mplabc32/v2.02/bin/../lib/gcc/pic32mx/4.5.1/../../../../pic32mx/lib/size\libc.a(strncpy.o)
 .comment       0x00000000       0x52 c:/program files (x86)/microchip/mplabc32/v2.02/bin/../lib/gcc/pic32mx/4.5.1/../../../../pic32mx/lib/size\libc.a(default-bootstrap-exception-handler.o)
 .comment       0x00000000       0x52 c:/program files (x86)/microchip/mplabc32/v2.02/bin/../lib/gcc/pic32mx/4.5.1/../../../../pic32mx/lib/size\libc.a(default-on-reset.o)
 .comment       0x00000000       0x52 c:/program files (x86)/microchip/mplabc32/v2.02/bin/../lib/gcc/pic32mx/4.5.1/../../../../pic32mx/lib/size\libc.a(default-on-bootstrap.o)
 .comment       0x0000019e       0x51 c:/program files (x86)/microchip/mplabc32/v2.02/bin/../lib/gcc/pic32mx/4.5.1/../../../../pic32mx/lib/size\libmchp_peripheral_32MX340F256H.a(pcache.o)
                                 0x52 (size before relaxing)
 .comment       0x00000000       0x52 c:/program files (x86)/microchip/mplabc32/v2.02/bin/../lib/gcc/pic32mx/4.5.1/../../../../pic32mx/lib/size\libmchp_peripheral_32MX340F256H.a(int_disable_interrupts_lib.o)
 .comment       0x00000000       0x52 c:/program files (x86)/microchip/mplabc32/v2.02/bin/../lib/gcc/pic32mx/4.5.1/../../../../pic32mx/lib/size\libmchp_peripheral_32MX340F256H.a(int_restore_interrupts_lib.o)
 .comment       0x00000000       0x52 c:/program files (x86)/microchip/mplabc32/v2.02/bin/../lib/gcc/pic32mx/4.5.1/../../../../pic32mx/lib/size\libmchp_peripheral_32MX340F256H.a(int_enable_mv_int_lib.o)
 .comment       0x00000000       0x52 c:/program files (x86)/microchip/mplabc32/v2.02/bin/../lib/gcc/pic32mx/4.5.1/../../../../pic32mx/lib/size\libmchp_peripheral_32MX340F256H.a(I2CEnable.o)
 .comment       0x00000000       0x52 c:/program files (x86)/microchip/mplabc32/v2.02/bin/../lib/gcc/pic32mx/4.5.1/../../../../pic32mx/lib/size\libmchp_peripheral_32MX340F256H.a(I2CSetFrequency.o)
 .comment       0x00000000       0x52 c:/program files (x86)/microchip/mplabc32/v2.02/bin/../lib/gcc/pic32mx/4.5.1/../../../../pic32mx/lib/size\libmchp_peripheral_32MX340F256H.a(int_enable_interrupts_lib.o)
 .comment       0x00000000       0x52 c:/program files (x86)/microchip/mplabc32/v2.02/bin/../lib/gcc/pic32mx/4.5.1/../../../../pic32mx/lib/size\libmchp_peripheral_32MX340F256H.a(I2CPrivate.o)

.debug
 *(.debug)

.line
 *(.line)

.debug_srcinfo
 *(.debug_srcinfo)

.debug_sfnames
 *(.debug_sfnames)

.debug_aranges  0x00000000      0x668
 *(.debug_aranges)
 .debug_aranges
                0x00000000       0x20 Obj-C32-PIC32_GP_SK_MRF24WB\Announce.o
 .debug_aranges
                0x00000020       0x20 Obj-C32-PIC32_GP_SK_MRF24WB\ARP.o
 .debug_aranges
                0x00000040       0x20 Obj-C32-PIC32_GP_SK_MRF24WB\AutoIP.o
 .debug_aranges
                0x00000060       0x20 Obj-C32-PIC32_GP_SK_MRF24WB\Delay.o
 .debug_aranges
                0x00000080       0x20 Obj-C32-PIC32_GP_SK_MRF24WB\DHCP.o
 .debug_aranges
                0x000000a0       0x20 Obj-C32-PIC32_GP_SK_MRF24WB\DNS.o
 .debug_aranges
                0x000000c0       0x20 Obj-C32-PIC32_GP_SK_MRF24WB\Helpers.o
 .debug_aranges
                0x000000e0       0x20 Obj-C32-PIC32_GP_SK_MRF24WB\ICMP.o
 .debug_aranges
                0x00000100       0x20 Obj-C32-PIC32_GP_SK_MRF24WB\IP.o
 .debug_aranges
                0x00000120       0x20 Obj-C32-PIC32_GP_SK_MRF24WB\SNTP.o
 .debug_aranges
                0x00000140       0x20 Obj-C32-PIC32_GP_SK_MRF24WB\StackTsk.o
 .debug_aranges
                0x00000160       0x20 Obj-C32-PIC32_GP_SK_MRF24WB\TCP.o
 .debug_aranges
                0x00000180       0x20 Obj-C32-PIC32_GP_SK_MRF24WB\Tick.o
 .debug_aranges
                0x000001a0       0x20 Obj-C32-PIC32_GP_SK_MRF24WB\UDP.o
 .debug_aranges
                0x000001c0       0x20 Obj-C32-PIC32_GP_SK_MRF24WB\WF_Eint.o
 .debug_aranges
                0x000001e0       0x20 Obj-C32-PIC32_GP_SK_MRF24WB\WF_Spi.o
 .debug_aranges
                0x00000200       0x20 Obj-C32-PIC32_GP_SK_MRF24WB\WFConnectionAlgorithm.o
 .debug_aranges
                0x00000220       0x20 Obj-C32-PIC32_GP_SK_MRF24WB\WFConnectionManager.o
 .debug_aranges
                0x00000240       0x20 Obj-C32-PIC32_GP_SK_MRF24WB\WFConnectionProfile.o
 .debug_aranges
                0x00000260       0x20 Obj-C32-PIC32_GP_SK_MRF24WB\WFConsoleMsgHandler.o
 .debug_aranges
                0x00000280       0x20 Obj-C32-PIC32_GP_SK_MRF24WB\WFConsoleMsgs.o
 .debug_aranges
                0x000002a0       0x20 Obj-C32-PIC32_GP_SK_MRF24WB\WFEventHandler.o
 .debug_aranges
                0x000002c0       0x20 Obj-C32-PIC32_GP_SK_MRF24WB\WFInit.o
 .debug_aranges
                0x000002e0       0x20 Obj-C32-PIC32_GP_SK_MRF24WB\WFPowerSave.o
 .debug_aranges
                0x00000300       0x20 Obj-C32-PIC32_GP_SK_MRF24WB\WFScan.o
 .debug_aranges
                0x00000320       0x20 Obj-C32-PIC32_GP_SK_MRF24WB\WFTxPower.o
 .debug_aranges
                0x00000340       0x20 Obj-C32-PIC32_GP_SK_MRF24WB\MainDemo.o
 .debug_aranges
                0x00000360       0x20 Obj-C32-PIC32_GP_SK_MRF24WB\GenericTCPServer.o
 .debug_aranges
                0x00000380       0x20 Obj-C32-PIC32_GP_SK_MRF24WB\WF_Config.o
 .debug_aranges
                0x000003a0       0x20 Obj-C32-PIC32_GP_SK_MRF24WB\I2C.o
 .debug_aranges
                0x000003c0       0x20 Obj-C32-PIC32_GP_SK_MRF24WB\rovercode.o
 .debug_aranges
                0x000003e0       0x20 Obj-C32-PIC32_GP_SK_MRF24WB\WFDriverRaw_24G.o
 .debug_aranges
                0x00000400       0x20 Obj-C32-PIC32_GP_SK_MRF24WB\WFMac_24G.o
 .debug_aranges
                0x00000420       0x20 Obj-C32-PIC32_GP_SK_MRF24WB\WFMgmtMsg_24G.o
 .debug_aranges
                0x00000440       0x20 Obj-C32-PIC32_GP_SK_MRF24WB\WFParamMsg_24G.o
 .debug_aranges
                0x00000460       0x20 Obj-C32-PIC32_GP_SK_MRF24WB\WFDriverCom_24G.o
 .debug_aranges
                0x00000480       0x20 Obj-C32-PIC32_GP_SK_MRF24WB\WFDebugStrings.o
 .debug_aranges
                0x000004a0       0x20 Obj-C32-PIC32_GP_SK_MRF24WB\WF_pbkdf2.o
 .debug_aranges
                0x000004c0       0x20 Obj-C32-PIC32_GP_SK_MRF24WB\MARSGPS.o
 .debug_aranges
                0x000004e0       0x20 c:/program files (x86)/microchip/mplabc32/v2.02/bin/../lib/gcc/pic32mx/4.5.1/size\libgcc.a(_udivdi3.o)
 .debug_aranges
                0x00000500       0x20 c:/program files (x86)/microchip/mplabc32/v2.02/bin/../lib/gcc/pic32mx/4.5.1/../../../../pic32mx/lib/size\libc.a(strncpy.o)
 .debug_aranges
                0x00000520       0x20 c:/program files (x86)/microchip/mplabc32/v2.02/bin/../lib/gcc/pic32mx/4.5.1/../../../../pic32mx/lib/size\libc.a(default-bootstrap-exception-handler.o)
 .debug_aranges
                0x00000540       0x20 c:/program files (x86)/microchip/mplabc32/v2.02/bin/../lib/gcc/pic32mx/4.5.1/../../../../pic32mx/lib/size\libc.a(default-on-reset.o)
 .debug_aranges
                0x00000560       0x20 c:/program files (x86)/microchip/mplabc32/v2.02/bin/../lib/gcc/pic32mx/4.5.1/../../../../pic32mx/lib/size\libc.a(default-on-bootstrap.o)
 .debug_aranges
                0x00000580       0x28 c:/program files (x86)/microchip/mplabc32/v2.02/bin/../lib/gcc/pic32mx/4.5.1/../../../../pic32mx/lib/size\libmchp_peripheral_32MX340F256H.a(pcache.o)
 .debug_aranges
                0x000005a8       0x20 c:/program files (x86)/microchip/mplabc32/v2.02/bin/../lib/gcc/pic32mx/4.5.1/../../../../pic32mx/lib/size\libmchp_peripheral_32MX340F256H.a(int_disable_interrupts_lib.o)
 .debug_aranges
                0x000005c8       0x20 c:/program files (x86)/microchip/mplabc32/v2.02/bin/../lib/gcc/pic32mx/4.5.1/../../../../pic32mx/lib/size\libmchp_peripheral_32MX340F256H.a(int_restore_interrupts_lib.o)
 .debug_aranges
                0x000005e8       0x20 c:/program files (x86)/microchip/mplabc32/v2.02/bin/../lib/gcc/pic32mx/4.5.1/../../../../pic32mx/lib/size\libmchp_peripheral_32MX340F256H.a(int_enable_mv_int_lib.o)
 .debug_aranges
                0x00000608       0x20 c:/program files (x86)/microchip/mplabc32/v2.02/bin/../lib/gcc/pic32mx/4.5.1/../../../../pic32mx/lib/size\libmchp_peripheral_32MX340F256H.a(I2CEnable.o)
 .debug_aranges
                0x00000628       0x20 c:/program files (x86)/microchip/mplabc32/v2.02/bin/../lib/gcc/pic32mx/4.5.1/../../../../pic32mx/lib/size\libmchp_peripheral_32MX340F256H.a(I2CSetFrequency.o)
 .debug_aranges
                0x00000648       0x20 c:/program files (x86)/microchip/mplabc32/v2.02/bin/../lib/gcc/pic32mx/4.5.1/../../../../pic32mx/lib/size\libmchp_peripheral_32MX340F256H.a(int_enable_interrupts_lib.o)

.debug_pubnames
                0x00000000     0x269d
 *(.debug_pubnames)
 .debug_pubnames
                0x00000000       0x33 Obj-C32-PIC32_GP_SK_MRF24WB\Announce.o
 .debug_pubnames
                0x00000033       0x6f Obj-C32-PIC32_GP_SK_MRF24WB\ARP.o
 .debug_pubnames
                0x000000a2       0xd2 Obj-C32-PIC32_GP_SK_MRF24WB\AutoIP.o
 .debug_pubnames
                0x00000174       0x2c Obj-C32-PIC32_GP_SK_MRF24WB\Delay.o
 .debug_pubnames
                0x000001a0       0xcc Obj-C32-PIC32_GP_SK_MRF24WB\DHCP.o
 .debug_pubnames
                0x0000026c       0x55 Obj-C32-PIC32_GP_SK_MRF24WB\DNS.o
 .debug_pubnames
                0x000002c1      0x10a Obj-C32-PIC32_GP_SK_MRF24WB\Helpers.o
 .debug_pubnames
                0x000003cb       0x22 Obj-C32-PIC32_GP_SK_MRF24WB\ICMP.o
 .debug_pubnames
                0x000003ed       0x44 Obj-C32-PIC32_GP_SK_MRF24WB\IP.o
 .debug_pubnames
                0x00000431       0x37 Obj-C32-PIC32_GP_SK_MRF24WB\SNTP.o
 .debug_pubnames
                0x00000468       0x86 Obj-C32-PIC32_GP_SK_MRF24WB\StackTsk.o
 .debug_pubnames
                0x000004ee      0x1ba Obj-C32-PIC32_GP_SK_MRF24WB\TCP.o
 .debug_pubnames
                0x000006a8       0x7e Obj-C32-PIC32_GP_SK_MRF24WB\Tick.o
 .debug_pubnames
                0x00000726      0x155 Obj-C32-PIC32_GP_SK_MRF24WB\UDP.o
 .debug_pubnames
                0x0000087b       0x83 Obj-C32-PIC32_GP_SK_MRF24WB\WF_Eint.o
 .debug_pubnames
                0x000008fe       0x66 Obj-C32-PIC32_GP_SK_MRF24WB\WF_Spi.o
 .debug_pubnames
                0x00000964      0x3d9 Obj-C32-PIC32_GP_SK_MRF24WB\WFConnectionAlgorithm.o
 .debug_pubnames
                0x00000d3d       0xd6 Obj-C32-PIC32_GP_SK_MRF24WB\WFConnectionManager.o
 .debug_pubnames
                0x00000e13      0x204 Obj-C32-PIC32_GP_SK_MRF24WB\WFConnectionProfile.o
 .debug_pubnames
                0x00001017       0x2f Obj-C32-PIC32_GP_SK_MRF24WB\WFConsoleMsgHandler.o
 .debug_pubnames
                0x00001046      0x155 Obj-C32-PIC32_GP_SK_MRF24WB\WFConsoleMsgs.o
 .debug_pubnames
                0x0000119b       0x2f Obj-C32-PIC32_GP_SK_MRF24WB\WFEventHandler.o
 .debug_pubnames
                0x000011ca       0x1e Obj-C32-PIC32_GP_SK_MRF24WB\WFInit.o
 .debug_pubnames
                0x000011e8      0x153 Obj-C32-PIC32_GP_SK_MRF24WB\WFPowerSave.o
 .debug_pubnames
                0x0000133b       0x33 Obj-C32-PIC32_GP_SK_MRF24WB\WFScan.o
 .debug_pubnames
                0x0000136e       0x58 Obj-C32-PIC32_GP_SK_MRF24WB\WFTxPower.o
 .debug_pubnames
                0x000013c6       0xa4 Obj-C32-PIC32_GP_SK_MRF24WB\MainDemo.o
 .debug_pubnames
                0x0000146a       0x5c Obj-C32-PIC32_GP_SK_MRF24WB\GenericTCPServer.o
 .debug_pubnames
                0x000014c6       0x26 Obj-C32-PIC32_GP_SK_MRF24WB\WF_Config.o
 .debug_pubnames
                0x000014ec       0x4d Obj-C32-PIC32_GP_SK_MRF24WB\I2C.o
 .debug_pubnames
                0x00001539      0x5ab Obj-C32-PIC32_GP_SK_MRF24WB\rovercode.o
 .debug_pubnames
                0x00001ae4      0x1ef Obj-C32-PIC32_GP_SK_MRF24WB\WFDriverRaw_24G.o
 .debug_pubnames
                0x00001cd3      0x22c Obj-C32-PIC32_GP_SK_MRF24WB\WFMac_24G.o
 .debug_pubnames
                0x00001eff       0xb0 Obj-C32-PIC32_GP_SK_MRF24WB\WFMgmtMsg_24G.o
 .debug_pubnames
                0x00001faf      0x245 Obj-C32-PIC32_GP_SK_MRF24WB\WFParamMsg_24G.o
 .debug_pubnames
                0x000021f4      0x1ab Obj-C32-PIC32_GP_SK_MRF24WB\WFDriverCom_24G.o
 .debug_pubnames
                0x0000239f       0x48 Obj-C32-PIC32_GP_SK_MRF24WB\WFDebugStrings.o
 .debug_pubnames
                0x000023e7       0x84 Obj-C32-PIC32_GP_SK_MRF24WB\WF_pbkdf2.o
 .debug_pubnames
                0x0000246b       0x46 Obj-C32-PIC32_GP_SK_MRF24WB\MARSGPS.o
 .debug_pubnames
                0x000024b1       0x20 c:/program files (x86)/microchip/mplabc32/v2.02/bin/../lib/gcc/pic32mx/4.5.1/size\libgcc.a(_udivdi3.o)
 .debug_pubnames
                0x000024d1       0x1e c:/program files (x86)/microchip/mplabc32/v2.02/bin/../lib/gcc/pic32mx/4.5.1/../../../../pic32mx/lib/size\libc.a(strncpy.o)
 .debug_pubnames
                0x000024ef       0x33 c:/program files (x86)/microchip/mplabc32/v2.02/bin/../lib/gcc/pic32mx/4.5.1/../../../../pic32mx/lib/size\libc.a(default-bootstrap-exception-handler.o)
 .debug_pubnames
                0x00002522       0x20 c:/program files (x86)/microchip/mplabc32/v2.02/bin/../lib/gcc/pic32mx/4.5.1/../../../../pic32mx/lib/size\libc.a(default-on-reset.o)
 .debug_pubnames
                0x00002542       0x24 c:/program files (x86)/microchip/mplabc32/v2.02/bin/../lib/gcc/pic32mx/4.5.1/../../../../pic32mx/lib/size\libc.a(default-on-bootstrap.o)
 .debug_pubnames
                0x00002566       0x3b c:/program files (x86)/microchip/mplabc32/v2.02/bin/../lib/gcc/pic32mx/4.5.1/../../../../pic32mx/lib/size\libmchp_peripheral_32MX340F256H.a(pcache.o)
 .debug_pubnames
                0x000025a1       0x2b c:/program files (x86)/microchip/mplabc32/v2.02/bin/../lib/gcc/pic32mx/4.5.1/../../../../pic32mx/lib/size\libmchp_peripheral_32MX340F256H.a(int_disable_interrupts_lib.o)
 .debug_pubnames
                0x000025cc       0x2b c:/program files (x86)/microchip/mplabc32/v2.02/bin/../lib/gcc/pic32mx/4.5.1/../../../../pic32mx/lib/size\libmchp_peripheral_32MX340F256H.a(int_restore_interrupts_lib.o)
 .debug_pubnames
                0x000025f7       0x36 c:/program files (x86)/microchip/mplabc32/v2.02/bin/../lib/gcc/pic32mx/4.5.1/../../../../pic32mx/lib/size\libmchp_peripheral_32MX340F256H.a(int_enable_mv_int_lib.o)
 .debug_pubnames
                0x0000262d       0x20 c:/program files (x86)/microchip/mplabc32/v2.02/bin/../lib/gcc/pic32mx/4.5.1/../../../../pic32mx/lib/size\libmchp_peripheral_32MX340F256H.a(I2CEnable.o)
 .debug_pubnames
                0x0000264d       0x26 c:/program files (x86)/microchip/mplabc32/v2.02/bin/../lib/gcc/pic32mx/4.5.1/../../../../pic32mx/lib/size\libmchp_peripheral_32MX340F256H.a(I2CSetFrequency.o)
 .debug_pubnames
                0x00002673       0x2a c:/program files (x86)/microchip/mplabc32/v2.02/bin/../lib/gcc/pic32mx/4.5.1/../../../../pic32mx/lib/size\libmchp_peripheral_32MX340F256H.a(int_enable_interrupts_lib.o)

.debug_info     0x00000000    0x6873c
 *(.debug_info .gnu.linkonce.wi.*)
 .debug_info    0x00000000     0x1b49 Obj-C32-PIC32_GP_SK_MRF24WB\Announce.o
 .debug_info    0x00001b49      0xf64 Obj-C32-PIC32_GP_SK_MRF24WB\ARCFOUR.o
 .debug_info    0x00002aad     0x1a6d Obj-C32-PIC32_GP_SK_MRF24WB\ARP.o
 .debug_info    0x0000451a     0x1d3e Obj-C32-PIC32_GP_SK_MRF24WB\AutoIP.o
 .debug_info    0x00006258      0xf68 Obj-C32-PIC32_GP_SK_MRF24WB\BerkeleyAPI.o
 .debug_info    0x000071c0      0xf63 Obj-C32-PIC32_GP_SK_MRF24WB\BigInt.o
 .debug_info    0x00008123      0xff7 Obj-C32-PIC32_GP_SK_MRF24WB\Delay.o
 .debug_info    0x0000911a     0x2009 Obj-C32-PIC32_GP_SK_MRF24WB\DHCP.o
 .debug_info    0x0000b123      0xf62 Obj-C32-PIC32_GP_SK_MRF24WB\DHCPs.o
 .debug_info    0x0000c085     0x1c81 Obj-C32-PIC32_GP_SK_MRF24WB\DNS.o
 .debug_info    0x0000dd06      0xf61 Obj-C32-PIC32_GP_SK_MRF24WB\DNSs.o
 .debug_info    0x0000ec67      0xf63 Obj-C32-PIC32_GP_SK_MRF24WB\DynDNS.o
 .debug_info    0x0000fbca      0xf65 Obj-C32-PIC32_GP_SK_MRF24WB\ENC28J60.o
 .debug_info    0x00010b2f      0xf67 Obj-C32-PIC32_GP_SK_MRF24WB\ENCX24J600.o
 .debug_info    0x00011a96      0xf67 Obj-C32-PIC32_GP_SK_MRF24WB\FileSystem.o
 .debug_info    0x000129fd      0xf60 Obj-C32-PIC32_GP_SK_MRF24WB\FTP.o
 .debug_info    0x0001395d      0xf63 Obj-C32-PIC32_GP_SK_MRF24WB\Hashes.o
 .debug_info    0x000148c0     0x1ea9 Obj-C32-PIC32_GP_SK_MRF24WB\Helpers.o
 .debug_info    0x00016769     0x1557 Obj-C32-PIC32_GP_SK_MRF24WB\ICMP.o
 .debug_info    0x00017cc0     0x1a7c Obj-C32-PIC32_GP_SK_MRF24WB\IP.o
 .debug_info    0x0001973c      0xf68 Obj-C32-PIC32_GP_SK_MRF24WB\LCDBlocking.o
 .debug_info    0x0001a6a4      0xf62 Obj-C32-PIC32_GP_SK_MRF24WB\MPFS2.o
 .debug_info    0x0001b606      0xf61 Obj-C32-PIC32_GP_SK_MRF24WB\NBNS.o
 .debug_info    0x0001c567      0xf63 Obj-C32-PIC32_GP_SK_MRF24WB\Reboot.o
 .debug_info    0x0001d4ca      0xf60 Obj-C32-PIC32_GP_SK_MRF24WB\RSA.o
 .debug_info    0x0001e42a      0xf61 Obj-C32-PIC32_GP_SK_MRF24WB\SMTP.o
 .debug_info    0x0001f38b      0xf61 Obj-C32-PIC32_GP_SK_MRF24WB\SNMP.o
 .debug_info    0x000202ec      0xf63 Obj-C32-PIC32_GP_SK_MRF24WB\SNMPv3.o
 .debug_info    0x0002124f      0xf66 Obj-C32-PIC32_GP_SK_MRF24WB\SNMPv3USM.o
 .debug_info    0x000221b5     0x12e3 Obj-C32-PIC32_GP_SK_MRF24WB\SNTP.o
 .debug_info    0x00023498      0xf66 Obj-C32-PIC32_GP_SK_MRF24WB\SPIEEPROM.o
 .debug_info    0x000243fe      0xf65 Obj-C32-PIC32_GP_SK_MRF24WB\SPIFlash.o
 .debug_info    0x00025363      0xf63 Obj-C32-PIC32_GP_SK_MRF24WB\SPIRAM.o
 .debug_info    0x000262c6      0xf60 Obj-C32-PIC32_GP_SK_MRF24WB\SSL.o
 .debug_info    0x00027226     0x1943 Obj-C32-PIC32_GP_SK_MRF24WB\StackTsk.o
 .debug_info    0x00028b69     0x308c Obj-C32-PIC32_GP_SK_MRF24WB\TCP.o
 .debug_info    0x0002bbf5      0xf62 Obj-C32-PIC32_GP_SK_MRF24WB\TFTPc.o
 .debug_info    0x0002cb57     0x16f1 Obj-C32-PIC32_GP_SK_MRF24WB\Tick.o
 .debug_info    0x0002e248      0xf61 Obj-C32-PIC32_GP_SK_MRF24WB\UART.o
 .debug_info    0x0002f1a9     0x2092 Obj-C32-PIC32_GP_SK_MRF24WB\UDP.o
 .debug_info    0x0003123b      0xf6b Obj-C32-PIC32_GP_SK_MRF24WB\ZeroconfHelper.o
 .debug_info    0x000321a6      0xf6e Obj-C32-PIC32_GP_SK_MRF24WB\ZeroconfLinkLocal.o
 .debug_info    0x00033114      0xf71 Obj-C32-PIC32_GP_SK_MRF24WB\ZeroconfMulticastDNS.o
 .debug_info    0x00034085     0x198f Obj-C32-PIC32_GP_SK_MRF24WB\WF_Eint.o
 .debug_info    0x00035a14     0x184a Obj-C32-PIC32_GP_SK_MRF24WB\WF_Spi.o
 .debug_info    0x0003725e     0x24fd Obj-C32-PIC32_GP_SK_MRF24WB\WFConnectionAlgorithm.o
 .debug_info    0x0003975b     0x1ae4 Obj-C32-PIC32_GP_SK_MRF24WB\WFConnectionManager.o
 .debug_info    0x0003b23f     0x2296 Obj-C32-PIC32_GP_SK_MRF24WB\WFConnectionProfile.o
 .debug_info    0x0003d4d5      0xf6b Obj-C32-PIC32_GP_SK_MRF24WB\WFConsole.o
 .debug_info    0x0003e440      0xf73 Obj-C32-PIC32_GP_SK_MRF24WB\WFConsoleIfconfig.o
 .debug_info    0x0003f3b3      0xf73 Obj-C32-PIC32_GP_SK_MRF24WB\WFConsoleIwconfig.o
 .debug_info    0x00040326      0xf71 Obj-C32-PIC32_GP_SK_MRF24WB\WFConsoleIwpriv.o
 .debug_info    0x00041297     0x109f Obj-C32-PIC32_GP_SK_MRF24WB\WFConsoleMsgHandler.o
 .debug_info    0x00042336     0x1533 Obj-C32-PIC32_GP_SK_MRF24WB\WFConsoleMsgs.o
 .debug_info    0x00043869      0xf6c Obj-C32-PIC32_GP_SK_MRF24WB\WFDataTxRx.o
 .debug_info    0x000447d5      0xf6e Obj-C32-PIC32_GP_SK_MRF24WB\WFEasyConfig.o
 .debug_info    0x00045743     0x150a Obj-C32-PIC32_GP_SK_MRF24WB\WFEventHandler.o
 .debug_info    0x00046c4d     0x1a80 Obj-C32-PIC32_GP_SK_MRF24WB\WFInit.o
 .debug_info    0x000486cd     0x19b5 Obj-C32-PIC32_GP_SK_MRF24WB\WFPowerSave.o
 .debug_info    0x0004a082     0x15ad Obj-C32-PIC32_GP_SK_MRF24WB\WFScan.o
 .debug_info    0x0004b62f     0x1724 Obj-C32-PIC32_GP_SK_MRF24WB\WFTxPower.o
 .debug_info    0x0004cd53      0xf4e Obj-C32-PIC32_GP_SK_MRF24WB\CustomSSLCert.o
 .debug_info    0x0004dca1     0x1dda Obj-C32-PIC32_GP_SK_MRF24WB\MainDemo.o
 .debug_info    0x0004fa7b     0x111f Obj-C32-PIC32_GP_SK_MRF24WB\GenericTCPServer.o
 .debug_info    0x00050b9a      0xf49 Obj-C32-PIC32_GP_SK_MRF24WB\MPFSImg2.o
 .debug_info    0x00051ae3     0x137b Obj-C32-PIC32_GP_SK_MRF24WB\WF_Config.o
 .debug_info    0x00052e5e     0x172b Obj-C32-PIC32_GP_SK_MRF24WB\I2C.o
 .debug_info    0x00054589     0x5659 Obj-C32-PIC32_GP_SK_MRF24WB\rovercode.o
 .debug_info    0x00059be2     0x1b87 Obj-C32-PIC32_GP_SK_MRF24WB\WFDriverRaw_24G.o
 .debug_info    0x0005b769     0x2560 Obj-C32-PIC32_GP_SK_MRF24WB\WFMac_24G.o
 .debug_info    0x0005dcc9     0x1527 Obj-C32-PIC32_GP_SK_MRF24WB\WFMgmtMsg_24G.o
 .debug_info    0x0005f1f0     0x24a0 Obj-C32-PIC32_GP_SK_MRF24WB\WFParamMsg_24G.o
 .debug_info    0x00061690     0x266f Obj-C32-PIC32_GP_SK_MRF24WB\WFDriverCom_24G.o
 .debug_info    0x00063cff     0x100c Obj-C32-PIC32_GP_SK_MRF24WB\WFDebugStrings.o
 .debug_info    0x00064d0b     0x1968 Obj-C32-PIC32_GP_SK_MRF24WB\WF_pbkdf2.o
 .debug_info    0x00066673     0x102f Obj-C32-PIC32_GP_SK_MRF24WB\MARSGPS.o
 .debug_info    0x000676a2      0x78b c:/program files (x86)/microchip/mplabc32/v2.02/bin/../lib/gcc/pic32mx/4.5.1/size\libgcc.a(_udivdi3.o)
 .debug_info    0x00067e2d        0x0 c:/program files (x86)/microchip/mplabc32/v2.02/bin/../lib/gcc/pic32mx/4.5.1/../../../../pic32mx/lib/size\libc.a(ctype.o)
 .debug_info    0x00067e2d       0xd3 c:/program files (x86)/microchip/mplabc32/v2.02/bin/../lib/gcc/pic32mx/4.5.1/../../../../pic32mx/lib/size\libc.a(strncpy.o)
 .debug_info    0x00067f00      0x106 c:/program files (x86)/microchip/mplabc32/v2.02/bin/../lib/gcc/pic32mx/4.5.1/../../../../pic32mx/lib/size\libc.a(default-bootstrap-exception-handler.o)
 .debug_info    0x00068006       0xe0 c:/program files (x86)/microchip/mplabc32/v2.02/bin/../lib/gcc/pic32mx/4.5.1/../../../../pic32mx/lib/size\libc.a(default-on-reset.o)
 .debug_info    0x000680e6       0xe8 c:/program files (x86)/microchip/mplabc32/v2.02/bin/../lib/gcc/pic32mx/4.5.1/../../../../pic32mx/lib/size\libc.a(default-on-bootstrap.o)
 .debug_info    0x000681ce       0xd4 c:/program files (x86)/microchip/mplabc32/v2.02/bin/../lib/gcc/pic32mx/4.5.1/../../../../pic32mx/lib/size\libmchp_peripheral_32MX340F256H.a(pcache.o)
 .debug_info    0x000682a2       0xcb c:/program files (x86)/microchip/mplabc32/v2.02/bin/../lib/gcc/pic32mx/4.5.1/../../../../pic32mx/lib/size\libmchp_peripheral_32MX340F256H.a(int_disable_interrupts_lib.o)
 .debug_info    0x0006836d       0xcb c:/program files (x86)/microchip/mplabc32/v2.02/bin/../lib/gcc/pic32mx/4.5.1/../../../../pic32mx/lib/size\libmchp_peripheral_32MX340F256H.a(int_restore_interrupts_lib.o)
 .debug_info    0x00068438       0xd1 c:/program files (x86)/microchip/mplabc32/v2.02/bin/../lib/gcc/pic32mx/4.5.1/../../../../pic32mx/lib/size\libmchp_peripheral_32MX340F256H.a(int_enable_mv_int_lib.o)
 .debug_info    0x00068509       0xaf c:/program files (x86)/microchip/mplabc32/v2.02/bin/../lib/gcc/pic32mx/4.5.1/../../../../pic32mx/lib/size\libmchp_peripheral_32MX340F256H.a(I2CEnable.o)
 .debug_info    0x000685b8       0xbb c:/program files (x86)/microchip/mplabc32/v2.02/bin/../lib/gcc/pic32mx/4.5.1/../../../../pic32mx/lib/size\libmchp_peripheral_32MX340F256H.a(I2CSetFrequency.o)
 .debug_info    0x00068673       0xc9 c:/program files (x86)/microchip/mplabc32/v2.02/bin/../lib/gcc/pic32mx/4.5.1/../../../../pic32mx/lib/size\libmchp_peripheral_32MX340F256H.a(int_enable_interrupts_lib.o)
 .debug_info    0x0006873c        0x0 c:/program files (x86)/microchip/mplabc32/v2.02/bin/../lib/gcc/pic32mx/4.5.1/../../../../pic32mx/lib/size\libmchp_peripheral_32MX340F256H.a(I2CPrivate.o)

.debug_abbrev   0x00000000     0x8f23
 *(.debug_abbrev)
 .debug_abbrev  0x00000000      0x1ff Obj-C32-PIC32_GP_SK_MRF24WB\Announce.o
 .debug_abbrev  0x000001ff      0x166 Obj-C32-PIC32_GP_SK_MRF24WB\ARCFOUR.o
 .debug_abbrev  0x00000365      0x275 Obj-C32-PIC32_GP_SK_MRF24WB\ARP.o
 .debug_abbrev  0x000005da      0x26a Obj-C32-PIC32_GP_SK_MRF24WB\AutoIP.o
 .debug_abbrev  0x00000844      0x166 Obj-C32-PIC32_GP_SK_MRF24WB\BerkeleyAPI.o
 .debug_abbrev  0x000009aa      0x166 Obj-C32-PIC32_GP_SK_MRF24WB\BigInt.o
 .debug_abbrev  0x00000b10      0x19b Obj-C32-PIC32_GP_SK_MRF24WB\Delay.o
 .debug_abbrev  0x00000cab      0x2bd Obj-C32-PIC32_GP_SK_MRF24WB\DHCP.o
 .debug_abbrev  0x00000f68      0x166 Obj-C32-PIC32_GP_SK_MRF24WB\DHCPs.o
 .debug_abbrev  0x000010ce      0x271 Obj-C32-PIC32_GP_SK_MRF24WB\DNS.o
 .debug_abbrev  0x0000133f      0x166 Obj-C32-PIC32_GP_SK_MRF24WB\DNSs.o
 .debug_abbrev  0x000014a5      0x166 Obj-C32-PIC32_GP_SK_MRF24WB\DynDNS.o
 .debug_abbrev  0x0000160b      0x166 Obj-C32-PIC32_GP_SK_MRF24WB\ENC28J60.o
 .debug_abbrev  0x00001771      0x166 Obj-C32-PIC32_GP_SK_MRF24WB\ENCX24J600.o
 .debug_abbrev  0x000018d7      0x166 Obj-C32-PIC32_GP_SK_MRF24WB\FileSystem.o
 .debug_abbrev  0x00001a3d      0x166 Obj-C32-PIC32_GP_SK_MRF24WB\FTP.o
 .debug_abbrev  0x00001ba3      0x166 Obj-C32-PIC32_GP_SK_MRF24WB\Hashes.o
 .debug_abbrev  0x00001d09      0x24c Obj-C32-PIC32_GP_SK_MRF24WB\Helpers.o
 .debug_abbrev  0x00001f55      0x1c0 Obj-C32-PIC32_GP_SK_MRF24WB\ICMP.o
 .debug_abbrev  0x00002115      0x242 Obj-C32-PIC32_GP_SK_MRF24WB\IP.o
 .debug_abbrev  0x00002357      0x166 Obj-C32-PIC32_GP_SK_MRF24WB\LCDBlocking.o
 .debug_abbrev  0x000024bd      0x166 Obj-C32-PIC32_GP_SK_MRF24WB\MPFS2.o
 .debug_abbrev  0x00002623      0x166 Obj-C32-PIC32_GP_SK_MRF24WB\NBNS.o
 .debug_abbrev  0x00002789      0x166 Obj-C32-PIC32_GP_SK_MRF24WB\Reboot.o
 .debug_abbrev  0x000028ef      0x166 Obj-C32-PIC32_GP_SK_MRF24WB\RSA.o
 .debug_abbrev  0x00002a55      0x166 Obj-C32-PIC32_GP_SK_MRF24WB\SMTP.o
 .debug_abbrev  0x00002bbb      0x166 Obj-C32-PIC32_GP_SK_MRF24WB\SNMP.o
 .debug_abbrev  0x00002d21      0x166 Obj-C32-PIC32_GP_SK_MRF24WB\SNMPv3.o
 .debug_abbrev  0x00002e87      0x166 Obj-C32-PIC32_GP_SK_MRF24WB\SNMPv3USM.o
 .debug_abbrev  0x00002fed      0x1d9 Obj-C32-PIC32_GP_SK_MRF24WB\SNTP.o
 .debug_abbrev  0x000031c6      0x166 Obj-C32-PIC32_GP_SK_MRF24WB\SPIEEPROM.o
 .debug_abbrev  0x0000332c      0x166 Obj-C32-PIC32_GP_SK_MRF24WB\SPIFlash.o
 .debug_abbrev  0x00003492      0x166 Obj-C32-PIC32_GP_SK_MRF24WB\SPIRAM.o
 .debug_abbrev  0x000035f8      0x166 Obj-C32-PIC32_GP_SK_MRF24WB\SSL.o
 .debug_abbrev  0x0000375e      0x20b Obj-C32-PIC32_GP_SK_MRF24WB\StackTsk.o
 .debug_abbrev  0x00003969      0x2d2 Obj-C32-PIC32_GP_SK_MRF24WB\TCP.o
 .debug_abbrev  0x00003c3b      0x166 Obj-C32-PIC32_GP_SK_MRF24WB\TFTPc.o
 .debug_abbrev  0x00003da1      0x214 Obj-C32-PIC32_GP_SK_MRF24WB\Tick.o
 .debug_abbrev  0x00003fb5      0x166 Obj-C32-PIC32_GP_SK_MRF24WB\UART.o
 .debug_abbrev  0x0000411b      0x2d9 Obj-C32-PIC32_GP_SK_MRF24WB\UDP.o
 .debug_abbrev  0x000043f4      0x166 Obj-C32-PIC32_GP_SK_MRF24WB\ZeroconfHelper.o
 .debug_abbrev  0x0000455a      0x166 Obj-C32-PIC32_GP_SK_MRF24WB\ZeroconfLinkLocal.o
 .debug_abbrev  0x000046c0      0x166 Obj-C32-PIC32_GP_SK_MRF24WB\ZeroconfMulticastDNS.o
 .debug_abbrev  0x00004826      0x1aa Obj-C32-PIC32_GP_SK_MRF24WB\WF_Eint.o
 .debug_abbrev  0x000049d0      0x217 Obj-C32-PIC32_GP_SK_MRF24WB\WF_Spi.o
 .debug_abbrev  0x00004be7      0x2a6 Obj-C32-PIC32_GP_SK_MRF24WB\WFConnectionAlgorithm.o
 .debug_abbrev  0x00004e8d      0x290 Obj-C32-PIC32_GP_SK_MRF24WB\WFConnectionManager.o
 .debug_abbrev  0x0000511d      0x298 Obj-C32-PIC32_GP_SK_MRF24WB\WFConnectionProfile.o
 .debug_abbrev  0x000053b5      0x166 Obj-C32-PIC32_GP_SK_MRF24WB\WFConsole.o
 .debug_abbrev  0x0000551b      0x166 Obj-C32-PIC32_GP_SK_MRF24WB\WFConsoleIfconfig.o
 .debug_abbrev  0x00005681      0x166 Obj-C32-PIC32_GP_SK_MRF24WB\WFConsoleIwconfig.o
 .debug_abbrev  0x000057e7      0x166 Obj-C32-PIC32_GP_SK_MRF24WB\WFConsoleIwpriv.o
 .debug_abbrev  0x0000594d      0x1be Obj-C32-PIC32_GP_SK_MRF24WB\WFConsoleMsgHandler.o
 .debug_abbrev  0x00005b0b      0x1ef Obj-C32-PIC32_GP_SK_MRF24WB\WFConsoleMsgs.o
 .debug_abbrev  0x00005cfa      0x166 Obj-C32-PIC32_GP_SK_MRF24WB\WFDataTxRx.o
 .debug_abbrev  0x00005e60      0x166 Obj-C32-PIC32_GP_SK_MRF24WB\WFEasyConfig.o
 .debug_abbrev  0x00005fc6      0x22b Obj-C32-PIC32_GP_SK_MRF24WB\WFEventHandler.o
 .debug_abbrev  0x000061f1      0x1f8 Obj-C32-PIC32_GP_SK_MRF24WB\WFInit.o
 .debug_abbrev  0x000063e9      0x27d Obj-C32-PIC32_GP_SK_MRF24WB\WFPowerSave.o
 .debug_abbrev  0x00006666      0x208 Obj-C32-PIC32_GP_SK_MRF24WB\WFScan.o
 .debug_abbrev  0x0000686e      0x20b Obj-C32-PIC32_GP_SK_MRF24WB\WFTxPower.o
 .debug_abbrev  0x00006a79      0x166 Obj-C32-PIC32_GP_SK_MRF24WB\CustomSSLCert.o
 .debug_abbrev  0x00006bdf      0x29c Obj-C32-PIC32_GP_SK_MRF24WB\MainDemo.o
 .debug_abbrev  0x00006e7b      0x1d6 Obj-C32-PIC32_GP_SK_MRF24WB\GenericTCPServer.o
 .debug_abbrev  0x00007051      0x166 Obj-C32-PIC32_GP_SK_MRF24WB\MPFSImg2.o
 .debug_abbrev  0x000071b7      0x1d8 Obj-C32-PIC32_GP_SK_MRF24WB\WF_Config.o
 .debug_abbrev  0x0000738f      0x1ff Obj-C32-PIC32_GP_SK_MRF24WB\I2C.o
 .debug_abbrev  0x0000758e      0x415 Obj-C32-PIC32_GP_SK_MRF24WB\rovercode.o
 .debug_abbrev  0x000079a3      0x25d Obj-C32-PIC32_GP_SK_MRF24WB\WFDriverRaw_24G.o
 .debug_abbrev  0x00007c00      0x2c5 Obj-C32-PIC32_GP_SK_MRF24WB\WFMac_24G.o
 .debug_abbrev  0x00007ec5      0x257 Obj-C32-PIC32_GP_SK_MRF24WB\WFMgmtMsg_24G.o
 .debug_abbrev  0x0000811c      0x274 Obj-C32-PIC32_GP_SK_MRF24WB\WFParamMsg_24G.o
 .debug_abbrev  0x00008390      0x2fc Obj-C32-PIC32_GP_SK_MRF24WB\WFDriverCom_24G.o
 .debug_abbrev  0x0000868c      0x1a1 Obj-C32-PIC32_GP_SK_MRF24WB\WFDebugStrings.o
 .debug_abbrev  0x0000882d      0x269 Obj-C32-PIC32_GP_SK_MRF24WB\WF_pbkdf2.o
 .debug_abbrev  0x00008a96      0x1b7 Obj-C32-PIC32_GP_SK_MRF24WB\MARSGPS.o
 .debug_abbrev  0x00008c4d      0x13d c:/program files (x86)/microchip/mplabc32/v2.02/bin/../lib/gcc/pic32mx/4.5.1/size\libgcc.a(_udivdi3.o)
 .debug_abbrev  0x00008d8a        0x1 c:/program files (x86)/microchip/mplabc32/v2.02/bin/../lib/gcc/pic32mx/4.5.1/../../../../pic32mx/lib/size\libc.a(ctype.o)
 .debug_abbrev  0x00008d8b       0x25 c:/program files (x86)/microchip/mplabc32/v2.02/bin/../lib/gcc/pic32mx/4.5.1/../../../../pic32mx/lib/size\libc.a(strncpy.o)
 .debug_abbrev  0x00008db0       0x25 c:/program files (x86)/microchip/mplabc32/v2.02/bin/../lib/gcc/pic32mx/4.5.1/../../../../pic32mx/lib/size\libc.a(default-bootstrap-exception-handler.o)
 .debug_abbrev  0x00008dd5       0x25 c:/program files (x86)/microchip/mplabc32/v2.02/bin/../lib/gcc/pic32mx/4.5.1/../../../../pic32mx/lib/size\libc.a(default-on-reset.o)
 .debug_abbrev  0x00008dfa       0x25 c:/program files (x86)/microchip/mplabc32/v2.02/bin/../lib/gcc/pic32mx/4.5.1/../../../../pic32mx/lib/size\libc.a(default-on-bootstrap.o)
 .debug_abbrev  0x00008e1f       0x25 c:/program files (x86)/microchip/mplabc32/v2.02/bin/../lib/gcc/pic32mx/4.5.1/../../../../pic32mx/lib/size\libmchp_peripheral_32MX340F256H.a(pcache.o)
 .debug_abbrev  0x00008e44       0x25 c:/program files (x86)/microchip/mplabc32/v2.02/bin/../lib/gcc/pic32mx/4.5.1/../../../../pic32mx/lib/size\libmchp_peripheral_32MX340F256H.a(int_disable_interrupts_lib.o)
 .debug_abbrev  0x00008e69       0x25 c:/program files (x86)/microchip/mplabc32/v2.02/bin/../lib/gcc/pic32mx/4.5.1/../../../../pic32mx/lib/size\libmchp_peripheral_32MX340F256H.a(int_restore_interrupts_lib.o)
 .debug_abbrev  0x00008e8e       0x25 c:/program files (x86)/microchip/mplabc32/v2.02/bin/../lib/gcc/pic32mx/4.5.1/../../../../pic32mx/lib/size\libmchp_peripheral_32MX340F256H.a(int_enable_mv_int_lib.o)
 .debug_abbrev  0x00008eb3       0x25 c:/program files (x86)/microchip/mplabc32/v2.02/bin/../lib/gcc/pic32mx/4.5.1/../../../../pic32mx/lib/size\libmchp_peripheral_32MX340F256H.a(I2CEnable.o)
 .debug_abbrev  0x00008ed8       0x25 c:/program files (x86)/microchip/mplabc32/v2.02/bin/../lib/gcc/pic32mx/4.5.1/../../../../pic32mx/lib/size\libmchp_peripheral_32MX340F256H.a(I2CSetFrequency.o)
 .debug_abbrev  0x00008efd       0x25 c:/program files (x86)/microchip/mplabc32/v2.02/bin/../lib/gcc/pic32mx/4.5.1/../../../../pic32mx/lib/size\libmchp_peripheral_32MX340F256H.a(int_enable_interrupts_lib.o)
 .debug_abbrev  0x00008f22        0x1 c:/program files (x86)/microchip/mplabc32/v2.02/bin/../lib/gcc/pic32mx/4.5.1/../../../../pic32mx/lib/size\libmchp_peripheral_32MX340F256H.a(I2CPrivate.o)

.debug_line     0x00000000     0xa2eb
 *(.debug_line)
 .debug_line    0x00000000      0x228 Obj-C32-PIC32_GP_SK_MRF24WB\Announce.o
 .debug_line    0x00000228      0x149 Obj-C32-PIC32_GP_SK_MRF24WB\ARCFOUR.o
 .debug_line    0x00000371      0x25f Obj-C32-PIC32_GP_SK_MRF24WB\ARP.o
 .debug_line    0x000005d0      0x2fc Obj-C32-PIC32_GP_SK_MRF24WB\AutoIP.o
 .debug_line    0x000008cc      0x149 Obj-C32-PIC32_GP_SK_MRF24WB\BerkeleyAPI.o
 .debug_line    0x00000a15      0x149 Obj-C32-PIC32_GP_SK_MRF24WB\BigInt.o
 .debug_line    0x00000b5e      0x194 Obj-C32-PIC32_GP_SK_MRF24WB\Delay.o
 .debug_line    0x00000cf2      0x401 Obj-C32-PIC32_GP_SK_MRF24WB\DHCP.o
 .debug_line    0x000010f3      0x149 Obj-C32-PIC32_GP_SK_MRF24WB\DHCPs.o
 .debug_line    0x0000123c      0x327 Obj-C32-PIC32_GP_SK_MRF24WB\DNS.o
 .debug_line    0x00001563      0x149 Obj-C32-PIC32_GP_SK_MRF24WB\DNSs.o
 .debug_line    0x000016ac      0x149 Obj-C32-PIC32_GP_SK_MRF24WB\DynDNS.o
 .debug_line    0x000017f5      0x149 Obj-C32-PIC32_GP_SK_MRF24WB\ENC28J60.o
 .debug_line    0x0000193e      0x149 Obj-C32-PIC32_GP_SK_MRF24WB\ENCX24J600.o
 .debug_line    0x00001a87      0x149 Obj-C32-PIC32_GP_SK_MRF24WB\FileSystem.o
 .debug_line    0x00001bd0      0x149 Obj-C32-PIC32_GP_SK_MRF24WB\FTP.o
 .debug_line    0x00001d19      0x149 Obj-C32-PIC32_GP_SK_MRF24WB\Hashes.o
 .debug_line    0x00001e62      0x39e Obj-C32-PIC32_GP_SK_MRF24WB\Helpers.o
 .debug_line    0x00002200      0x1d0 Obj-C32-PIC32_GP_SK_MRF24WB\ICMP.o
 .debug_line    0x000023d0      0x211 Obj-C32-PIC32_GP_SK_MRF24WB\IP.o
 .debug_line    0x000025e1      0x149 Obj-C32-PIC32_GP_SK_MRF24WB\LCDBlocking.o
 .debug_line    0x0000272a      0x149 Obj-C32-PIC32_GP_SK_MRF24WB\MPFS2.o
 .debug_line    0x00002873      0x149 Obj-C32-PIC32_GP_SK_MRF24WB\NBNS.o
 .debug_line    0x000029bc      0x149 Obj-C32-PIC32_GP_SK_MRF24WB\Reboot.o
 .debug_line    0x00002b05      0x149 Obj-C32-PIC32_GP_SK_MRF24WB\RSA.o
 .debug_line    0x00002c4e      0x149 Obj-C32-PIC32_GP_SK_MRF24WB\SMTP.o
 .debug_line    0x00002d97      0x149 Obj-C32-PIC32_GP_SK_MRF24WB\SNMP.o
 .debug_line    0x00002ee0      0x149 Obj-C32-PIC32_GP_SK_MRF24WB\SNMPv3.o
 .debug_line    0x00003029      0x149 Obj-C32-PIC32_GP_SK_MRF24WB\SNMPv3USM.o
 .debug_line    0x00003172      0x218 Obj-C32-PIC32_GP_SK_MRF24WB\SNTP.o
 .debug_line    0x0000338a      0x149 Obj-C32-PIC32_GP_SK_MRF24WB\SPIEEPROM.o
 .debug_line    0x000034d3      0x149 Obj-C32-PIC32_GP_SK_MRF24WB\SPIFlash.o
 .debug_line    0x0000361c      0x149 Obj-C32-PIC32_GP_SK_MRF24WB\SPIRAM.o
 .debug_line    0x00003765      0x149 Obj-C32-PIC32_GP_SK_MRF24WB\SSL.o
 .debug_line    0x000038ae      0x243 Obj-C32-PIC32_GP_SK_MRF24WB\StackTsk.o
 .debug_line    0x00003af1      0xb85 Obj-C32-PIC32_GP_SK_MRF24WB\TCP.o
 .debug_line    0x00004676      0x149 Obj-C32-PIC32_GP_SK_MRF24WB\TFTPc.o
 .debug_line    0x000047bf      0x1d1 Obj-C32-PIC32_GP_SK_MRF24WB\Tick.o
 .debug_line    0x00004990      0x149 Obj-C32-PIC32_GP_SK_MRF24WB\UART.o
 .debug_line    0x00004ad9      0x37e Obj-C32-PIC32_GP_SK_MRF24WB\UDP.o
 .debug_line    0x00004e57      0x149 Obj-C32-PIC32_GP_SK_MRF24WB\ZeroconfHelper.o
 .debug_line    0x00004fa0      0x149 Obj-C32-PIC32_GP_SK_MRF24WB\ZeroconfLinkLocal.o
 .debug_line    0x000050e9      0x149 Obj-C32-PIC32_GP_SK_MRF24WB\ZeroconfMulticastDNS.o
 .debug_line    0x00005232      0x1bd Obj-C32-PIC32_GP_SK_MRF24WB\WF_Eint.o
 .debug_line    0x000053ef      0x207 Obj-C32-PIC32_GP_SK_MRF24WB\WF_Spi.o
 .debug_line    0x000055f6      0x37a Obj-C32-PIC32_GP_SK_MRF24WB\WFConnectionAlgorithm.o
 .debug_line    0x00005970      0x238 Obj-C32-PIC32_GP_SK_MRF24WB\WFConnectionManager.o
 .debug_line    0x00005ba8      0x2ed Obj-C32-PIC32_GP_SK_MRF24WB\WFConnectionProfile.o
 .debug_line    0x00005e95      0x149 Obj-C32-PIC32_GP_SK_MRF24WB\WFConsole.o
 .debug_line    0x00005fde      0x149 Obj-C32-PIC32_GP_SK_MRF24WB\WFConsoleIfconfig.o
 .debug_line    0x00006127      0x149 Obj-C32-PIC32_GP_SK_MRF24WB\WFConsoleIwconfig.o
 .debug_line    0x00006270      0x149 Obj-C32-PIC32_GP_SK_MRF24WB\WFConsoleIwpriv.o
 .debug_line    0x000063b9      0x1af Obj-C32-PIC32_GP_SK_MRF24WB\WFConsoleMsgHandler.o
 .debug_line    0x00006568      0x260 Obj-C32-PIC32_GP_SK_MRF24WB\WFConsoleMsgs.o
 .debug_line    0x000067c8      0x149 Obj-C32-PIC32_GP_SK_MRF24WB\WFDataTxRx.o
 .debug_line    0x00006911      0x149 Obj-C32-PIC32_GP_SK_MRF24WB\WFEasyConfig.o
 .debug_line    0x00006a5a      0x254 Obj-C32-PIC32_GP_SK_MRF24WB\WFEventHandler.o
 .debug_line    0x00006cae      0x1df Obj-C32-PIC32_GP_SK_MRF24WB\WFInit.o
 .debug_line    0x00006e8d      0x23c Obj-C32-PIC32_GP_SK_MRF24WB\WFPowerSave.o
 .debug_line    0x000070c9      0x1f1 Obj-C32-PIC32_GP_SK_MRF24WB\WFScan.o
 .debug_line    0x000072ba      0x1e9 Obj-C32-PIC32_GP_SK_MRF24WB\WFTxPower.o
 .debug_line    0x000074a3      0x149 Obj-C32-PIC32_GP_SK_MRF24WB\CustomSSLCert.o
 .debug_line    0x000075ec      0x27d Obj-C32-PIC32_GP_SK_MRF24WB\MainDemo.o
 .debug_line    0x00007869      0x1ea Obj-C32-PIC32_GP_SK_MRF24WB\GenericTCPServer.o
 .debug_line    0x00007a53      0x149 Obj-C32-PIC32_GP_SK_MRF24WB\MPFSImg2.o
 .debug_line    0x00007b9c      0x1bb Obj-C32-PIC32_GP_SK_MRF24WB\WF_Config.o
 .debug_line    0x00007d57      0x1ac Obj-C32-PIC32_GP_SK_MRF24WB\I2C.o
 .debug_line    0x00007f03      0x6c3 Obj-C32-PIC32_GP_SK_MRF24WB\rovercode.o
 .debug_line    0x000085c6      0x336 Obj-C32-PIC32_GP_SK_MRF24WB\WFDriverRaw_24G.o
 .debug_line    0x000088fc      0x3ea Obj-C32-PIC32_GP_SK_MRF24WB\WFMac_24G.o
 .debug_line    0x00008ce6      0x23a Obj-C32-PIC32_GP_SK_MRF24WB\WFMgmtMsg_24G.o
 .debug_line    0x00008f20      0x2f4 Obj-C32-PIC32_GP_SK_MRF24WB\WFParamMsg_24G.o
 .debug_line    0x00009214      0x37c Obj-C32-PIC32_GP_SK_MRF24WB\WFDriverCom_24G.o
 .debug_line    0x00009590      0x196 Obj-C32-PIC32_GP_SK_MRF24WB\WFDebugStrings.o
 .debug_line    0x00009726      0x3ad Obj-C32-PIC32_GP_SK_MRF24WB\WF_pbkdf2.o
 .debug_line    0x00009ad3      0x1b6 Obj-C32-PIC32_GP_SK_MRF24WB\MARSGPS.o
 .debug_line    0x00009c89      0x118 c:/program files (x86)/microchip/mplabc32/v2.02/bin/../lib/gcc/pic32mx/4.5.1/size\libgcc.a(_udivdi3.o)
 .debug_line    0x00009da1        0x0 c:/program files (x86)/microchip/mplabc32/v2.02/bin/../lib/gcc/pic32mx/4.5.1/../../../../pic32mx/lib/size\libc.a(ctype.o)
 .debug_line    0x00009da1       0x88 c:/program files (x86)/microchip/mplabc32/v2.02/bin/../lib/gcc/pic32mx/4.5.1/../../../../pic32mx/lib/size\libc.a(strncpy.o)
 .debug_line    0x00009e29       0xa6 c:/program files (x86)/microchip/mplabc32/v2.02/bin/../lib/gcc/pic32mx/4.5.1/../../../../pic32mx/lib/size\libc.a(default-bootstrap-exception-handler.o)
 .debug_line    0x00009ecf       0x93 c:/program files (x86)/microchip/mplabc32/v2.02/bin/../lib/gcc/pic32mx/4.5.1/../../../../pic32mx/lib/size\libc.a(default-on-reset.o)
 .debug_line    0x00009f62       0x97 c:/program files (x86)/microchip/mplabc32/v2.02/bin/../lib/gcc/pic32mx/4.5.1/../../../../pic32mx/lib/size\libc.a(default-on-bootstrap.o)
 .debug_line    0x00009ff9       0x62 c:/program files (x86)/microchip/mplabc32/v2.02/bin/../lib/gcc/pic32mx/4.5.1/../../../../pic32mx/lib/size\libmchp_peripheral_32MX340F256H.a(pcache.o)
 .debug_line    0x0000a05b       0x73 c:/program files (x86)/microchip/mplabc32/v2.02/bin/../lib/gcc/pic32mx/4.5.1/../../../../pic32mx/lib/size\libmchp_peripheral_32MX340F256H.a(int_disable_interrupts_lib.o)
 .debug_line    0x0000a0ce       0x73 c:/program files (x86)/microchip/mplabc32/v2.02/bin/../lib/gcc/pic32mx/4.5.1/../../../../pic32mx/lib/size\libmchp_peripheral_32MX340F256H.a(int_restore_interrupts_lib.o)
 .debug_line    0x0000a141       0x6e c:/program files (x86)/microchip/mplabc32/v2.02/bin/../lib/gcc/pic32mx/4.5.1/../../../../pic32mx/lib/size\libmchp_peripheral_32MX340F256H.a(int_enable_mv_int_lib.o)
 .debug_line    0x0000a1af       0x62 c:/program files (x86)/microchip/mplabc32/v2.02/bin/../lib/gcc/pic32mx/4.5.1/../../../../pic32mx/lib/size\libmchp_peripheral_32MX340F256H.a(I2CEnable.o)
 .debug_line    0x0000a211       0x68 c:/program files (x86)/microchip/mplabc32/v2.02/bin/../lib/gcc/pic32mx/4.5.1/../../../../pic32mx/lib/size\libmchp_peripheral_32MX340F256H.a(I2CSetFrequency.o)
 .debug_line    0x0000a279       0x72 c:/program files (x86)/microchip/mplabc32/v2.02/bin/../lib/gcc/pic32mx/4.5.1/../../../../pic32mx/lib/size\libmchp_peripheral_32MX340F256H.a(int_enable_interrupts_lib.o)
 .debug_line    0x0000a2eb        0x0 c:/program files (x86)/microchip/mplabc32/v2.02/bin/../lib/gcc/pic32mx/4.5.1/../../../../pic32mx/lib/size\libmchp_peripheral_32MX340F256H.a(I2CPrivate.o)

.debug_frame    0x00000000     0x2e5c
 *(.debug_frame)
 .debug_frame   0x00000000       0x48 Obj-C32-PIC32_GP_SK_MRF24WB\Announce.o
 .debug_frame   0x00000048       0xcc Obj-C32-PIC32_GP_SK_MRF24WB\ARP.o
 .debug_frame   0x00000114      0x118 Obj-C32-PIC32_GP_SK_MRF24WB\AutoIP.o
 .debug_frame   0x0000022c       0x44 Obj-C32-PIC32_GP_SK_MRF24WB\Delay.o
 .debug_frame   0x00000270      0x12c Obj-C32-PIC32_GP_SK_MRF24WB\DHCP.o
 .debug_frame   0x0000039c       0xb4 Obj-C32-PIC32_GP_SK_MRF24WB\DNS.o
 .debug_frame   0x00000450      0x1a0 Obj-C32-PIC32_GP_SK_MRF24WB\Helpers.o
 .debug_frame   0x000005f0       0x2c Obj-C32-PIC32_GP_SK_MRF24WB\ICMP.o
 .debug_frame   0x0000061c       0x80 Obj-C32-PIC32_GP_SK_MRF24WB\IP.o
 .debug_frame   0x0000069c       0x48 Obj-C32-PIC32_GP_SK_MRF24WB\SNTP.o
 .debug_frame   0x000006e4       0x80 Obj-C32-PIC32_GP_SK_MRF24WB\StackTsk.o
 .debug_frame   0x00000764      0x39c Obj-C32-PIC32_GP_SK_MRF24WB\TCP.o
 .debug_frame   0x00000b00       0xcc Obj-C32-PIC32_GP_SK_MRF24WB\Tick.o
 .debug_frame   0x00000bcc      0x200 Obj-C32-PIC32_GP_SK_MRF24WB\UDP.o
 .debug_frame   0x00000dcc       0xd0 Obj-C32-PIC32_GP_SK_MRF24WB\WF_Eint.o
 .debug_frame   0x00000e9c       0x90 Obj-C32-PIC32_GP_SK_MRF24WB\WF_Spi.o
 .debug_frame   0x00000f2c      0x468 Obj-C32-PIC32_GP_SK_MRF24WB\WFConnectionAlgorithm.o
 .debug_frame   0x00001394      0x104 Obj-C32-PIC32_GP_SK_MRF24WB\WFConnectionManager.o
 .debug_frame   0x00001498      0x2cc Obj-C32-PIC32_GP_SK_MRF24WB\WFConnectionProfile.o
 .debug_frame   0x00001764       0x2c Obj-C32-PIC32_GP_SK_MRF24WB\WFConsoleMsgHandler.o
 .debug_frame   0x00001790       0x44 Obj-C32-PIC32_GP_SK_MRF24WB\WFConsoleMsgs.o
 .debug_frame   0x000017d4       0x60 Obj-C32-PIC32_GP_SK_MRF24WB\WFEventHandler.o
 .debug_frame   0x00001834       0x48 Obj-C32-PIC32_GP_SK_MRF24WB\WFInit.o
 .debug_frame   0x0000187c      0x18c Obj-C32-PIC32_GP_SK_MRF24WB\WFPowerSave.o
 .debug_frame   0x00001a08       0x64 Obj-C32-PIC32_GP_SK_MRF24WB\WFScan.o
 .debug_frame   0x00001a6c       0x64 Obj-C32-PIC32_GP_SK_MRF24WB\WFTxPower.o
 .debug_frame   0x00001ad0       0x98 Obj-C32-PIC32_GP_SK_MRF24WB\MainDemo.o
 .debug_frame   0x00001b68       0x44 Obj-C32-PIC32_GP_SK_MRF24WB\GenericTCPServer.o
 .debug_frame   0x00001bac       0x2c Obj-C32-PIC32_GP_SK_MRF24WB\WF_Config.o
 .debug_frame   0x00001bd8       0x8c Obj-C32-PIC32_GP_SK_MRF24WB\I2C.o
 .debug_frame   0x00001c64      0x33c Obj-C32-PIC32_GP_SK_MRF24WB\rovercode.o
 .debug_frame   0x00001fa0      0x25c Obj-C32-PIC32_GP_SK_MRF24WB\WFDriverRaw_24G.o
 .debug_frame   0x000021fc      0x35c Obj-C32-PIC32_GP_SK_MRF24WB\WFMac_24G.o
 .debug_frame   0x00002558       0x94 Obj-C32-PIC32_GP_SK_MRF24WB\WFMgmtMsg_24G.o
 .debug_frame   0x000025ec      0x2b0 Obj-C32-PIC32_GP_SK_MRF24WB\WFParamMsg_24G.o
 .debug_frame   0x0000289c      0x280 Obj-C32-PIC32_GP_SK_MRF24WB\WFDriverCom_24G.o
 .debug_frame   0x00002b1c       0x40 Obj-C32-PIC32_GP_SK_MRF24WB\WFDebugStrings.o
 .debug_frame   0x00002b5c      0x15c Obj-C32-PIC32_GP_SK_MRF24WB\WF_pbkdf2.o
 .debug_frame   0x00002cb8       0x2c Obj-C32-PIC32_GP_SK_MRF24WB\MARSGPS.o
 .debug_frame   0x00002ce4       0x20 c:/program files (x86)/microchip/mplabc32/v2.02/bin/../lib/gcc/pic32mx/4.5.1/../../../../pic32mx/lib/size\libc.a(strncpy.o)
 .debug_frame   0x00002d04       0x20 c:/program files (x86)/microchip/mplabc32/v2.02/bin/../lib/gcc/pic32mx/4.5.1/../../../../pic32mx/lib/size\libc.a(default-bootstrap-exception-handler.o)
 .debug_frame   0x00002d24       0x20 c:/program files (x86)/microchip/mplabc32/v2.02/bin/../lib/gcc/pic32mx/4.5.1/../../../../pic32mx/lib/size\libc.a(default-on-reset.o)
 .debug_frame   0x00002d44       0x20 c:/program files (x86)/microchip/mplabc32/v2.02/bin/../lib/gcc/pic32mx/4.5.1/../../../../pic32mx/lib/size\libc.a(default-on-bootstrap.o)
 .debug_frame   0x00002d64       0x30 c:/program files (x86)/microchip/mplabc32/v2.02/bin/../lib/gcc/pic32mx/4.5.1/../../../../pic32mx/lib/size\libmchp_peripheral_32MX340F256H.a(pcache.o)
 .debug_frame   0x00002d94       0x20 c:/program files (x86)/microchip/mplabc32/v2.02/bin/../lib/gcc/pic32mx/4.5.1/../../../../pic32mx/lib/size\libmchp_peripheral_32MX340F256H.a(int_disable_interrupts_lib.o)
 .debug_frame   0x00002db4       0x20 c:/program files (x86)/microchip/mplabc32/v2.02/bin/../lib/gcc/pic32mx/4.5.1/../../../../pic32mx/lib/size\libmchp_peripheral_32MX340F256H.a(int_restore_interrupts_lib.o)
 .debug_frame   0x00002dd4       0x28 c:/program files (x86)/microchip/mplabc32/v2.02/bin/../lib/gcc/pic32mx/4.5.1/../../../../pic32mx/lib/size\libmchp_peripheral_32MX340F256H.a(int_enable_mv_int_lib.o)
 .debug_frame   0x00002dfc       0x20 c:/program files (x86)/microchip/mplabc32/v2.02/bin/../lib/gcc/pic32mx/4.5.1/../../../../pic32mx/lib/size\libmchp_peripheral_32MX340F256H.a(I2CEnable.o)
 .debug_frame   0x00002e1c       0x20 c:/program files (x86)/microchip/mplabc32/v2.02/bin/../lib/gcc/pic32mx/4.5.1/../../../../pic32mx/lib/size\libmchp_peripheral_32MX340F256H.a(I2CSetFrequency.o)
 .debug_frame   0x00002e3c       0x20 c:/program files (x86)/microchip/mplabc32/v2.02/bin/../lib/gcc/pic32mx/4.5.1/../../../../pic32mx/lib/size\libmchp_peripheral_32MX340F256H.a(int_enable_interrupts_lib.o)

.debug_str      0x00000000     0x4fbf
 *(.debug_str)
 .debug_str     0x00000000      0x117 Obj-C32-PIC32_GP_SK_MRF24WB\Announce.o
 .debug_str     0x00000117       0xe2 Obj-C32-PIC32_GP_SK_MRF24WB\ARCFOUR.o
 .debug_str     0x000001f9       0xfa Obj-C32-PIC32_GP_SK_MRF24WB\ARP.o
 .debug_str     0x000002f3       0xf7 Obj-C32-PIC32_GP_SK_MRF24WB\AutoIP.o
 .debug_str     0x000003ea       0xe2 Obj-C32-PIC32_GP_SK_MRF24WB\BerkeleyAPI.o
 .debug_str     0x000004cc       0xe2 Obj-C32-PIC32_GP_SK_MRF24WB\BigInt.o
 .debug_str     0x000005ae       0xe2 Obj-C32-PIC32_GP_SK_MRF24WB\Delay.o
 .debug_str     0x00000690      0x12a Obj-C32-PIC32_GP_SK_MRF24WB\DHCP.o
 .debug_str     0x000007ba       0xe2 Obj-C32-PIC32_GP_SK_MRF24WB\DHCPs.o
 .debug_str     0x0000089c       0xec Obj-C32-PIC32_GP_SK_MRF24WB\DNS.o
 .debug_str     0x00000988       0xe2 Obj-C32-PIC32_GP_SK_MRF24WB\DNSs.o
 .debug_str     0x00000a6a       0xe2 Obj-C32-PIC32_GP_SK_MRF24WB\DynDNS.o
 .debug_str     0x00000b4c       0xe2 Obj-C32-PIC32_GP_SK_MRF24WB\ENC28J60.o
 .debug_str     0x00000c2e       0xe2 Obj-C32-PIC32_GP_SK_MRF24WB\ENCX24J600.o
 .debug_str     0x00000d10       0xe2 Obj-C32-PIC32_GP_SK_MRF24WB\FileSystem.o
 .debug_str     0x00000df2       0xe2 Obj-C32-PIC32_GP_SK_MRF24WB\FTP.o
 .debug_str     0x00000ed4       0xe2 Obj-C32-PIC32_GP_SK_MRF24WB\Hashes.o
 .debug_str     0x00000fb6       0xf5 Obj-C32-PIC32_GP_SK_MRF24WB\Helpers.o
 .debug_str     0x000010ab       0xe2 Obj-C32-PIC32_GP_SK_MRF24WB\ICMP.o
 .debug_str     0x0000118d       0xf5 Obj-C32-PIC32_GP_SK_MRF24WB\IP.o
 .debug_str     0x00001282       0xe2 Obj-C32-PIC32_GP_SK_MRF24WB\LCDBlocking.o
 .debug_str     0x00001364       0xe2 Obj-C32-PIC32_GP_SK_MRF24WB\MPFS2.o
 .debug_str     0x00001446       0xe2 Obj-C32-PIC32_GP_SK_MRF24WB\NBNS.o
 .debug_str     0x00001528       0xe2 Obj-C32-PIC32_GP_SK_MRF24WB\Reboot.o
 .debug_str     0x0000160a       0xe2 Obj-C32-PIC32_GP_SK_MRF24WB\RSA.o
 .debug_str     0x000016ec       0xe2 Obj-C32-PIC32_GP_SK_MRF24WB\SMTP.o
 .debug_str     0x000017ce       0xe2 Obj-C32-PIC32_GP_SK_MRF24WB\SNMP.o
 .debug_str     0x000018b0       0xe2 Obj-C32-PIC32_GP_SK_MRF24WB\SNMPv3.o
 .debug_str     0x00001992       0xe2 Obj-C32-PIC32_GP_SK_MRF24WB\SNMPv3USM.o
 .debug_str     0x00001a74       0xe2 Obj-C32-PIC32_GP_SK_MRF24WB\SNTP.o
 .debug_str     0x00001b56       0xe2 Obj-C32-PIC32_GP_SK_MRF24WB\SPIEEPROM.o
 .debug_str     0x00001c38       0xe2 Obj-C32-PIC32_GP_SK_MRF24WB\SPIFlash.o
 .debug_str     0x00001d1a       0xe2 Obj-C32-PIC32_GP_SK_MRF24WB\SPIRAM.o
 .debug_str     0x00001dfc       0xe2 Obj-C32-PIC32_GP_SK_MRF24WB\SSL.o
 .debug_str     0x00001ede      0x114 Obj-C32-PIC32_GP_SK_MRF24WB\StackTsk.o
 .debug_str     0x00001ff2      0x1ad Obj-C32-PIC32_GP_SK_MRF24WB\TCP.o
 .debug_str     0x0000219f       0xe2 Obj-C32-PIC32_GP_SK_MRF24WB\TFTPc.o
 .debug_str     0x00002281       0xfe Obj-C32-PIC32_GP_SK_MRF24WB\Tick.o
 .debug_str     0x0000237f       0xe2 Obj-C32-PIC32_GP_SK_MRF24WB\UART.o
 .debug_str     0x00002461      0x154 Obj-C32-PIC32_GP_SK_MRF24WB\UDP.o
 .debug_str     0x000025b5       0xe2 Obj-C32-PIC32_GP_SK_MRF24WB\ZeroconfHelper.o
 .debug_str     0x00002697       0xe2 Obj-C32-PIC32_GP_SK_MRF24WB\ZeroconfLinkLocal.o
 .debug_str     0x00002779       0xe2 Obj-C32-PIC32_GP_SK_MRF24WB\ZeroconfMulticastDNS.o
 .debug_str     0x0000285b      0x111 Obj-C32-PIC32_GP_SK_MRF24WB\WF_Eint.o
 .debug_str     0x0000296c      0x121 Obj-C32-PIC32_GP_SK_MRF24WB\WF_Spi.o
 .debug_str     0x00002a8d      0x1e0 Obj-C32-PIC32_GP_SK_MRF24WB\WFConnectionAlgorithm.o
 .debug_str     0x00002c6d       0xf7 Obj-C32-PIC32_GP_SK_MRF24WB\WFConnectionManager.o
 .debug_str     0x00002d64      0x188 Obj-C32-PIC32_GP_SK_MRF24WB\WFConnectionProfile.o
 .debug_str     0x00002eec       0xe2 Obj-C32-PIC32_GP_SK_MRF24WB\WFConsole.o
 .debug_str     0x00002fce       0xe2 Obj-C32-PIC32_GP_SK_MRF24WB\WFConsoleIfconfig.o
 .debug_str     0x000030b0       0xe2 Obj-C32-PIC32_GP_SK_MRF24WB\WFConsoleIwconfig.o
 .debug_str     0x00003192       0xe2 Obj-C32-PIC32_GP_SK_MRF24WB\WFConsoleIwpriv.o
 .debug_str     0x00003274       0xe2 Obj-C32-PIC32_GP_SK_MRF24WB\WFConsoleMsgHandler.o
 .debug_str     0x00003356      0x17c Obj-C32-PIC32_GP_SK_MRF24WB\WFConsoleMsgs.o
 .debug_str     0x000034d2       0xe2 Obj-C32-PIC32_GP_SK_MRF24WB\WFDataTxRx.o
 .debug_str     0x000035b4       0xe2 Obj-C32-PIC32_GP_SK_MRF24WB\WFEasyConfig.o
 .debug_str     0x00003696       0xed Obj-C32-PIC32_GP_SK_MRF24WB\WFEventHandler.o
 .debug_str     0x00003783       0xec Obj-C32-PIC32_GP_SK_MRF24WB\WFInit.o
 .debug_str     0x0000386f      0x10a Obj-C32-PIC32_GP_SK_MRF24WB\WFPowerSave.o
 .debug_str     0x00003979       0xe2 Obj-C32-PIC32_GP_SK_MRF24WB\WFScan.o
 .debug_str     0x00003a5b       0xea Obj-C32-PIC32_GP_SK_MRF24WB\WFTxPower.o
 .debug_str     0x00003b45       0xe2 Obj-C32-PIC32_GP_SK_MRF24WB\CustomSSLCert.o
 .debug_str     0x00003c27      0x119 Obj-C32-PIC32_GP_SK_MRF24WB\MainDemo.o
 .debug_str     0x00003d40       0xff Obj-C32-PIC32_GP_SK_MRF24WB\GenericTCPServer.o