Archive member included because of file (symbol)

c:/program files (x86)/microchip/xc32/v1.31/bin/../lib/gcc/pic32mx/4.5.2/../../../../pic32mx/lib/size\libmchp_peripheral_32MX340F256H.a(pcache.o)
                              build/default/production/_ext/1472/rovercode.o (CheKseg0CacheOn)
c:/program files (x86)/microchip/xc32/v1.31/bin/../lib/gcc/pic32mx/4.5.2/../../../../pic32mx/lib/size\libmchp_peripheral_32MX340F256H.a(int_disable_interrupts_lib.o)
                              build/default/production/_ext/1472/rovercode.o (INTDisableInterrupts)
c:/program files (x86)/microchip/xc32/v1.31/bin/../lib/gcc/pic32mx/4.5.2/../../../../pic32mx/lib/size\libmchp_peripheral_32MX340F256H.a(int_restore_interrupts_lib.o)
                              build/default/production/_ext/1472/rovercode.o (INTRestoreInterrupts)
c:/program files (x86)/microchip/xc32/v1.31/bin/../lib/gcc/pic32mx/4.5.2/../../../../pic32mx/lib/size\libmchp_peripheral_32MX340F256H.a(int_enable_mv_int_lib.o)
                              build/default/production/_ext/1472/rovercode.o (INTEnableSystemMultiVectoredInt)
c:/program files (x86)/microchip/xc32/v1.31/bin/../lib/gcc/pic32mx/4.5.2/../../../../pic32mx/lib/size\libmchp_peripheral_32MX340F256H.a(I2CEnable.o)
                              build/default/production/_ext/1472/I2C.o (I2CEnable)
c:/program files (x86)/microchip/xc32/v1.31/bin/../lib/gcc/pic32mx/4.5.2/../../../../pic32mx/lib/size\libmchp_peripheral_32MX340F256H.a(I2CSetFrequency.o)
                              build/default/production/_ext/1472/rovercode.o (I2CSetFrequency)
c:/program files (x86)/microchip/xc32/v1.31/bin/../lib/gcc/pic32mx/4.5.2/../../../../pic32mx/lib/size\libmchp_peripheral_32MX340F256H.a(int_enable_interrupts_lib.o)
                              c:/program files (x86)/microchip/xc32/v1.31/bin/../lib/gcc/pic32mx/4.5.2/../../../../pic32mx/lib/size\libmchp_peripheral_32MX340F256H.a(int_enable_mv_int_lib.o) (INTEnableInterrupts)
c:/program files (x86)/microchip/xc32/v1.31/bin/../lib/gcc/pic32mx/4.5.2/../../../../pic32mx/lib/size\libmchp_peripheral_32MX340F256H.a(I2CPrivate.o)
                              c:/program files (x86)/microchip/xc32/v1.31/bin/../lib/gcc/pic32mx/4.5.2/../../../../pic32mx/lib/size\libmchp_peripheral_32MX340F256H.a(I2CEnable.o) (i2cBase)
c:/program files (x86)/microchip/xc32/v1.31/bin/../lib/gcc/pic32mx/4.5.2/size\libgcc.a(_udivdi3.o)
                              build/default/production/_ext/1954962658/AutoIP.o (__udivdi3)
c:/program files (x86)/microchip/xc32/v1.31/bin/../lib/gcc/pic32mx/4.5.2/../../../../pic32mx/lib/size\libpic32.a(memcmp.o)
                              build/default/production/_ext/1954962658/StackTsk.o (memcmp)
c:/program files (x86)/microchip/xc32/v1.31/bin/../lib/gcc/pic32mx/4.5.2/../../../../pic32mx/lib/size\libpic32.a(memcpy.o)
                              build/default/production/_ext/1472/GenericTCPServer.o (memcpy)
c:/program files (x86)/microchip/xc32/v1.31/bin/../lib/gcc/pic32mx/4.5.2/../../../../pic32mx/lib/size\libpic32.a(memset.o)
                              build/default/production/_ext/1954962658/DHCP.o (memset)
c:/program files (x86)/microchip/xc32/v1.31/bin/../lib/gcc/pic32mx/4.5.2/../../../../pic32mx/lib/size\libpic32.a(strlen.o)
                              build/default/production/_ext/1954962658/Helpers.o (strlen)
c:/program files (x86)/microchip/xc32/v1.31/bin/../lib/gcc/pic32mx/4.5.2/../../../../pic32mx/lib/size\libpic32.a(default-bootstrap-exception-handler.o)
                              c:/program files (x86)/microchip/xc32/v1.31/bin/../lib/gcc/pic32mx/4.5.2/../../../../pic32mx/lib/./proc/32MX340F256H/crt0_mips32r2.o (_bootstrap_exception_handler)
c:/program files (x86)/microchip/xc32/v1.31/bin/../lib/gcc/pic32mx/4.5.2/../../../../pic32mx/lib/size\libpic32.a(default-on-reset.o)
                              c:/program files (x86)/microchip/xc32/v1.31/bin/../lib/gcc/pic32mx/4.5.2/../../../../pic32mx/lib/./proc/32MX340F256H/crt0_mips32r2.o (_on_reset)
c:/program files (x86)/microchip/xc32/v1.31/bin/../lib/gcc/pic32mx/4.5.2/../../../../pic32mx/lib/size\libpic32.a(default-on-bootstrap.o)
                              c:/program files (x86)/microchip/xc32/v1.31/bin/../lib/gcc/pic32mx/4.5.2/../../../../pic32mx/lib/./proc/32MX340F256H/crt0_mips32r2.o (_on_bootstrap)
c:/program files (x86)/microchip/xc32/v1.31/bin/../lib/gcc/pic32mx/4.5.2/../../../../pic32mx/lib/size\libpic32.a(default-nmi-handler.o)
                              c:/program files (x86)/microchip/xc32/v1.31/bin/../lib/gcc/pic32mx/4.5.2/../../../../pic32mx/lib/./proc/32MX340F256H/crt0_mips32r2.o (_nmi_handler)
c:/program files (x86)/microchip/xc32/v1.31/bin/../lib/gcc/pic32mx/4.5.2/../../../../pic32mx/lib/size\libpic32.a(pic32_software_reset.o)
[...]
Memory Configuration

Name             Origin             Length             Attributes
kseg0_program_mem 0x9d000000         0x00040000         xr
kseg0_boot_mem   0x9fc00490         0x00000970
exception_mem    0x9fc01000         0x00001000
kseg1_boot_mem   0xbfc00000         0x00000490
debug_exec_mem   0xbfc02000         0x00000ff0
config3          0xbfc02ff0         0x00000004
config2          0xbfc02ff4         0x00000004
config1          0xbfc02ff8         0x00000004
config0          0xbfc02ffc         0x00000004
kseg1_data_mem   0xa0000000         0x00008000         w !x
sfrs             0xbf800000         0x00100000
configsfrs       0xbfc02ff0         0x00000010
*default*        0x00000000         0xffffffff

Linker script and memory map

LOAD c:/program files (x86)/microchip/xc32/v1.31/bin/../lib/gcc/pic32mx/4.5.2/../../../../pic32mx/lib/./proc/32MX340F256H/crt0_mips32r2.o
LOAD build/default/production/_ext/1472/GenericTCPServer.o
LOAD build/default/production/_ext/1472/I2C.o
LOAD build/default/production/_ext/1472/rovercode.o
LOAD build/default/production/_ext/1472/MARSGPS.o
LOAD build/default/production/_ext/1954962658/Announce.o
LOAD build/default/production/_ext/1954962658/ARCFOUR.o
LOAD build/default/production/_ext/1954962658/ARP.o
LOAD build/default/production/_ext/1954962658/AutoIP.o
LOAD build/default/production/_ext/1954962658/BerkeleyAPI.o
LOAD build/default/production/_ext/1954962658/BigInt.o
LOAD build/default/production/_ext/1954962658/Delay.o
LOAD build/default/production/_ext/1954962658/DHCP.o
LOAD build/default/production/_ext/1954962658/DHCPs.o
LOAD build/default/production/_ext/1954962658/DNS.o
LOAD build/default/production/_ext/1954962658/DNSs.o
LOAD build/default/production/_ext/1954962658/DynDNS.o
LOAD build/default/production/_ext/1954962658/ENC28J60.o
LOAD build/default/production/_ext/1954962658/ENCX24J600.o
LOAD build/default/production/_ext/1954962658/FileSystem.o
LOAD build/default/production/_ext/1954962658/FTP.o
LOAD build/default/production/_ext/1954962658/Hashes.o
LOAD build/default/production/_ext/1954962658/Helpers.o
LOAD build/default/production/_ext/1954962658/ICMP.o
LOAD build/default/production/_ext/1954962658/IP.o
LOAD build/default/production/_ext/1954962658/LCDBlocking.o
LOAD build/default/production/_ext/1954962658/MPFS2.o
LOAD build/default/production/_ext/1954962658/NBNS.o
LOAD build/default/production/_ext/1954962658/Reboot.o
LOAD build/default/production/_ext/1954962658/RSA.o
LOAD build/default/production/_ext/1954962658/SMTP.o
LOAD build/default/production/_ext/1954962658/SNMP.o
LOAD build/default/production/_ext/1954962658/SNMPv3.o
LOAD build/default/production/_ext/1954962658/SNMPv3USM.o
LOAD build/default/production/_ext/1954962658/SNTP.o
LOAD build/default/production/_ext/1954962658/SPIEEPROM.o
LOAD build/default/production/_ext/1954962658/SPIFlash.o
LOAD build/default/production/_ext/1954962658/SPIRAM.o
LOAD build/default/production/_ext/1954962658/SSL.o
LOAD build/default/production/_ext/1954962658/StackTsk.o
LOAD build/default/production/_ext/1954962658/TCP.o
LOAD build/default/production/_ext/1954962658/TFTPc.o
LOAD build/default/production/_ext/1954962658/Tick.o
LOAD build/default/production/_ext/1954962658/UART.o
LOAD build/default/production/_ext/1954962658/UDP.o
LOAD build/default/production/_ext/1954962658/ZeroconfHelper.o
LOAD build/default/production/_ext/1954962658/ZeroconfLinkLocal.o
LOAD build/default/production/_ext/1954962658/ZeroconfMulticastDNS.o
LOAD build/default/production/_ext/1472/MPFSImg2.o
LOAD build/default/production/_ext/1954962658/BigInt_helper_C32.o
LOAD build/default/production/_ext/243675038/WF_Eint.o
LOAD build/default/production/_ext/243675038/WF_Spi.o
LOAD build/default/production/_ext/243675038/WFConnectionAlgorithm.o
LOAD build/default/production/_ext/243675038/WFConnectionManager.o
LOAD build/default/production/_ext/243675038/WFConnectionProfile.o
LOAD build/default/production/_ext/243675038/WFConsole.o
LOAD build/default/production/_ext/243675038/WFConsoleIfconfig.o
LOAD build/default/production/_ext/243675038/WFConsoleIwconfig.o
LOAD build/default/production/_ext/243675038/WFConsoleIwpriv.o
LOAD build/default/production/_ext/243675038/WFConsoleMsgHandler.o
LOAD build/default/production/_ext/243675038/WFConsoleMsgs.o
LOAD build/default/production/_ext/243675038/WFDataTxRx.o
LOAD build/default/production/_ext/243675038/WFEasyConfig.o
LOAD build/default/production/_ext/243675038/WFEventHandler.o
LOAD build/default/production/_ext/243675038/WFInit.o
LOAD build/default/production/_ext/243675038/WFPowerSave.o
LOAD build/default/production/_ext/243675038/WFScan.o
LOAD build/default/production/_ext/243675038/WFTxPower.o
LOAD build/default/production/_ext/1472/WF_Config.o
LOAD build/default/production/_ext/243675038/WF_pbkdf2.o
LOAD build/default/production/_ext/243675038/WFMac_24G.o
LOAD build/default/production/_ext/243675038/WFMgmtMsg_24G.o
LOAD build/default/production/_ext/243675038/WFParamMsg_24G.o
LOAD build/default/production/_ext/243675038/WFDebugStrings.o
LOAD build/default/production/_ext/243675038/WFDriverCom_24G.o
LOAD build/default/production/_ext/243675038/WFDriverRaw_24G.o
LOAD build/default/production/_ext/1472/CustomSSLCert.o
LOAD build/default/production/_ext/1472/MainDemo.o
                0x00000001                __MPLAB_BUILD = 0x1
LOAD c:/program files (x86)/microchip/xc32/v1.31/bin/../lib/gcc/pic32mx/4.5.2/../../../../pic32mx/lib/./proc/32MX340F256H\default_isr_vectors.o
                0x00000400                PROVIDE (_min_stack_size, 0x400)
LOAD c:/program files (x86)/microchip/xc32/v1.31/bin/../lib/gcc/pic32mx/4.5.2/../../../../pic32mx/lib/./proc/32MX340F256H\processor.o
START GROUP
LOAD c:/program files (x86)/microchip/xc32/v1.31/bin/../lib/gcc/pic32mx/4.5.2/../../../../pic32mx/lib/size\libmchp_peripheral.a
END GROUP
START GROUP
LOAD c:/program files (x86)/microchip/xc32/v1.31/bin/../lib/gcc/pic32mx/4.5.2/../../../../pic32mx/lib/size\libmchp_peripheral_32MX340F256H.a
END GROUP
                0x00000001                PROVIDE (_vector_spacing, 0x1)
                0x9fc01000                _ebase_address = 0x9fc01000
                0xbfc00000                _RESET_ADDR = 0xbfc00000
                0xbfc00380                _BEV_EXCPT_ADDR = 0xbfc00380
                0xbfc00480                _DBG_EXCPT_ADDR = 0xbfc00480
                0xbfc02000                _DBG_CODE_ADDR = 0xbfc02000
                0x00000ff0                _DBG_CODE_SIZE = 0xff0
                0x9fc01180                _GEN_EXCPT_ADDR = (_ebase_address + 0x180)

.config_BFC02FF0
 *(.config_BFC02FF0)

.config_BFC02FF4
                0xbfc02ff4        0x4
 *(.config_BFC02FF4)
 .config_BFC02FF4
                0xbfc02ff4        0x4 build/default/production/_ext/1472/MainDemo.o

.config_BFC02FF8
                0xbfc02ff8        0x4
 *(.config_BFC02FF8)
 .config_BFC02FF8
                0xbfc02ff8        0x4 build/default/production/_ext/1472/MainDemo.o

.config_BFC02FFC
                0xbfc02ffc        0x4
 *(.config_BFC02FFC)
 .config_BFC02FFC
                0xbfc02ffc        0x4 build/default/production/_ext/1472/MainDemo.o
                0xbfc02000                PROVIDE (_DBG_CODE_ADDR, 0xbfc02000)
                0x00000ff0                PROVIDE (_DBG_CODE_SIZE, 0xff0)

.reset          0xbfc00000      0x1e8
 *(.reset)
 .reset         0xbfc00000      0x1e8 c:/program files (x86)/microchip/xc32/v1.31/bin/../lib/gcc/pic32mx/4.5.2/../../../../pic32mx/lib/./proc/32MX340F256H/crt0_mips32r2.o
                0xbfc00000                _reset
 *(.reset.startup)

.bev_excpt      0xbfc00380       0x10
 *(.bev_handler)
 .bev_handler   0xbfc00380       0x10 c:/program files (x86)/microchip/xc32/v1.31/bin/../lib/gcc/pic32mx/4.5.2/../../../../pic32mx/lib/./proc/32MX340F256H/crt0_mips32r2.o

.dbg_excpt      0xbfc00480        0x0
                0xbfc00480                . = (. + DEFINED (_DEBUGGER)?0x8:0x0)

.dbg_code       0xbfc02000        0x0
                0xbfc02000                . = (. + DEFINED (_DEBUGGER)?_DBG_CODE_SIZE:0x0)

.app_excpt      0x9fc01180       0x10
 *(.gen_handler)
 .gen_handler   0x9fc01180       0x10 c:/program files (x86)/microchip/xc32/v1.31/bin/../lib/gcc/pic32mx/4.5.2/../../../../pic32mx/lib/./proc/32MX340F256H/crt0_mips32r2.o

.vector_0       0x9fc01200        0x8
 *(.vector_0)
 .vector_0      0x9fc01200        0x8 c:/program files (x86)/microchip/xc32/v1.31/bin/../lib/gcc/pic32mx/4.5.2/../../../../pic32mx/lib/size\libpic32.a(vector0.o)
                0x9fc01200                __vector_dispatch_0
                0x00000001                ASSERT (((_vector_spacing == 0x0) || (SIZEOF (.vector_0) <= (_vector_spacing << 0x5))), function at exception vector 0 too large)

.vector_1       0x9fc01220        0x8
 *(.vector_1)
 .vector_1      0x9fc01220        0x8 c:/program files (x86)/microchip/xc32/v1.31/bin/../lib/gcc/pic32mx/4.5.2/../../../../pic32mx/lib/size\libpic32.a(vector1.o)
                0x9fc01220                __vector_dispatch_1
                0x00000001                ASSERT (((_vector_spacing == 0x0) || (SIZEOF (.vector_1) <= (_vector_spacing << 0x5))), function at exception vector 1 too large)

.vector_2       0x9fc01240        0x8
 *(.vector_2)
 .vector_2      0x9fc01240        0x8 c:/program files (x86)/microchip/xc32/v1.31/bin/../lib/gcc/pic32mx/4.5.2/../../../../pic32mx/lib/size\libpic32.a(vector2.o)
                0x9fc01240                __vector_dispatch_2
                0x00000001                ASSERT (((_vector_spacing == 0x0) || (SIZEOF (.vector_2) <= (_vector_spacing << 0x5))), function at exception vector 2 too large)

.vector_3       0x9fc01260        0x8
 *(.vector_3)
 .vector_3      0x9fc01260        0x8 build/default/production/_ext/243675038/WF_Eint.o
                0x9fc01260                __vector_dispatch_3
                0x00000001                ASSERT (((_vector_spacing == 0x0) || (SIZEOF (.vector_3) <= (_vector_spacing << 0x5))), function at exception vector 3 too large)

.vector_4       0x9fc01280        0x8
 *(.vector_4)
 .vector_4      0x9fc01280        0x8 build/default/production/_ext/1954962658/Tick.o
                0x9fc01280                __vector_dispatch_4
                0x00000001                ASSERT (((_vector_spacing == 0x0) || (SIZEOF (.vector_4) <= (_vector_spacing << 0x5))), function at exception vector 4 too large)

.vector_5       0x9fc012a0        0x8
 *(.vector_5)
 .vector_5      0x9fc012a0        0x8 build/default/production/_ext/1472/rovercode.o
                0x9fc012a0                __vector_dispatch_5
                0x00000001                ASSERT (((_vector_spacing == 0x0) || (SIZEOF (.vector_5) <= (_vector_spacing << 0x5))), function at exception vector 5 too large)

.vector_6       0x9fc012c0        0x8
 *(.vector_6)
 .vector_6      0x9fc012c0        0x8 c:/program files (x86)/microchip/xc32/v1.31/bin/../lib/gcc/pic32mx/4.5.2/../../../../pic32mx/lib/size\libpic32.a(vector6.o)
                0x9fc012c0                __vector_dispatch_6
                0x00000001                ASSERT (((_vector_spacing == 0x0) || (SIZEOF (.vector_6) <= (_vector_spacing << 0x5))), function at exception vector 6 too large)

.vector_7       0x9fc012e0        0x8
 *(.vector_7)
 .vector_7      0x9fc012e0        0x8 c:/program files (x86)/microchip/xc32/v1.31/bin/../lib/gcc/pic32mx/4.5.2/../../../../pic32mx/lib/size\libpic32.a(vector7.o)
                0x9fc012e0                __vector_dispatch_7
                0x00000001                ASSERT (((_vector_spacing == 0x0) || (SIZEOF (.vector_7) <= (_vector_spacing << 0x5))), function at exception vector 7 too large)

.vector_8       0x9fc01300        0x8
 *(.vector_8)
 .vector_8      0x9fc01300        0x8 c:/program files (x86)/microchip/xc32/v1.31/bin/../lib/gcc/pic32mx/4.5.2/../../../../pic32mx/lib/size\libpic32.a(vector8.o)
                0x9fc01300                __vector_dispatch_8
                0x00000001                ASSERT (((_vector_spacing == 0x0) || (SIZEOF (.vector_8) <= (_vector_spacing << 0x5))), function at exception vector 8 too large)

.vector_9       0x9fc01320        0x8
 *(.vector_9)
 .vector_9      0x9fc01320        0x8 build/default/production/_ext/1472/rovercode.o
                0x9fc01320                __vector_dispatch_9
                0x00000001                ASSERT (((_vector_spacing == 0x0) || (SIZEOF (.vector_9) <= (_vector_spacing << 0x5))), function at exception vector 9 too large)

.vector_10      0x9fc01340        0x8
 *(.vector_10)
 .vector_10     0x9fc01340        0x8 c:/program files (x86)/microchip/xc32/v1.31/bin/../lib/gcc/pic32mx/4.5.2/../../../../pic32mx/lib/size\libpic32.a(vector10.o)
                0x9fc01340                __vector_dispatch_10
                0x00000001                ASSERT (((_vector_spacing == 0x0) || (SIZEOF (.vector_10) <= (_vector_spacing << 0x5))), function at exception vector 10 too large)

.vector_11      0x9fc01360        0x8
 *(.vector_11)
 .vector_11     0x9fc01360        0x8 c:/program files (x86)/microchip/xc32/v1.31/bin/../lib/gcc/pic32mx/4.5.2/../../../../pic32mx/lib/size\libpic32.a(vector11.o)
                0x9fc01360                __vector_dispatch_11
                0x00000001                ASSERT (((_vector_spacing == 0x0) || (SIZEOF (.vector_11) <= (_vector_spacing << 0x5))), function at exception vector 11 too large)

.vector_12      0x9fc01380        0x8
 *(.vector_12)
 .vector_12     0x9fc01380        0x8 c:/program files (x86)/microchip/xc32/v1.31/bin/../lib/gcc/pic32mx/4.5.2/../../../../pic32mx/lib/size\libpic32.a(vector12.o)
                0x9fc01380                __vector_dispatch_12
                0x00000001                ASSERT (((_vector_spacing == 0x0) || (SIZEOF (.vector_12) <= (_vector_spacing << 0x5))), function at exception vector 12 too large)

.vector_13      0x9fc013a0        0x8
 *(.vector_13)
 .vector_13     0x9fc013a0        0x8 build/default/production/_ext/1472/rovercode.o
                0x9fc013a0                __vector_dispatch_13
                0x00000001                ASSERT (((_vector_spacing == 0x0) || (SIZEOF (.vector_13) <= (_vector_spacing << 0x5))), function at exception vector 13 too large)

.vector_14      0x9fc013c0        0x8
 *(.vector_14)
 .vector_14     0x9fc013c0        0x8 c:/program files (x86)/microchip/xc32/v1.31/bin/../lib/gcc/pic32mx/4.5.2/../../../../pic32mx/lib/size\libpic32.a(vector14.o)
                0x9fc013c0                __vector_dispatch_14
                0x00000001                ASSERT (((_vector_spacing == 0x0) || (SIZEOF (.vector_14) <= (_vector_spacing << 0x5))), function at exception vector 14 too large)

.vector_15      0x9fc013e0        0x8
 *(.vector_15)
 .vector_15     0x9fc013e0        0x8 c:/program files (x86)/microchip/xc32/v1.31/bin/../lib/gcc/pic32mx/4.5.2/../../../../pic32mx/lib/size\libpic32.a(vector15.o)
                0x9fc013e0                __vector_dispatch_15
                0x00000001                ASSERT (((_vector_spacing == 0x0) || (SIZEOF (.vector_15) <= (_vector_spacing << 0x5))), function at exception vector 15 too large)

.vector_16      0x9fc01400        0x8
 *(.vector_16)
 .vector_16     0x9fc01400        0x8 c:/program files (x86)/microchip/xc32/v1.31/bin/../lib/gcc/pic32mx/4.5.2/../../../../pic32mx/lib/size\libpic32.a(vector16.o)
                0x9fc01400                __vector_dispatch_16
                0x00000001                ASSERT (((_vector_spacing == 0x0) || (SIZEOF (.vector_16) <= (_vector_spacing << 0x5))), function at exception vector 16 too large)

.vector_17      0x9fc01420        0x8
 *(.vector_17)
 .vector_17     0x9fc01420        0x8 build/default/production/_ext/1472/rovercode.o
                0x9fc01420                __vector_dispatch_17
                0x00000001                ASSERT (((_vector_spacing == 0x0) || (SIZEOF (.vector_17) <= (_vector_spacing << 0x5))), function at exception vector 17 too large)

.vector_18      0x9fc01440        0x8
 *(.vector_18)
 .vector_18     0x9fc01440        0x8 c:/program files (x86)/microchip/xc32/v1.31/bin/../lib/gcc/pic32mx/4.5.2/../../../../pic32mx/lib/size\libpic32.a(vector18.o)
                0x9fc01440                __vector_dispatch_18
                0x00000001                ASSERT (((_vector_spacing == 0x0) || (SIZEOF (.vector_18) <= (_vector_spacing << 0x5))), function at exception vector 18 too large)

.vector_19      0x9fc01460        0x8
 *(.vector_19)
 .vector_19     0x9fc01460        0x8 c:/program files (x86)/microchip/xc32/v1.31/bin/../lib/gcc/pic32mx/4.5.2/../../../../pic32mx/lib/size\libpic32.a(vector19.o)
                0x9fc01460                __vector_dispatch_19
                0x00000001                ASSERT (((_vector_spacing == 0x0) || (SIZEOF (.vector_19) <= (_vector_spacing << 0x5))), function at exception vector 19 too large)

.vector_20      0x9fc01480        0x8
 *(.vector_20)
 .vector_20     0x9fc01480        0x8 c:/program files (x86)/microchip/xc32/v1.31/bin/../lib/gcc/pic32mx/4.5.2/../../../../pic32mx/lib/size\libpic32.a(vector20.o)
                0x9fc01480                __vector_dispatch_20
                0x00000001                ASSERT (((_vector_spacing == 0x0) || (SIZEOF (.vector_20) <= (_vector_spacing << 0x5))), function at exception vector 20 too large)

.vector_21      0x9fc014a0        0x8
 *(.vector_21)
 .vector_21     0x9fc014a0        0x8 c:/program files (x86)/microchip/xc32/v1.31/bin/../lib/gcc/pic32mx/4.5.2/../../../../pic32mx/lib/size\libpic32.a(vector21.o)
                0x9fc014a0                __vector_dispatch_21
                0x00000001                ASSERT (((_vector_spacing == 0x0) || (SIZEOF (.vector_21) <= (_vector_spacing << 0x5))), function at exception vector 21 too large)

.vector_22      0x9fc014c0        0x8
 *(.vector_22)
 .vector_22     0x9fc014c0        0x8 c:/program files (x86)/microchip/xc32/v1.31/bin/../lib/gcc/pic32mx/4.5.2/../../../../pic32mx/lib/size\libpic32.a(vector22.o)
                0x9fc014c0                __vector_dispatch_22
                0x00000001                ASSERT (((_vector_spacing == 0x0) || (SIZEOF (.vector_22) <= (_vector_spacing << 0x5))), function at exception vector 22 too large)

.vector_23      0x9fc014e0        0x8
 *(.vector_23)
 .vector_23     0x9fc014e0        0x8 c:/program files (x86)/microchip/xc32/v1.31/bin/../lib/gcc/pic32mx/4.5.2/../../../../pic32mx/lib/size\libpic32.a(vector23.o)
                0x9fc014e0                __vector_dispatch_23
                0x00000001                ASSERT (((_vector_spacing == 0x0) || (SIZEOF (.vector_23) <= (_vector_spacing << 0x5))), function at exception vector 23 too large)

.vector_24      0x9fc01500        0x8
 *(.vector_24)
 .vector_24     0x9fc01500        0x8 build/default/production/_ext/1472/rovercode.o
                0x9fc01500                __vector_dispatch_24
                0x00000001                ASSERT (((_vector_spacing == 0x0) || (SIZEOF (.vector_24) <= (_vector_spacing << 0x5))), function at exception vector 24 too large)

.vector_25      0x9fc01520        0x8
 *(.vector_25)
 .vector_25     0x9fc01520        0x8 c:/program files (x86)/microchip/xc32/v1.31/bin/../lib/gcc/pic32mx/4.5.2/../../../../pic32mx/lib/size\libpic32.a(vector25.o)
                0x9fc01520                __vector_dispatch_25
                0x00000001                ASSERT (((_vector_spacing == 0x0) || (SIZEOF (.vector_25) <= (_vector_spacing << 0x5))), function at exception vector 25 too large)

.vector_26      0x9fc01540        0x8
 *(.vector_26)
 .vector_26     0x9fc01540        0x8 c:/program files (x86)/microchip/xc32/v1.31/bin/../lib/gcc/pic32mx/4.5.2/../../../../pic32mx/lib/size\libpic32.a(vector26.o)
                0x9fc01540                __vector_dispatch_26
                0x00000001                ASSERT (((_vector_spacing == 0x0) || (SIZEOF (.vector_26) <= (_vector_spacing << 0x5))), function at exception vector 26 too large)

.vector_27      0x9fc01560        0x8
 *(.vector_27)
 .vector_27     0x9fc01560        0x8 build/default/production/_ext/1472/rovercode.o
                0x9fc01560                __vector_dispatch_27
                0x00000001                ASSERT (((_vector_spacing == 0x0) || (SIZEOF (.vector_27) <= (_vector_spacing << 0x5))), function at exception vector 27 too large)

.vector_28      0x9fc01580        0x8
 *(.vector_28)
 .vector_28     0x9fc01580        0x8 c:/program files (x86)/microchip/xc32/v1.31/bin/../lib/gcc/pic32mx/4.5.2/../../../../pic32mx/lib/size\libpic32.a(vector28.o)
                0x9fc01580                __vector_dispatch_28
                0x00000001                ASSERT (((_vector_spacing == 0x0) || (SIZEOF (.vector_28) <= (_vector_spacing << 0x5))), function at exception vector 28 too large)

.vector_29      0x9fc015a0        0x8
 *(.vector_29)
 .vector_29     0x9fc015a0        0x8 c:/program files (x86)/microchip/xc32/v1.31/bin/../lib/gcc/pic32mx/4.5.2/../../../../pic32mx/lib/size\libpic32.a(vector29.o)
                0x9fc015a0                __vector_dispatch_29
                0x00000001                ASSERT (((_vector_spacing == 0x0) || (SIZEOF (.vector_29) <= (_vector_spacing << 0x5))), function at exception vector 29 too large)

.vector_30      0x9fc015c0        0x8
 *(.vector_30)
 .vector_30     0x9fc015c0        0x8 c:/program files (x86)/microchip/xc32/v1.31/bin/../lib/gcc/pic32mx/4.5.2/../../../../pic32mx/lib/size\libpic32.a(vector30.o)
                0x9fc015c0                __vector_dispatch_30
                0x00000001                ASSERT (((_vector_spacing == 0x0) || (SIZEOF (.vector_30) <= (_vector_spacing << 0x5))), function at exception vector 30 too large)

.vector_31      0x9fc015e0        0x8
 *(.vector_31)
 .vector_31     0x9fc015e0        0x8 c:/program files (x86)/microchip/xc32/v1.31/bin/../lib/gcc/pic32mx/4.5.2/../../../../pic32mx/lib/size\libpic32.a(vector31.o)
                0x9fc015e0                __vector_dispatch_31
                0x00000001                ASSERT (((_vector_spacing == 0x0) || (SIZEOF (.vector_31) <= (_vector_spacing << 0x5))), function at exception vector 31 too large)

.vector_32      0x9fc01600        0x8
 *(.vector_32)
 .vector_32     0x9fc01600        0x8 build/default/production/_ext/1472/rovercode.o
                0x9fc01600                __vector_dispatch_32
                0x00000001                ASSERT (((_vector_spacing == 0x0) || (SIZEOF (.vector_32) <= (_vector_spacing << 0x5))), function at exception vector 32 too large)

.vector_33      0x9fc01620        0x8
 *(.vector_33)
 .vector_33     0x9fc01620        0x8 c:/program files (x86)/microchip/xc32/v1.31/bin/../lib/gcc/pic32mx/4.5.2/../../../../pic32mx/lib/size\libpic32.a(vector33.o)
                0x9fc01620                __vector_dispatch_33
                0x00000001                ASSERT (((_vector_spacing == 0x0) || (SIZEOF (.vector_33) <= (_vector_spacing << 0x5))), function at exception vector 33 too large)

.vector_34      0x9fc01640        0x8
 *(.vector_34)
 .vector_34     0x9fc01640        0x8 c:/program files (x86)/microchip/xc32/v1.31/bin/../lib/gcc/pic32mx/4.5.2/../../../../pic32mx/lib/size\libpic32.a(vector34.o)
                0x9fc01640                __vector_dispatch_34
                0x00000001                ASSERT (((_vector_spacing == 0x0) || (SIZEOF (.vector_34) <= (_vector_spacing << 0x5))), function at exception vector 34 too large)

.vector_35      0x9fc01660        0x8
 *(.vector_35)
 .vector_35     0x9fc01660        0x8 c:/program files (x86)/microchip/xc32/v1.31/bin/../lib/gcc/pic32mx/4.5.2/../../../../pic32mx/lib/size\libpic32.a(vector35.o)
                0x9fc01660                __vector_dispatch_35
                0x00000001                ASSERT (((_vector_spacing == 0x0) || (SIZEOF (.vector_35) <= (_vector_spacing << 0x5))), function at exception vector 35 too large)

.vector_36      0x9fc01680        0x8
 *(.vector_36)
 .vector_36     0x9fc01680        0x8 c:/program files (x86)/microchip/xc32/v1.31/bin/../lib/gcc/pic32mx/4.5.2/../../../../pic32mx/lib/size\libpic32.a(vector36.o)
                0x9fc01680                __vector_dispatch_36
                0x00000001                ASSERT (((_vector_spacing == 0x0) || (SIZEOF (.vector_36) <= (_vector_spacing << 0x5))), function at exception vector 36 too large)

.vector_37      0x9fc016a0        0x8
 *(.vector_37)
 .vector_37     0x9fc016a0        0x8 c:/program files (x86)/microchip/xc32/v1.31/bin/../lib/gcc/pic32mx/4.5.2/../../../../pic32mx/lib/size\libpic32.a(vector37.o)
                0x9fc016a0                __vector_dispatch_37
                0x00000001                ASSERT (((_vector_spacing == 0x0) || (SIZEOF (.vector_37) <= (_vector_spacing << 0x5))), function at exception vector 37 too large)

.vector_38      0x9fc016c0        0x8
 *(.vector_38)
 .vector_38     0x9fc016c0        0x8 c:/program files (x86)/microchip/xc32/v1.31/bin/../lib/gcc/pic32mx/4.5.2/../../../../pic32mx/lib/size\libpic32.a(vector38.o)
                0x9fc016c0                __vector_dispatch_38
                0x00000001                ASSERT (((_vector_spacing == 0x0) || (SIZEOF (.vector_38) <= (_vector_spacing << 0x5))), function at exception vector 38 too large)

.vector_39      0x9fc016e0        0x8
 *(.vector_39)
 .vector_39     0x9fc016e0        0x8 c:/program files (x86)/microchip/xc32/v1.31/bin/../lib/gcc/pic32mx/4.5.2/../../../../pic32mx/lib/size\libpic32.a(vector39.o)
                0x9fc016e0                __vector_dispatch_39
                0x00000001                ASSERT (((_vector_spacing == 0x0) || (SIZEOF (.vector_39) <= (_vector_spacing << 0x5))), function at exception vector 39 too large)

.vector_40      0x9fc01700        0x8
 *(.vector_40)
 .vector_40     0x9fc01700        0x8 c:/program files (x86)/microchip/xc32/v1.31/bin/../lib/gcc/pic32mx/4.5.2/../../../../pic32mx/lib/size\libpic32.a(vector40.o)
                0x9fc01700                __vector_dispatch_40
                0x00000001                ASSERT (((_vector_spacing == 0x0) || (SIZEOF (.vector_40) <= (_vector_spacing << 0x5))), function at exception vector 40 too large)

.vector_41      0x9fc01720        0x8
 *(.vector_41)
 .vector_41     0x9fc01720        0x8 c:/program files (x86)/microchip/xc32/v1.31/bin/../lib/gcc/pic32mx/4.5.2/../../../../pic32mx/lib/size\libpic32.a(vector41.o)
                0x9fc01720                __vector_dispatch_41
                0x00000001                ASSERT (((_vector_spacing == 0x0) || (SIZEOF (.vector_41) <= (_vector_spacing << 0x5))), function at exception vector 41 too large)

.vector_42      0x9fc01740        0x8
 *(.vector_42)
 .vector_42     0x9fc01740        0x8 c:/program files (x86)/microchip/xc32/v1.31/bin/../lib/gcc/pic32mx/4.5.2/../../../../pic32mx/lib/size\libpic32.a(vector42.o)
                0x9fc01740                __vector_dispatch_42
                0x00000001                ASSERT (((_vector_spacing == 0x0) || (SIZEOF (.vector_42) <= (_vector_spacing << 0x5))), function at exception vector 42 too large)

.vector_43      0x9fc01760        0x8
 *(.vector_43)
 .vector_43     0x9fc01760        0x8 c:/program files (x86)/microchip/xc32/v1.31/bin/../lib/gcc/pic32mx/4.5.2/../../../../pic32mx/lib/size\libpic32.a(vector43.o)
                0x9fc01760                __vector_dispatch_43
                0x00000001                ASSERT (((_vector_spacing == 0x0) || (SIZEOF (.vector_43) <= (_vector_spacing << 0x5))), function at exception vector 43 too large)

.vector_44      0x9fc01780        0x8
 *(.vector_44)
 .vector_44     0x9fc01780        0x8 c:/program files (x86)/microchip/xc32/v1.31/bin/../lib/gcc/pic32mx/4.5.2/../../../../pic32mx/lib/size\libpic32.a(vector44.o)
                0x9fc01780                __vector_dispatch_44
                0x00000001                ASSERT (((_vector_spacing == 0x0) || (SIZEOF (.vector_44) <= (_vector_spacing << 0x5))), function at exception vector 44 too large)

.vector_45      0x9fc017a0        0x8
 *(.vector_45)
 .vector_45     0x9fc017a0        0x8 c:/program files (x86)/microchip/xc32/v1.31/bin/../lib/gcc/pic32mx/4.5.2/../../../../pic32mx/lib/size\libpic32.a(vector45.o)
                0x9fc017a0                __vector_dispatch_45
                0x00000001                ASSERT (((_vector_spacing == 0x0) || (SIZEOF (.vector_45) <= (_vector_spacing << 0x5))), function at exception vector 45 too large)

.vector_46      0x9fc017c0        0x8
 *(.vector_46)
 .vector_46     0x9fc017c0        0x8 c:/program files (x86)/microchip/xc32/v1.31/bin/../lib/gcc/pic32mx/4.5.2/../../../../pic32mx/lib/size\libpic32.a(vector46.o)
                0x9fc017c0                __vector_dispatch_46
                0x00000001                ASSERT (((_vector_spacing == 0x0) || (SIZEOF (.vector_46) <= (_vector_spacing << 0x5))), function at exception vector 46 too large)

.vector_47      0x9fc017e0        0x8
 *(.vector_47)
 .vector_47     0x9fc017e0        0x8 c:/program files (x86)/microchip/xc32/v1.31/bin/../lib/gcc/pic32mx/4.5.2/../../../../pic32mx/lib/size\libpic32.a(vector47.o)
                0x9fc017e0                __vector_dispatch_47
                0x00000001                ASSERT (((_vector_spacing == 0x0) || (SIZEOF (.vector_47) <= (_vector_spacing << 0x5))), function at exception vector 47 too large)

.vector_48      0x9fc01800        0x8
 *(.vector_48)
 .vector_48     0x9fc01800        0x8 c:/program files (x86)/microchip/xc32/v1.31/bin/../lib/gcc/pic32mx/4.5.2/../../../../pic32mx/lib/size\libpic32.a(vector48.o)
                0x9fc01800                __vector_dispatch_48
                0x00000001                ASSERT (((_vector_spacing == 0x0) || (SIZEOF (.vector_48) <= (_vector_spacing << 0x5))), function at exception vector 48 too large)

.vector_49      0x9fc01820        0x8
 *(.vector_49)
 .vector_49     0x9fc01820        0x8 c:/program files (x86)/microchip/xc32/v1.31/bin/../lib/gcc/pic32mx/4.5.2/../../../../pic32mx/lib/size\libpic32.a(vector49.o)
                0x9fc01820                __vector_dispatch_49
                0x00000001                ASSERT (((_vector_spacing == 0x0) || (SIZEOF (.vector_49) <= (_vector_spacing << 0x5))), function at exception vector 49 too large)

.vector_50      0x9fc01840        0x8
 *(.vector_50)
 .vector_50     0x9fc01840        0x8 c:/program files (x86)/microchip/xc32/v1.31/bin/../lib/gcc/pic32mx/4.5.2/../../../../pic32mx/lib/size\libpic32.a(vector50.o)
                0x9fc01840                __vector_dispatch_50
                0x00000001                ASSERT (((_vector_spacing == 0x0) || (SIZEOF (.vector_50) <= (_vector_spacing << 0x5))), function at exception vector 50 too large)

.vector_51      0x9fc01860        0x8
 *(.vector_51)
 .vector_51     0x9fc01860        0x8 c:/program files (x86)/microchip/xc32/v1.31/bin/../lib/gcc/pic32mx/4.5.2/../../../../pic32mx/lib/size\libpic32.a(vector51.o)
                0x9fc01860                __vector_dispatch_51
                0x00000001                ASSERT (((_vector_spacing == 0x0) || (SIZEOF (.vector_51) <= (_vector_spacing << 0x5))), function at exception vector 51 too large)

.vector_52      0x9fc01880        0x8
 *(.vector_52)
 .vector_52     0x9fc01880        0x8 c:/program files (x86)/microchip/xc32/v1.31/bin/../lib/gcc/pic32mx/4.5.2/../../../../pic32mx/lib/size\libpic32.a(vector52.o)
                0x9fc01880                __vector_dispatch_52
                0x00000001                ASSERT (((_vector_spacing == 0x0) || (SIZEOF (.vector_52) <= (_vector_spacing << 0x5))), function at exception vector 52 too large)

.vector_53      0x9fc018a0        0x8
 *(.vector_53)
 .vector_53     0x9fc018a0        0x8 c:/program files (x86)/microchip/xc32/v1.31/bin/../lib/gcc/pic32mx/4.5.2/../../../../pic32mx/lib/size\libpic32.a(vector53.o)
                0x9fc018a0                __vector_dispatch_53
                0x00000001                ASSERT (((_vector_spacing == 0x0) || (SIZEOF (.vector_53) <= (_vector_spacing << 0x5))), function at exception vector 53 too large)

.vector_54      0x9fc018c0        0x8
 *(.vector_54)
 .vector_54     0x9fc018c0        0x8 c:/program files (x86)/microchip/xc32/v1.31/bin/../lib/gcc/pic32mx/4.5.2/../../../../pic32mx/lib/size\libpic32.a(vector54.o)
                0x9fc018c0                __vector_dispatch_54
                0x00000001                ASSERT (((_vector_spacing == 0x0) || (SIZEOF (.vector_54) <= (_vector_spacing << 0x5))), function at exception vector 54 too large)

.vector_55      0x9fc018e0        0x8
 *(.vector_55)
 .vector_55     0x9fc018e0        0x8 c:/program files (x86)/microchip/xc32/v1.31/bin/../lib/gcc/pic32mx/4.5.2/../../../../pic32mx/lib/size\libpic32.a(vector55.o)
                0x9fc018e0                __vector_dispatch_55
                0x00000001                ASSERT (((_vector_spacing == 0x0) || (SIZEOF (.vector_55) <= (_vector_spacing << 0x5))), function at exception vector 55 too large)

.vector_56      0x9fc01900        0x8
 *(.vector_56)
 .vector_56     0x9fc01900        0x8 c:/program files (x86)/microchip/xc32/v1.31/bin/../lib/gcc/pic32mx/4.5.2/../../../../pic32mx/lib/size\libpic32.a(vector56.o)
                0x9fc01900                __vector_dispatch_56
                0x00000001                ASSERT (((_vector_spacing == 0x0) || (SIZEOF (.vector_56) <= (_vector_spacing << 0x5))), function at exception vector 56 too large)

.vector_57      0x9fc01920        0x8
 *(.vector_57)
 .vector_57     0x9fc01920        0x8 c:/program files (x86)/microchip/xc32/v1.31/bin/../lib/gcc/pic32mx/4.5.2/../../../../pic32mx/lib/size\libpic32.a(vector57.o)
                0x9fc01920                __vector_dispatch_57
                0x00000001                ASSERT (((_vector_spacing == 0x0) || (SIZEOF (.vector_57) <= (_vector_spacing << 0x5))), function at exception vector 57 too large)

.vector_58      0x9fc01940        0x8
 *(.vector_58)
 .vector_58     0x9fc01940        0x8 c:/program files (x86)/microchip/xc32/v1.31/bin/../lib/gcc/pic32mx/4.5.2/../../../../pic32mx/lib/size\libpic32.a(vector58.o)
                0x9fc01940                __vector_dispatch_58
                0x00000001                ASSERT (((_vector_spacing == 0x0) || (SIZEOF (.vector_58) <= (_vector_spacing << 0x5))), function at exception vector 58 too large)

.vector_59      0x9fc01960        0x8
 *(.vector_59)
 .vector_59     0x9fc01960        0x8 c:/program files (x86)/microchip/xc32/v1.31/bin/../lib/gcc/pic32mx/4.5.2/../../../../pic32mx/lib/size\libpic32.a(vector59.o)
                0x9fc01960                __vector_dispatch_59
                0x00000001                ASSERT (((_vector_spacing == 0x0) || (SIZEOF (.vector_59) <= (_vector_spacing << 0x5))), function at exception vector 59 too large)

.vector_60      0x9fc01980        0x8
 *(.vector_60)
 .vector_60     0x9fc01980        0x8 c:/program files (x86)/microchip/xc32/v1.31/bin/../lib/gcc/pic32mx/4.5.2/../../../../pic32mx/lib/size\libpic32.a(vector60.o)
                0x9fc01980                __vector_dispatch_60
                0x00000001                ASSERT (((_vector_spacing == 0x0) || (SIZEOF (.vector_60) <= (_vector_spacing << 0x5))), function at exception vector 60 too large)

.vector_61      0x9fc019a0        0x8
 *(.vector_61)
 .vector_61     0x9fc019a0        0x8 c:/program files (x86)/microchip/xc32/v1.31/bin/../lib/gcc/pic32mx/4.5.2/../../../../pic32mx/lib/size\libpic32.a(vector61.o)
                0x9fc019a0                __vector_dispatch_61
                0x00000001                ASSERT (((_vector_spacing == 0x0) || (SIZEOF (.vector_61) <= (_vector_spacing << 0x5))), function at exception vector 61 too large)

.vector_62      0x9fc019c0        0x8
 *(.vector_62)
 .vector_62     0x9fc019c0        0x8 c:/program files (x86)/microchip/xc32/v1.31/bin/../lib/gcc/pic32mx/4.5.2/../../../../pic32mx/lib/size\libpic32.a(vector62.o)
                0x9fc019c0                __vector_dispatch_62
                0x00000001                ASSERT (((_vector_spacing == 0x0) || (SIZEOF (.vector_62) <= (_vector_spacing << 0x5))), function at exception vector 62 too large)

.vector_63      0x9fc019e0        0x8
 *(.vector_63)
 .vector_63     0x9fc019e0        0x8 c:/program files (x86)/microchip/xc32/v1.31/bin/../lib/gcc/pic32mx/4.5.2/../../../../pic32mx/lib/size\libpic32.a(vector63.o)
                0x9fc019e0                __vector_dispatch_63
                0x00000001                ASSERT (((_vector_spacing == 0x0) || (SIZEOF (.vector_63) <= (_vector_spacing << 0x5))), function at exception vector 63 too large)

.startup
 *(.startup)

.text           0x9d000000        0x0
 *(.stub .gnu.linkonce.t.*)
 *(.text.*personality*)
 *(.mips16.fn.*)
 *(.mips16.call.*)
 *(.gnu.warning)
                0x9d000000                . = ALIGN (0x4)

.init           0x9d000000        0x0
 *crti.o(.init)
 *crtbegin.o(.init)
 *(EXCLUDE_FILE(*crtn.o *crtend?.o *crtend.o) .init)
 *crtend.o(.init)
 *crtn.o(.init)
                0x9d000000                . = ALIGN (0x4)

.fini           0x9d000000        0x0
 *(.fini)
                0x9d000000                . = ALIGN (0x4)

.preinit_array  0x9d000000        0x0
                0x9d000000                PROVIDE (__preinit_array_start, .)
 *(.preinit_array)
                0x9d000000                PROVIDE (__preinit_array_end, .)
                0x9d000000                . = ALIGN (0x4)

.init_array     0x9d000000        0x0
                0x9d000000                PROVIDE (__init_array_start, .)
 *(SORT(.init_array.*))
 *(.init_array)
                0x9d000000                PROVIDE (__init_array_end, .)
                0x9d000000                . = ALIGN (0x4)

.fini_array     0x9d000000        0x0
                0x9d000000                PROVIDE (__fini_array_start, .)
 *(SORT(.fini_array.*))
 *(.fini_array)
                0x9d000000                PROVIDE (__fini_array_end, .)
                0x9d000000                . = ALIGN (0x4)

.ctors          0x9d000000        0x0
 *crtbegin.o(.ctors)
 *crtbegin?.o(.ctors)
 *(EXCLUDE_FILE(*crtend?.o *crtend.o) .ctors)
 *(SORT(.ctors.*))
 *(.ctors)
                0x9d000000                . = ALIGN (0x4)

.dtors          0x9d000000        0x0
 *crtbegin.o(.dtors)
 *crtbegin?.o(.dtors)
 *(EXCLUDE_FILE(*crtend?.o *crtend.o) .dtors)
 *(SORT(.dtors.*))
 *(.dtors)
                0x9d000000                . = ALIGN (0x4)

.rodata         0x9d000000        0x0
 *(.gnu.linkonce.r.*)
 *(.rodata1)
                0x9d000000                . = ALIGN (0x4)

.sdata2         0x9fc00490        0x0
 *(.sdata2 .sdata2.* .gnu.linkonce.s2.*)
                0x9fc00490                . = ALIGN (0x4)

.sbss2          0x9fc00490        0x0
 *(.sbss2 .sbss2.* .gnu.linkonce.sb2.*)
                0x9fc00490                . = ALIGN (0x4)

.eh_frame_hdr
 *(.eh_frame_hdr)
                0x9fc00490                . = ALIGN (0x4)

.eh_frame
 *(.eh_frame)
                0x9fc00490                . = ALIGN (0x4)

.gcc_except_table
 *(.gcc_except_table .gcc_except_table.*)
                0x9fc00490                . = ALIGN (0x4)

.dbg_data       0xa0000000        0x0
                0xa0000000                . = (. + DEFINED (_DEBUGGER)?0x200:0x0)

.jcr            0xa0000000        0x0
 *(.jcr)
                0xa0000000                . = ALIGN (0x4)

.eh_frame       0xa0000000       0x20
 *(.eh_frame)
 .eh_frame      0xa0000000       0x20 c:/program files (x86)/microchip/xc32/v1.31/bin/../lib/gcc/pic32mx/4.5.2/size\libgcc.a(_udivdi3.o)
                0xa0000020                . = ALIGN (0x4)

.gcc_except_table
 *(.gcc_except_table .gcc_except_table.*)
                0xa0000020                . = ALIGN (0x4)

.persist        0xa0000020        0x0
                0xa0000020                _persist_begin = .
 *(.persist .persist.*)
 *(.pbss .pbss.*)
                0xa0000020                . = ALIGN (0x4)
                0xa0000020                _persist_end = .

.data           0xa0000020        0x0
 *(.gnu.linkonce.d.*)
 *(.data1)
                0xa0000020                . = ALIGN (0x4)
                0xa0000020                . = .
                0xa0008010                _gp = (ALIGN (0x10) + 0x7ff0)

.got            0xa0000020        0x0
 *(.got.plt)
 *(.got)
                0xa0000020                . = ALIGN (0x4)

.sdata          0xa0000020       0x38
                0xa0000020                _sdata_begin = .
 *(.sdata .sdata.* .gnu.linkonce.s.*)
 .sdata         0xa0000020       0x20 build/default/production/_ext/1472/rovercode.o
                0xa0000020                ToggleLine
                0xa0000024                emfoffset1
                0xa0000028                emfoffset2
                0xa000002c                setemfoff
                0xa0000030                LINETa
                0xa0000034                LINETb
                0xa0000038                countup1
                0xa0000039                countup2
                0xa000003a                globalRSSI
                0xa000003c                commandstate
 .sdata         0xa0000040        0x1 build/default/production/_ext/1472/MARSGPS.o
 *fill*         0xa0000041        0x3 
 .sdata         0xa0000044        0x8 build/default/production/_ext/1954962658/DNS.o
 .sdata         0xa000004c        0x4 build/default/production/_ext/1954962658/Helpers.o
 .sdata         0xa0000050        0x1 build/default/production/_ext/1954962658/SNTP.o
 .sdata         0xa0000051        0x2 build/default/production/_ext/1954962658/TCP.o
 .sdata         0xa0000053        0x2 build/default/production/_ext/1954962658/UDP.o
 .sdata         0xa0000055        0x1 build/default/production/_ext/243675038/WFConnectionAlgorithm.o
 .sdata         0xa0000056        0x1 build/default/production/_ext/243675038/WFPowerSave.o
                0xa0000058                . = ALIGN (0x4)
 *fill*         0xa0000057        0x1 
                0xa0000058                _sdata_end = .

.lit8
 *(.lit8)

.lit4
 *(.lit4)
                0xa0000058                . = ALIGN (0x4)
                0xa0000058                _data_end = .
                0xa0000058                _bss_begin = .

.sbss           0xa0000058      0x210
                0xa0000058                _sbss_begin = .
 *(.dynsbss)
 *(.sbss .sbss.* .gnu.linkonce.sb.*)
 .sbss          0xa0000058        0xc build/default/production/_ext/1472/GenericTCPServer.o
                0xa0000058                tcptxbufferpoint
 .sbss          0xa0000064        0x1 build/default/production/_ext/1472/I2C.o
                0xa0000064                i2cerror
 *fill*         0xa0000065        0x3 
 .sbss          0xa0000068       0x58 build/default/production/_ext/1472/rovercode.o
                0xa0000068                soundhead
                0xa000006c                soundtail
                0xa0000070                speed1
                0xa0000074                pos1
                0xa0000078                speed2
                0xa000007c                pos2
                0xa0000080                lasticA
                0xa0000084                lasticB
                0xa0000088                closedloop
                0xa0000089                CLflag
                0xa000008a                DesiredL
                0xa000008c                DesiredR
                0xa000008e                McmdL
                0xa0000090                McmdR
                0xa0000094                MotorPWMcount
                0xa0000098                MotorleftV
                0xa000009c                MotorrightV
                0xa00000a0                setLineLed
                0xa00000a4                delta1
                0xa00000a8                delta2
                0xa00000ac                comsdatahead
                0xa00000b0                comsdatatail
                0xa00000b4                REQCOUNT
                0xa00000b8                waveid
                0xa00000bc                bptag
 .sbss          0xa00000c0        0x8 build/default/production/_ext/1472/MARSGPS.o
                0xa00000c0                GPSCNT
                0xa00000c4                GPSRXcount
 .sbss          0xa00000c8        0x8 build/default/production/_ext/1954962658/Announce.o
 .sbss          0xa00000d0        0x4 build/default/production/_ext/1954962658/ARP.o
 .sbss          0xa00000d4        0x4 build/default/production/_ext/1954962658/DHCP.o
                0xa00000d4                DHCPClientInitializedOnce
 .sbss          0xa00000d8       0x18 build/default/production/_ext/1954962658/DNS.o
 .sbss          0xa00000f0        0x4 build/default/production/_ext/1954962658/IP.o
 .sbss          0xa00000f4       0x10 build/default/production/_ext/1954962658/SNTP.o
 .sbss          0xa0000104       0x10 build/default/production/_ext/1954962658/StackTsk.o
                0xa0000108                g_DhcpRenew
                0xa000010c                g_DhcpRetryTimer
 .sbss          0xa0000114        0x2 build/default/production/_ext/1954962658/TCP.o
 *fill*         0xa0000116        0x2 
 .sbss          0xa0000118        0xc build/default/production/_ext/1954962658/Tick.o
 .sbss          0xa0000124        0x8 build/default/production/_ext/1954962658/UDP.o
 .sbss          0xa000012c        0x1 build/default/production/_ext/243675038/WF_Spi.o
 *fill*         0xa000012d        0x3 
 .sbss          0xa0000130        0x4 build/default/production/_ext/243675038/WFConnectionManager.o
 .sbss          0xa0000134        0xc build/default/production/_ext/243675038/WFPowerSave.o
 .sbss          0xa0000140       0x14 build/default/production/_ext/243675038/WFMac_24G.o
 .sbss          0xa0000154        0xc build/default/production/_ext/243675038/WFMgmtMsg_24G.o
                0xa0000158                g_WaitingForMgmtResponse
 .sbss          0xa0000160       0x28 build/default/production/_ext/243675038/WFDriverCom_24G.o
                0xa0000178                g_DhcpSuccessful
                0xa000017c                g_WiFiConnectionChanged
                0xa0000180                g_WiFiConnection
                0xa0000184                g_dhcpInProgress
 .sbss          0xa0000188        0x8 build/default/production/_ext/243675038/WFDriverRaw_24G.o
                0xa0000188                g_HostRAWDataPacketReceived
                0xa000018c                g_RawIndexPastEnd
 .sbss          0xa0000190        0x8 build/default/production/_ext/1472/MainDemo.o
 *(.scommon)
 .scommon       0xa0000198       0x9a build/default/production/_ext/1472/rovercode.o
                0xa0000198                RxHead2
                0xa000019c                errorL
                0xa00001a0                commandlen
                0xa00001a4                LasterrorR
                0xa00001a6                IC1F
                0xa00001a8                dificB0t
                0xa00001ac                RxHead1
                0xa00001b0                dificA1t
                0xa00001b4                emf2v
                0xa00001b8                HlasticA1
                0xa00001bc                CspeedB
                0xa00001c0                timeoutA
                0xa00001c4                dificB1t
                0xa00001c8                lightbv
                0xa00001cc                RxTail2
                0xa00001d0                CspeedA
                0xa00001d2                lasticBS0
                0xa00001d4                LINEB
                0xa00001d8                dificA0t
                0xa00001dc                emf1v
                0xa00001e0                lightav
                0xa00001e4                thermv
                0xa00001e8                HlasticB0
                0xa00001ec                LINEBa
                0xa00001f0                IC3F
                0xa00001f4                photov
                0xa00001f8                PeriodA
                0xa00001fc                lasticAS0
                0xa0000200                HlasticA0
                0xa0000204                PeriodB
                0xa0000208                errorR
                0xa000020c                res
                0xa0000210                LasterrorL
                0xa0000212                lasticBS1
                0xa0000214                LINEA
                0xa0000218                timeoutB
                0xa000021c                HlasticB1
                0xa0000220                erroriR
                0xa0000224                LINEAa
                0xa0000228                lasticAS1
                0xa000022c                RxTail1
                0xa0000230                erroriL
 *fill*         0xa0000232        0x2 
 .scommon       0xa0000234        0x8 build/default/production/_ext/1472/MARSGPS.o
                0xa0000234                GPSRX
 .scommon       0xa000023c        0x6 build/default/production/_ext/1954962658/UDP.o
                0xa000023c                UDPTxCount
                0xa000023e                activeUDPSocket
                0xa0000240                UDPRxCount
 *fill*         0xa0000242        0x2 
 .scommon       0xa0000244        0x4 build/default/production/_ext/243675038/WFPowerSave.o
                0xa0000244                g_rxDtim
 .scommon       0xa0000248        0x6 build/default/production/_ext/243675038/WFMac_24G.o
                0xa0000248                g_rxBufferLength
                0xa000024c                WF_hibernate
 *fill*         0xa000024e        0x2 
 .scommon       0xa0000250        0x8 build/default/production/_ext/243675038/WFDriverCom_24G.o
                0xa0000250                RawMoveState
 .scommon       0xa0000258        0x2 build/default/production/_ext/243675038/WFDriverRaw_24G.o
                0xa0000258                RawWindowState
 *fill*         0xa000025a        0x2 
 .scommon       0xa000025c        0xc build/default/production/_ext/1472/MainDemo.o
                0xa000025c                ConnectionProfileID
                0xa0000260                AN0String
                0xa0000268                _sbss_end = .
                0xa0000268                . = ALIGN (0x4)

.bss            0xa0000268     0x134c
 *(.dynbss)
 *(COMMON)
 COMMON         0xa0000268      0x259 build/default/production/_ext/1472/GenericTCPServer.o
                0xa0000268                tcptxbuffer
 *fill*         0xa00004c1        0x3 
 COMMON         0xa00004c4      0xf00 build/default/production/_ext/1472/rovercode.o
                0xa00004c4                comsdata
                0xa00008c4                RX1
                0xa00009c4                sounds
                0xa00011c4                RX2
                0xa00012c4                nextcommand
 COMMON         0xa00013c4        0xa build/default/production/_ext/1954962658/StackTsk.o
                0xa00013c4                remoteNode
 *fill*         0xa00013ce        0x2 
 COMMON         0xa00013d0       0xe0 build/default/production/_ext/1954962658/UDP.o
                0xa00013d0                UDPSocketInfo
 COMMON         0xa00014b0      0x104 build/default/production/_ext/1472/MainDemo.o
                0xa00014b0                AppConfig
                0xa000154c                g_WpsPassphrase
                0xa00015b4                . = ALIGN ((. != 0x0)?0x4:0x1)
                0xa00015b4                . = ALIGN (0x4)
                0xa00015b4                _end = .
                0xa00015b4                _bss_end = .
                0x00008000                _bmxdudba_address = 0x8000
                0x00008000                _bmxdupba_address = 0x8000

/DISCARD/
 *(.pdr)
 *(.rel.dyn)
 *(.note.GNU-stack)
 *(.note.GNU-stack)
 *(.gnu_debuglink)
 *(.gnu.lto_*)
 *(.discard)

.gptab.sdata
 *(.gptab.data)
 *(.gptab.sdata)

.gptab.sbss
 *(.gptab.bss)
 *(.gptab.sbss)

.mdebug.abi32   0xa00015b4        0x0
 *(.mdebug.abi32)
 .mdebug.abi32  0xa00015b4        0x0 build/default/production/_ext/1472/GenericTCPServer.o
 .mdebug.abi32  0xa00015b4        0x0 build/default/production/_ext/1472/I2C.o
 .mdebug.abi32  0xa00015b4        0x0 build/default/production/_ext/1472/rovercode.o
 .mdebug.abi32  0xa00015b4        0x0 build/default/production/_ext/1472/MARSGPS.o
 .mdebug.abi32  0xa00015b4        0x0 build/default/production/_ext/1954962658/Announce.o
 .mdebug.abi32  0xa00015b4        0x0 build/default/production/_ext/1954962658/ARCFOUR.o
 .mdebug.abi32  0xa00015b4        0x0 build/default/production/_ext/1954962658/ARP.o
 .mdebug.abi32  0xa00015b4        0x0 build/default/production/_ext/1954962658/AutoIP.o
 .mdebug.abi32  0xa00015b4        0x0 build/default/production/_ext/1954962658/BerkeleyAPI.o
 .mdebug.abi32  0xa00015b4        0x0 build/default/production/_ext/1954962658/BigInt.o
 .mdebug.abi32  0xa00015b4        0x0 build/default/production/_ext/1954962658/Delay.o
 .mdebug.abi32  0xa00015b4        0x0 build/default/production/_ext/1954962658/DHCP.o
 .mdebug.abi32  0xa00015b4        0x0 build/default/production/_ext/1954962658/DHCPs.o
 .mdebug.abi32  0xa00015b4        0x0 build/default/production/_ext/1954962658/DNS.o
 .mdebug.abi32  0xa00015b4        0x0 build/default/production/_ext/1954962658/DNSs.o
 .mdebug.abi32  0xa00015b4        0x0 build/default/production/_ext/1954962658/DynDNS.o
 .mdebug.abi32  0xa00015b4        0x0 build/default/production/_ext/1954962658/ENC28J60.o
 .mdebug.abi32  0xa00015b4        0x0 build/default/production/_ext/1954962658/ENCX24J600.o
 .mdebug.abi32  0xa00015b4        0x0 build/default/production/_ext/1954962658/FileSystem.o
 .mdebug.abi32  0xa00015b4        0x0 build/default/production/_ext/1954962658/FTP.o
 .mdebug.abi32  0xa00015b4        0x0 build/default/production/_ext/1954962658/Hashes.o
 .mdebug.abi32  0xa00015b4        0x0 build/default/production/_ext/1954962658/Helpers.o
 .mdebug.abi32  0xa00015b4        0x0 build/default/production/_ext/1954962658/ICMP.o
 .mdebug.abi32  0xa00015b4        0x0 build/default/production/_ext/1954962658/IP.o
 .mdebug.abi32  0xa00015b4        0x0 build/default/production/_ext/1954962658/LCDBlocking.o
 .mdebug.abi32  0xa00015b4        0x0 build/default/production/_ext/1954962658/MPFS2.o
 .mdebug.abi32  0xa00015b4        0x0 build/default/production/_ext/1954962658/NBNS.o
 .mdebug.abi32  0xa00015b4        0x0 build/default/production/_ext/1954962658/Reboot.o
 .mdebug.abi32  0xa00015b4        0x0 build/default/production/_ext/1954962658/RSA.o
 .mdebug.abi32  0xa00015b4        0x0 build/default/production/_ext/1954962658/SMTP.o
 .mdebug.abi32  0xa00015b4        0x0 build/default/production/_ext/1954962658/SNMP.o
 .mdebug.abi32  0xa00015b4        0x0 build/default/production/_ext/1954962658/SNMPv3.o
 .mdebug.abi32  0xa00015b4        0x0 build/default/production/_ext/1954962658/SNMPv3USM.o
 .mdebug.abi32  0xa00015b4        0x0 build/default/production/_ext/1954962658/SNTP.o
 .mdebug.abi32  0xa00015b4        0x0 build/default/production/_ext/1954962658/SPIEEPROM.o
 .mdebug.abi32  0xa00015b4        0x0 build/default/production/_ext/1954962658/SPIFlash.o
 .mdebug.abi32  0xa00015b4        0x0 build/default/production/_ext/1954962658/SPIRAM.o
 .mdebug.abi32  0xa00015b4        0x0 build/default/production/_ext/1954962658/SSL.o
 .mdebug.abi32  0xa00015b4        0x0 build/default/production/_ext/1954962658/StackTsk.o
 .mdebug.abi32  0xa00015b4        0x0 build/default/production/_ext/1954962658/TCP.o
 .mdebug.abi32  0xa00015b4        0x0 build/default/production/_ext/1954962658/TFTPc.o
 .mdebug.abi32  0xa00015b4        0x0 build/default/production/_ext/1954962658/Tick.o
 .mdebug.abi32  0xa00015b4        0x0 build/default/production/_ext/1954962658/UART.o
 .mdebug.abi32  0xa00015b4        0x0 build/default/production/_ext/1954962658/UDP.o
 .mdebug.abi32  0xa00015b4        0x0 build/default/production/_ext/1954962658/ZeroconfHelper.o
 .mdebug.abi32  0xa00015b4        0x0 build/default/production/_ext/1954962658/ZeroconfLinkLocal.o
 .mdebug.abi32  0xa00015b4        0x0 build/default/production/_ext/1954962658/ZeroconfMulticastDNS.o
 .mdebug.abi32  0xa00015b4        0x0 build/default/production/_ext/1472/MPFSImg2.o
 .mdebug.abi32  0xa00015b4        0x0 build/default/production/_ext/243675038/WF_Eint.o
 .mdebug.abi32  0xa00015b4        0x0 build/default/production/_ext/243675038/WF_Spi.o
 .mdebug.abi32  0xa00015b4        0x0 build/default/production/_ext/243675038/WFConnectionAlgorithm.o
 .mdebug.abi32  0xa00015b4        0x0 build/default/production/_ext/243675038/WFConnectionManager.o
 .mdebug.abi32  0xa00015b4        0x0 build/default/production/_ext/243675038/WFConnectionProfile.o
 .mdebug.abi32  0xa00015b4        0x0 build/default/production/_ext/243675038/WFConsole.o
 .mdebug.abi32  0xa00015b4        0x0 build/default/production/_ext/243675038/WFConsoleIfconfig.o
 .mdebug.abi32  0xa00015b4        0x0 build/default/production/_ext/243675038/WFConsoleIwconfig.o
 .mdebug.abi32  0xa00015b4        0x0 build/default/production/_ext/243675038/WFConsoleIwpriv.o
 .mdebug.abi32  0xa00015b4        0x0 build/default/production/_ext/243675038/WFConsoleMsgHandler.o
 .mdebug.abi32  0xa00015b4        0x0 build/default/production/_ext/243675038/WFConsoleMsgs.o
 .mdebug.abi32  0xa00015b4        0x0 build/default/production/_ext/243675038/WFDataTxRx.o
 .mdebug.abi32  0xa00015b4        0x0 build/default/production/_ext/243675038/WFEasyConfig.o
 .mdebug.abi32  0xa00015b4        0x0 build/default/production/_ext/243675038/WFEventHandler.o
 .mdebug.abi32  0xa00015b4        0x0 build/default/production/_ext/243675038/WFInit.o
 .mdebug.abi32  0xa00015b4        0x0 build/default/production/_ext/243675038/WFPowerSave.o
 .mdebug.abi32  0xa00015b4        0x0 build/default/production/_ext/243675038/WFScan.o
 .mdebug.abi32  0xa00015b4        0x0 build/default/production/_ext/243675038/WFTxPower.o
 .mdebug.abi32  0xa00015b4        0x0 build/default/production/_ext/1472/WF_Config.o
 .mdebug.abi32  0xa00015b4        0x0 build/default/production/_ext/243675038/WF_pbkdf2.o
 .mdebug.abi32  0xa00015b4        0x0 build/default/production/_ext/243675038/WFMac_24G.o
 .mdebug.abi32  0xa00015b4        0x0 build/default/production/_ext/243675038/WFMgmtMsg_24G.o
 .mdebug.abi32  0xa00015b4        0x0 build/default/production/_ext/243675038/WFParamMsg_24G.o
 .mdebug.abi32  0xa00015b4        0x0 build/default/production/_ext/243675038/WFDebugStrings.o
 .mdebug.abi32  0xa00015b4        0x0 build/default/production/_ext/243675038/WFDriverCom_24G.o
 .mdebug.abi32  0xa00015b4        0x0 build/default/production/_ext/243675038/WFDriverRaw_24G.o
 .mdebug.abi32  0xa00015b4        0x0 build/default/production/_ext/1472/CustomSSLCert.o
 .mdebug.abi32  0xa00015b4        0x0 build/default/production/_ext/1472/MainDemo.o
 .mdebug.abi32  0xa00015b4        0x0 c:/program files (x86)/microchip/xc32/v1.31/bin/../lib/gcc/pic32mx/4.5.2/../../../../pic32mx/lib/size\libmchp_peripheral_32MX340F256H.a(pcache.o)
 .mdebug.abi32  0xa00015b4        0x0 c:/program files (x86)/microchip/xc32/v1.31/bin/../lib/gcc/pic32mx/4.5.2/../../../../pic32mx/lib/size\libmchp_peripheral_32MX340F256H.a(int_disable_interrupts_lib.o)
 .mdebug.abi32  0xa00015b4        0x0 c:/program files (x86)/microchip/xc32/v1.31/bin/../lib/gcc/pic32mx/4.5.2/../../../../pic32mx/lib/size\libmchp_peripheral_32MX340F256H.a(int_restore_interrupts_lib.o)
 .mdebug.abi32  0xa00015b4        0x0 c:/program files (x86)/microchip/xc32/v1.31/bin/../lib/gcc/pic32mx/4.5.2/../../../../pic32mx/lib/size\libmchp_peripheral_32MX340F256H.a(int_enable_mv_int_lib.o)
 .mdebug.abi32  0xa00015b4        0x0 c:/program files (x86)/microchip/xc32/v1.31/bin/../lib/gcc/pic32mx/4.5.2/../../../../pic32mx/lib/size\libmchp_peripheral_32MX340F256H.a(I2CEnable.o)
 .mdebug.abi32  0xa00015b4        0x0 c:/program files (x86)/microchip/xc32/v1.31/bin/../lib/gcc/pic32mx/4.5.2/../../../../pic32mx/lib/size\libmchp_peripheral_32MX340F256H.a(I2CSetFrequency.o)
 .mdebug.abi32  0xa00015b4        0x0 c:/program files (x86)/microchip/xc32/v1.31/bin/../lib/gcc/pic32mx/4.5.2/../../../../pic32mx/lib/size\libmchp_peripheral_32MX340F256H.a(int_enable_interrupts_lib.o)
 .mdebug.abi32  0xa00015b4        0x0 c:/program files (x86)/microchip/xc32/v1.31/bin/../lib/gcc/pic32mx/4.5.2/../../../../pic32mx/lib/size\libmchp_peripheral_32MX340F256H.a(I2CPrivate.o)
 .mdebug.abi32  0xa00015b4        0x0 c:/program files (x86)/microchip/xc32/v1.31/bin/../lib/gcc/pic32mx/4.5.2/size\libgcc.a(_udivdi3.o)
 .mdebug.abi32  0xa00015b4        0x0 c:/program files (x86)/microchip/xc32/v1.31/bin/../lib/gcc/pic32mx/4.5.2/../../../../pic32mx/lib/size\libpic32.a(default-bootstrap-exception-handler.o)
 .mdebug.abi32  0xa00015b4        0x0 c:/program files (x86)/microchip/xc32/v1.31/bin/../lib/gcc/pic32mx/4.5.2/../../../../pic32mx/lib/size\libpic32.a(default-on-reset.o)
 .mdebug.abi32  0xa00015b4        0x0 c:/program files (x86)/microchip/xc32/v1.31/bin/../lib/gcc/pic32mx/4.5.2/../../../../pic32mx/lib/size\libpic32.a(default-on-bootstrap.o)
 .mdebug.abi32  0xa00015b4        0x0 c:/program files (x86)/microchip/xc32/v1.31/bin/../lib/gcc/pic32mx/4.5.2/../../../../pic32mx/lib/size\libpic32.a(defaultinterrupt.o)
 .mdebug.abi32  0xa00015b4        0x0 c:/program files (x86)/microchip/xc32/v1.31/bin/../lib/gcc/pic32mx/4.5.2/../../../../pic32mx/lib/size\libc.a(ctype.o)
 .mdebug.abi32  0xa00015b4        0x0 c:/program files (x86)/microchip/xc32/v1.31/bin/../lib/gcc/pic32mx/4.5.2/../../../../pic32mx/lib/size\libc.a(strncpy.o)

.mdebug.abiN32
 *(.mdebug.abiN32)

.mdebug.abi64
 *(.mdebug.abi64)

.mdebug.abiO64
 *(.mdebug.abiO64)

.mdebug.eabi32
 *(.mdebug.eabi32)

.mdebug.eabi64
 *(.mdebug.eabi64)

.gcc_compiled_long32
 *(.gcc_compiled_long32)

.gcc_compiled_long64
 *(.gcc_compiled_long64)

.stab
 *(.stab)

.stabstr
 *(.stabstr)

.stab.excl
 *(.stab.excl)

.stab.exclstr
 *(.stab.exclstr)

.stab.index
 *(.stab.index)

.stab.indexstr
 *(.stab.indexstr)

.comment        0x00000000      0x14b
 *(.comment)
 .comment       0x00000000       0x3c build/default/production/_ext/1472/GenericTCPServer.o
                                 0x3d (size before relaxing)
 .comment       0x00000000       0x3d build/default/production/_ext/1472/I2C.o
 .comment       0x00000000       0x3d build/default/production/_ext/1472/rovercode.o
 .comment       0x00000000       0x3d build/default/production/_ext/1472/MARSGPS.o
 .comment       0x00000000       0x3d build/default/production/_ext/1954962658/Announce.o
 .comment       0x00000000       0x3d build/default/production/_ext/1954962658/ARCFOUR.o
 .comment       0x00000000       0x3d build/default/production/_ext/1954962658/ARP.o
 .comment       0x00000000       0x3d build/default/production/_ext/1954962658/AutoIP.o
 .comment       0x00000000       0x3d build/default/production/_ext/1954962658/BerkeleyAPI.o
 .comment       0x00000000       0x3d build/default/production/_ext/1954962658/BigInt.o
 .comment       0x00000000       0x3d build/default/production/_ext/1954962658/Delay.o
 .comment       0x00000000       0x3d build/default/production/_ext/1954962658/DHCP.o
 .comment       0x00000000       0x3d build/default/production/_ext/1954962658/DHCPs.o
 .comment       0x00000000       0x3d build/default/production/_ext/1954962658/DNS.o
 .comment       0x00000000       0x3d build/default/production/_ext/1954962658/DNSs.o
 .comment       0x00000000       0x3d build/default/production/_ext/1954962658/DynDNS.o
 .comment       0x00000000       0x3d build/default/production/_ext/1954962658/ENC28J60.o
 .comment       0x00000000       0x3d build/default/production/_ext/1954962658/ENCX24J600.o
 .comment       0x00000000       0x3d build/default/production/_ext/1954962658/FileSystem.o
 .comment       0x00000000       0x3d build/default/production/_ext/1954962658/FTP.o
 .comment       0x00000000       0x3d build/default/production/_ext/1954962658/Hashes.o
 .comment       0x00000000       0x3d build/default/production/_ext/1954962658/Helpers.o
 .comment       0x00000000       0x3d build/default/production/_ext/1954962658/ICMP.o
 .comment       0x00000000       0x3d build/default/production/_ext/1954962658/IP.o
 .comment       0x00000000       0x3d build/default/production/_ext/1954962658/LCDBlocking.o
 .comment       0x00000000       0x3d build/default/production/_ext/1954962658/MPFS2.o
 .comment       0x00000000       0x3d build/default/production/_ext/1954962658/NBNS.o
 .comment       0x00000000       0x3d build/default/production/_ext/1954962658/Reboot.o
 .comment       0x00000000       0x3d build/default/production/_ext/1954962658/RSA.o
 .comment       0x00000000       0x3d build/default/production/_ext/1954962658/SMTP.o
 .comment       0x00000000       0x3d build/default/production/_ext/1954962658/SNMP.o
 .comment       0x00000000       0x3d build/default/production/_ext/1954962658/SNMPv3.o
 .comment       0x00000000       0x3d build/default/production/_ext/1954962658/SNMPv3USM.o
 .comment       0x00000000       0x3d build/default/production/_ext/1954962658/SNTP.o
 .comment       0x00000000       0x3d build/default/production/_ext/1954962658/SPIEEPROM.o
 .comment       0x00000000       0x3d build/default/production/_ext/1954962658/SPIFlash.o
 .comment       0x00000000       0x3d build/default/production/_ext/1954962658/SPIRAM.o
 .comment       0x00000000       0x3d build/default/production/_ext/1954962658/SSL.o
 .comment       0x00000000       0x3d build/default/production/_ext/1954962658/StackTsk.o
 .comment       0x00000000       0x3d build/default/production/_ext/1954962658/TCP.o
 .comment       0x00000000       0x3d build/default/production/_ext/1954962658/TFTPc.o
 .comment       0x00000000       0x3d build/default/production/_ext/1954962658/Tick.o
 .comment       0x00000000       0x3d build/default/production/_ext/1954962658/UART.o
 .comment       0x00000000       0x3d build/default/production/_ext/1954962658/UDP.o
 .comment       0x00000000       0x3d build/default/production/_ext/1954962658/ZeroconfHelper.o
 .comment       0x00000000       0x3d build/default/production/_ext/1954962658/ZeroconfLinkLocal.o
 .comment       0x00000000       0x3d build/default/production/_ext/1954962658/ZeroconfMulticastDNS.o
 .comment       0x00000000       0x3d build/default/production/_ext/1472/MPFSImg2.o
 .comment       0x00000000       0x3d build/default/production/_ext/243675038/WF_Eint.o
 .comment       0x00000000       0x3d build/default/production/_ext/243675038/WF_Spi.o
 .comment       0x00000000       0x3d build/default/production/_ext/243675038/WFConnectionAlgorithm.o
 .comment       0x00000000       0x3d build/default/production/_ext/243675038/WFConnectionManager.o
 .comment       0x00000000       0x3d build/default/production/_ext/243675038/WFConnectionProfile.o
 .comment       0x00000000       0x3d build/default/production/_ext/243675038/WFConsole.o
 .comment       0x00000000       0x3d build/default/production/_ext/243675038/WFConsoleIfconfig.o
 .comment       0x00000000       0x3d build/default/production/_ext/243675038/WFConsoleIwconfig.o
 .comment       0x00000000       0x3d build/default/production/_ext/243675038/WFConsoleIwpriv.o
 .comment       0x00000000       0x3d build/default/production/_ext/243675038/WFConsoleMsgHandler.o
 .comment       0x00000000       0x3d build/default/production/_ext/243675038/WFConsoleMsgs.o
 .comment       0x00000000       0x3d build/default/production/_ext/243675038/WFDataTxRx.o
 .comment       0x00000000       0x3d build/default/production/_ext/243675038/WFEasyConfig.o
 .comment       0x00000000       0x3d build/default/production/_ext/243675038/WFEventHandler.o
 .comment       0x00000000       0x3d build/default/production/_ext/243675038/WFInit.o
 .comment       0x00000000       0x3d build/default/production/_ext/243675038/WFPowerSave.o
 .comment       0x00000000       0x3d build/default/production/_ext/243675038/WFScan.o
 .comment       0x00000000       0x3d build/default/production/_ext/243675038/WFTxPower.o
 .comment       0x00000000       0x3d build/default/production/_ext/1472/WF_Config.o
 .comment       0x00000000       0x3d build/default/production/_ext/243675038/WF_pbkdf2.o
 .comment       0x00000000       0x3d build/default/production/_ext/243675038/WFMac_24G.o
 .comment       0x00000000       0x3d build/default/production/_ext/243675038/WFMgmtMsg_24G.o
 .comment       0x00000000       0x3d build/default/production/_ext/243675038/WFParamMsg_24G.o
 .comment       0x00000000       0x3d build/default/production/_ext/243675038/WFDebugStrings.o
 .comment       0x00000000       0x3d build/default/production/_ext/243675038/WFDriverCom_24G.o
 .comment       0x00000000       0x3d build/default/production/_ext/243675038/WFDriverRaw_24G.o
 .comment       0x00000000       0x3d build/default/production/_ext/1472/CustomSSLCert.o
 .comment       0x00000000       0x3d build/default/production/_ext/1472/MainDemo.o
 .comment       0x0000003c       0x3c c:/program files (x86)/microchip/xc32/v1.31/bin/../lib/gcc/pic32mx/4.5.2/../../../../pic32mx/lib/size\libmchp_peripheral_32MX340F256H.a(pcache.o)
                                 0x3d (size before relaxing)
 .comment       0x00000000       0x3d c:/program files (x86)/microchip/xc32/v1.31/bin/../lib/gcc/pic32mx/4.5.2/../../../../pic32mx/lib/size\libmchp_peripheral_32MX340F256H.a(int_disable_interrupts_lib.o)
 .comment       0x00000000       0x3d c:/program files (x86)/microchip/xc32/v1.31/bin/../lib/gcc/pic32mx/4.5.2/../../../../pic32mx/lib/size\libmchp_peripheral_32MX340F256H.a(int_restore_interrupts_lib.o)
 .comment       0x00000000       0x3d c:/program files (x86)/microchip/xc32/v1.31/bin/../lib/gcc/pic32mx/4.5.2/../../../../pic32mx/lib/size\libmchp_peripheral_32MX340F256H.a(int_enable_mv_int_lib.o)
 .comment       0x00000000       0x3d c:/program files (x86)/microchip/xc32/v1.31/bin/../lib/gcc/pic32mx/4.5.2/../../../../pic32mx/lib/size\libmchp_peripheral_32MX340F256H.a(I2CEnable.o)
 .comment       0x00000000       0x3d c:/program files (x86)/microchip/xc32/v1.31/bin/../lib/gcc/pic32mx/4.5.2/../../../../pic32mx/lib/size\libmchp_peripheral_32MX340F256H.a(I2CSetFrequency.o)
 .comment       0x00000000       0x3d c:/program files (x86)/microchip/xc32/v1.31/bin/../lib/gcc/pic32mx/4.5.2/../../../../pic32mx/lib/size\libmchp_peripheral_32MX340F256H.a(int_enable_interrupts_lib.o)
 .comment       0x00000000       0x3d c:/program files (x86)/microchip/xc32/v1.31/bin/../lib/gcc/pic32mx/4.5.2/../../../../pic32mx/lib/size\libmchp_peripheral_32MX340F256H.a(I2CPrivate.o)
 .comment       0x00000078       0x3c c:/program files (x86)/microchip/xc32/v1.31/bin/../lib/gcc/pic32mx/4.5.2/size\libgcc.a(_udivdi3.o)
                                 0x3d (size before relaxing)
 .comment       0x000000b4       0x18 c:/program files (x86)/microchip/xc32/v1.31/bin/../lib/gcc/pic32mx/4.5.2/../../../../pic32mx/lib/size\libpic32.a(memcmp.o)
                                 0x19 (size before relaxing)
 .comment       0x000000cc       0x18 c:/program files (x86)/microchip/xc32/v1.31/bin/../lib/gcc/pic32mx/4.5.2/../../../../pic32mx/lib/size\libpic32.a(memset.o)
                                 0x19 (size before relaxing)
 .comment       0x000000e4       0x19 c:/program files (x86)/microchip/xc32/v1.31/bin/../lib/gcc/pic32mx/4.5.2/../../../../pic32mx/lib/size\libpic32.a(strlen.o)
                                 0x1a (size before relaxing)
 .comment       0x00000000       0x3d c:/program files (x86)/microchip/xc32/v1.31/bin/../lib/gcc/pic32mx/4.5.2/../../../../pic32mx/lib/size\libpic32.a(default-bootstrap-exception-handler.o)
 .comment       0x00000000       0x3d c:/program files (x86)/microchip/xc32/v1.31/bin/../lib/gcc/pic32mx/4.5.2/../../../../pic32mx/lib/size\libpic32.a(default-on-reset.o)
 .comment       0x00000000       0x3d c:/program files (x86)/microchip/xc32/v1.31/bin/../lib/gcc/pic32mx/4.5.2/../../../../pic32mx/lib/size\libpic32.a(default-on-bootstrap.o)
 .comment       0x00000000       0x3d c:/program files (x86)/microchip/xc32/v1.31/bin/../lib/gcc/pic32mx/4.5.2/../../../../pic32mx/lib/size\libpic32.a(defaultinterrupt.o)
 .comment       0x000000fd       0x4e c:/program files (x86)/microchip/xc32/v1.31/bin/../lib/gcc/pic32mx/4.5.2/../../../../pic32mx/lib/size\libc.a(ctype.o)
                                 0x8b (size before relaxing)
 .comment       0x00000000       0x3d c:/program files (x86)/microchip/xc32/v1.31/bin/../lib/gcc/pic32mx/4.5.2/../../../../pic32mx/lib/size\libc.a(strncpy.o)

.debug
 *(.debug)

.line
 *(.line)

.debug_srcinfo
 *(.debug_srcinfo)

.debug_sfnames
 *(.debug_sfnames)

.debug_aranges  0x00000000      0x688
 *(.debug_aranges)
 .debug_aranges
                0x00000000       0x20 build/default/production/_ext/1472/GenericTCPServer.o
 .debug_aranges
                0x00000020       0x20 build/default/production/_ext/1472/I2C.o
 .debug_aranges
                0x00000040       0x20 build/default/production/_ext/1472/rovercode.o
 .debug_aranges
                0x00000060       0x20 build/default/production/_ext/1472/MARSGPS.o
 .debug_aranges
                0x00000080       0x20 build/default/production/_ext/1954962658/Announce.o
 .debug_aranges
                0x000000a0       0x20 build/default/production/_ext/1954962658/ARP.o
 .debug_aranges
                0x000000c0       0x20 build/default/production/_ext/1954962658/AutoIP.o
 .debug_aranges
                0x000000e0       0x20 build/default/production/_ext/1954962658/Delay.o
 .debug_aranges
                0x00000100       0x20 build/default/production/_ext/1954962658/DHCP.o
 .debug_aranges
                0x00000120       0x20 build/default/production/_ext/1954962658/DNS.o
 .debug_aranges
                0x00000140       0x20 build/default/production/_ext/1954962658/Helpers.o
 .debug_aranges
                0x00000160       0x20 build/default/production/_ext/1954962658/ICMP.o
 .debug_aranges
                0x00000180       0x20 build/default/production/_ext/1954962658/IP.o
 .debug_aranges
                0x000001a0       0x20 build/default/production/_ext/1954962658/SNTP.o
 .debug_aranges
                0x000001c0       0x20 build/default/production/_ext/1954962658/StackTsk.o
 .debug_aranges
                0x000001e0       0x20 build/default/production/_ext/1954962658/TCP.o
 .debug_aranges
                0x00000200       0x20 build/default/production/_ext/1954962658/Tick.o
 .debug_aranges
                0x00000220       0x20 build/default/production/_ext/1954962658/UDP.o
 .debug_aranges
                0x00000240       0x20 build/default/production/_ext/243675038/WF_Eint.o
 .debug_aranges
                0x00000260       0x20 build/default/production/_ext/243675038/WF_Spi.o
 .debug_aranges
                0x00000280       0x20 build/default/production/_ext/243675038/WFConnectionAlgorithm.o
 .debug_aranges
                0x000002a0       0x20 build/default/production/_ext/243675038/WFConnectionManager.o
 .debug_aranges
                0x000002c0       0x20 build/default/production/_ext/243675038/WFConnectionProfile.o
 .debug_aranges
                0x000002e0       0x20 build/default/production/_ext/243675038/WFConsoleMsgHandler.o
 .debug_aranges
                0x00000300       0x20 build/default/production/_ext/243675038/WFConsoleMsgs.o
 .debug_aranges
                0x00000320       0x20 build/default/production/_ext/243675038/WFEventHandler.o
 .debug_aranges
                0x00000340       0x20 build/default/production/_ext/243675038/WFInit.o
 .debug_aranges
                0x00000360       0x20 build/default/production/_ext/243675038/WFPowerSave.o
 .debug_aranges
                0x00000380       0x20 build/default/production/_ext/243675038/WFScan.o
 .debug_aranges
                0x000003a0       0x20 build/default/production/_ext/243675038/WFTxPower.o
 .debug_aranges
                0x000003c0       0x20 build/default/production/_ext/1472/WF_Config.o
 .debug_aranges
                0x000003e0       0x20 build/default/production/_ext/243675038/WF_pbkdf2.o
 .debug_aranges
                0x00000400       0x20 build/default/production/_ext/243675038/WFMac_24G.o
 .debug_aranges
                0x00000420       0x20 build/default/production/_ext/243675038/WFMgmtMsg_24G.o
 .debug_aranges
                0x00000440       0x20 build/default/production/_ext/243675038/WFParamMsg_24G.o
 .debug_aranges
                0x00000460       0x20 build/default/production/_ext/243675038/WFDebugStrings.o
 .debug_aranges
                0x00000480       0x20 build/default/production/_ext/243675038/WFDriverCom_24G.o
 .debug_aranges
                0x000004a0       0x20 build/default/production/_ext/243675038/WFDriverRaw_24G.o
 .debug_aranges
                0x000004c0       0x20 build/default/production/_ext/1472/MainDemo.o
 .debug_aranges
                0x000004e0       0x28 c:/program files (x86)/microchip/xc32/v1.31/bin/../lib/gcc/pic32mx/4.5.2/../../../../pic32mx/lib/size\libmchp_peripheral_32MX340F256H.a(pcache.o)
 .debug_aranges
                0x00000508       0x20 c:/program files (x86)/microchip/xc32/v1.31/bin/../lib/gcc/pic32mx/4.5.2/../../../../pic32mx/lib/size\libmchp_peripheral_32MX340F256H.a(int_disable_interrupts_lib.o)
 .debug_aranges
                0x00000528       0x20 c:/program files (x86)/microchip/xc32/v1.31/bin/../lib/gcc/pic32mx/4.5.2/../../../../pic32mx/lib/size\libmchp_peripheral_32MX340F256H.a(int_restore_interrupts_lib.o)
 .debug_aranges
                0x00000548       0x20 c:/program files (x86)/microchip/xc32/v1.31/bin/../lib/gcc/pic32mx/4.5.2/../../../../pic32mx/lib/size\libmchp_peripheral_32MX340F256H.a(int_enable_mv_int_lib.o)
 .debug_aranges
                0x00000568       0x20 c:/program files (x86)/microchip/xc32/v1.31/bin/../lib/gcc/pic32mx/4.5.2/../../../../pic32mx/lib/size\libmchp_peripheral_32MX340F256H.a(I2CEnable.o)
 .debug_aranges
                0x00000588       0x20 c:/program files (x86)/microchip/xc32/v1.31/bin/../lib/gcc/pic32mx/4.5.2/../../../../pic32mx/lib/size\libmchp_peripheral_32MX340F256H.a(I2CSetFrequency.o)
 .debug_aranges
                0x000005a8       0x20 c:/program files (x86)/microchip/xc32/v1.31/bin/../lib/gcc/pic32mx/4.5.2/../../../../pic32mx/lib/size\libmchp_peripheral_32MX340F256H.a(int_enable_interrupts_lib.o)
 .debug_aranges
                0x000005c8       0x20 c:/program files (x86)/microchip/xc32/v1.31/bin/../lib/gcc/pic32mx/4.5.2/size\libgcc.a(_udivdi3.o)
 .debug_aranges
                0x000005e8       0x20 c:/program files (x86)/microchip/xc32/v1.31/bin/../lib/gcc/pic32mx/4.5.2/../../../../pic32mx/lib/size\libpic32.a(default-bootstrap-exception-handler.o)
 .debug_aranges
                0x00000608       0x20 c:/program files (x86)/microchip/xc32/v1.31/bin/../lib/gcc/pic32mx/4.5.2/../../../../pic32mx/lib/size\libpic32.a(default-on-reset.o)
 .debug_aranges
                0x00000628       0x20 c:/program files (x86)/microchip/xc32/v1.31/bin/../lib/gcc/pic32mx/4.5.2/../../../../pic32mx/lib/size\libpic32.a(default-on-bootstrap.o)
 .debug_aranges
                0x00000648       0x20 c:/program files (x86)/microchip/xc32/v1.31/bin/../lib/gcc/pic32mx/4.5.2/../../../../pic32mx/lib/size\libpic32.a(defaultinterrupt.o)
 .debug_aranges
                0x00000668       0x20 c:/program files (x86)/microchip/xc32/v1.31/bin/../lib/gcc/pic32mx/4.5.2/../../../../pic32mx/lib/size\libc.a(strncpy.o)

.debug_pubnames
                0x00000000     0x26c5
 *(.debug_pubnames)
 .debug_pubnames
                0x00000000       0x5c build/default/production/_ext/1472/GenericTCPServer.o
 .debug_pubnames
                0x0000005c       0x4d build/default/production/_ext/1472/I2C.o
 .debug_pubnames
                0x000000a9      0x5ab build/default/production/_ext/1472/rovercode.o
 .debug_pubnames
                0x00000654       0x46 build/default/production/_ext/1472/MARSGPS.o
 .debug_pubnames
                0x0000069a       0x33 build/default/production/_ext/1954962658/Announce.o
 .debug_pubnames
                0x000006cd       0x6f build/default/production/_ext/1954962658/ARP.o
 .debug_pubnames
                0x0000073c       0xd2 build/default/production/_ext/1954962658/AutoIP.o
 .debug_pubnames
                0x0000080e       0x2c build/default/production/_ext/1954962658/Delay.o
 .debug_pubnames
                0x0000083a       0xcc build/default/production/_ext/1954962658/DHCP.o
 .debug_pubnames
                0x00000906       0x55 build/default/production/_ext/1954962658/DNS.o
 .debug_pubnames
                0x0000095b      0x10a build/default/production/_ext/1954962658/Helpers.o
 .debug_pubnames
                0x00000a65       0x22 build/default/production/_ext/1954962658/ICMP.o
 .debug_pubnames
                0x00000a87       0x44 build/default/production/_ext/1954962658/IP.o
 .debug_pubnames
                0x00000acb       0x37 build/default/production/_ext/1954962658/SNTP.o
 .debug_pubnames
                0x00000b02       0x86 build/default/production/_ext/1954962658/StackTsk.o
 .debug_pubnames
                0x00000b88      0x1ba build/default/production/_ext/1954962658/TCP.o
 .debug_pubnames
                0x00000d42       0x7e build/default/production/_ext/1954962658/Tick.o
 .debug_pubnames
                0x00000dc0      0x155 build/default/production/_ext/1954962658/UDP.o
 .debug_pubnames
                0x00000f15       0x83 build/default/production/_ext/243675038/WF_Eint.o
 .debug_pubnames
                0x00000f98       0x66 build/default/production/_ext/243675038/WF_Spi.o
 .debug_pubnames
                0x00000ffe      0x3d9 build/default/production/_ext/243675038/WFConnectionAlgorithm.o
 .debug_pubnames
                0x000013d7       0xd6 build/default/production/_ext/243675038/WFConnectionManager.o
 .debug_pubnames
                0x000014ad      0x204 build/default/production/_ext/243675038/WFConnectionProfile.o
 .debug_pubnames
                0x000016b1       0x2f build/default/production/_ext/243675038/WFConsoleMsgHandler.o
 .debug_pubnames
                0x000016e0      0x155 build/default/production/_ext/243675038/WFConsoleMsgs.o
 .debug_pubnames
                0x00001835       0x2f build/default/production/_ext/243675038/WFEventHandler.o
 .debug_pubnames
                0x00001864       0x1e build/default/production/_ext/243675038/WFInit.o
 .debug_pubnames
                0x00001882      0x153 build/default/production/_ext/243675038/WFPowerSave.o
 .debug_pubnames
                0x000019d5       0x33 build/default/production/_ext/243675038/WFScan.o
 .debug_pubnames
                0x00001a08       0x58 build/default/production/_ext/243675038/WFTxPower.o
 .debug_pubnames
                0x00001a60       0x26 build/default/production/_ext/1472/WF_Config.o
 .debug_pubnames
                0x00001a86       0x84 build/default/production/_ext/243675038/WF_pbkdf2.o
 .debug_pubnames
                0x00001b0a      0x22c build/default/production/_ext/243675038/WFMac_24G.o
 .debug_pubnames
                0x00001d36       0xb0 build/default/production/_ext/243675038/WFMgmtMsg_24G.o
 .debug_pubnames
                0x00001de6      0x245 build/default/production/_ext/243675038/WFParamMsg_24G.o
 .debug_pubnames
                0x0000202b       0x48 build/default/production/_ext/243675038/WFDebugStrings.o
 .debug_pubnames
                0x00002073      0x1ab build/default/production/_ext/243675038/WFDriverCom_24G.o
 .debug_pubnames
                0x0000221e      0x1ef build/default/production/_ext/243675038/WFDriverRaw_24G.o
 .debug_pubnames
                0x0000240d       0xa4 build/default/production/_ext/1472/MainDemo.o
 .debug_pubnames
                0x000024b1       0x3b c:/program files (x86)/microchip/xc32/v1.31/bin/../lib/gcc/pic32mx/4.5.2/../../../../pic32mx/lib/size\libmchp_peripheral_32MX340F256H.a(pcache.o)
 .debug_pubnames
                0x000024ec       0x2b c:/program files (x86)/microchip/xc32/v1.31/bin/../lib/gcc/pic32mx/4.5.2/../../../../pic32mx/lib/size\libmchp_peripheral_32MX340F256H.a(int_disable_interrupts_lib.o)
 .debug_pubnames
                0x00002517       0x2b c:/program files (x86)/microchip/xc32/v1.31/bin/../lib/gcc/pic32mx/4.5.2/../../../../pic32mx/lib/size\libmchp_peripheral_32MX340F256H.a(int_restore_interrupts_lib.o)
 .debug_pubnames
                0x00002542       0x36 c:/program files (x86)/microchip/xc32/v1.31/bin/../lib/gcc/pic32mx/4.5.2/../../../../pic32mx/lib/size\libmchp_peripheral_32MX340F256H.a(int_enable_mv_int_lib.o)
 .debug_pubnames
                0x00002578       0x20 c:/program files (x86)/microchip/xc32/v1.31/bin/../lib/gcc/pic32mx/4.5.2/../../../../pic32mx/lib/size\libmchp_peripheral_32MX340F256H.a(I2CEnable.o)
 .debug_pubnames
                0x00002598       0x26 c:/program files (x86)/microchip/xc32/v1.31/bin/../lib/gcc/pic32mx/4.5.2/../../../../pic32mx/lib/size\libmchp_peripheral_32MX340F256H.a(I2CSetFrequency.o)
 .debug_pubnames
                0x000025be       0x2a c:/program files (x86)/microchip/xc32/v1.31/bin/../lib/gcc/pic32mx/4.5.2/../../../../pic32mx/lib/size\libmchp_peripheral_32MX340F256H.a(int_enable_interrupts_lib.o)
 .debug_pubnames
                0x000025e8       0x20 c:/program files (x86)/microchip/xc32/v1.31/bin/../lib/gcc/pic32mx/4.5.2/size\libgcc.a(_udivdi3.o)
 .debug_pubnames
                0x00002608       0x33 c:/program files (x86)/microchip/xc32/v1.31/bin/../lib/gcc/pic32mx/4.5.2/../../../../pic32mx/lib/size\libpic32.a(default-bootstrap-exception-handler.o)
 .debug_pubnames
                0x0000263b       0x20 c:/program files (x86)/microchip/xc32/v1.31/bin/../lib/gcc/pic32mx/4.5.2/../../../../pic32mx/lib/size\libpic32.a(default-on-reset.o)
 .debug_pubnames
                0x0000265b       0x24 c:/program files (x86)/microchip/xc32/v1.31/bin/../lib/gcc/pic32mx/4.5.2/../../../../pic32mx/lib/size\libpic32.a(default-on-bootstrap.o)
 .debug_pubnames
                0x0000267f       0x28 c:/program files (x86)/microchip/xc32/v1.31/bin/../lib/gcc/pic32mx/4.5.2/../../../../pic32mx/lib/size\libpic32.a(defaultinterrupt.o)
 .debug_pubnames
                0x000026a7       0x1e c:/program files (x86)/microchip/xc32/v1.31/bin/../lib/gcc/pic32mx/4.5.2/../../../../pic32mx/lib/size\libc.a(strncpy.o)

.debug_info     0x00000000    0x680e9
 *(.debug_info .gnu.linkonce.wi.*)
 .debug_info    0x00000000     0x110c build/default/production/_ext/1472/GenericTCPServer.o
 .debug_info    0x0000110c     0x1718 build/default/production/_ext/1472/I2C.o
 .debug_info    0x00002824     0x5639 build/default/production/_ext/1472/rovercode.o
 .debug_info    0x00007e5d     0x101c build/default/production/_ext/1472/MARSGPS.o
 .debug_info    0x00008e79     0x1b36 build/default/production/_ext/1954962658/Announce.o
 .debug_info    0x0000a9af      0xf51 build/default/production/_ext/1954962658/ARCFOUR.o
 .debug_info    0x0000b900     0x1a5a build/default/production/_ext/1954962658/ARP.o
 .debug_info    0x0000d35a     0x1d2b build/default/production/_ext/1954962658/AutoIP.o
 .debug_info    0x0000f085      0xf55 build/default/production/_ext/1954962658/BerkeleyAPI.o
 .debug_info    0x0000ffda      0xf50 build/default/production/_ext/1954962658/BigInt.o
 .debug_info    0x00010f2a      0xfe4 build/default/production/_ext/1954962658/Delay.o
 .debug_info    0x00011f0e     0x1ff6 build/default/production/_ext/1954962658/DHCP.o
 .debug_info    0x00013f04      0xf4f build/default/production/_ext/1954962658/DHCPs.o
 .debug_info    0x00014e53     0x1c6e build/default/production/_ext/1954962658/DNS.o
 .debug_info    0x00016ac1      0xf4e build/default/production/_ext/1954962658/DNSs.o
 .debug_info    0x00017a0f      0xf50 build/default/production/_ext/1954962658/DynDNS.o
 .debug_info    0x0001895f      0xf52 build/default/production/_ext/1954962658/ENC28J60.o
 .debug_info    0x000198b1      0xf54 build/default/production/_ext/1954962658/ENCX24J600.o
 .debug_info    0x0001a805      0xf54 build/default/production/_ext/1954962658/FileSystem.o
 .debug_info    0x0001b759      0xf4d build/default/production/_ext/1954962658/FTP.o
 .debug_info    0x0001c6a6      0xf50 build/default/production/_ext/1954962658/Hashes.o
 .debug_info    0x0001d5f6     0x1e96 build/default/production/_ext/1954962658/Helpers.o
 .debug_info    0x0001f48c     0x1544 build/default/production/_ext/1954962658/ICMP.o
 .debug_info    0x000209d0     0x1a69 build/default/production/_ext/1954962658/IP.o
 .debug_info    0x00022439      0xf55 build/default/production/_ext/1954962658/LCDBlocking.o
 .debug_info    0x0002338e      0xf4f build/default/production/_ext/1954962658/MPFS2.o
 .debug_info    0x000242dd      0xf4e build/default/production/_ext/1954962658/NBNS.o
 .debug_info    0x0002522b      0xf50 build/default/production/_ext/1954962658/Reboot.o
 .debug_info    0x0002617b      0xf4d build/default/production/_ext/1954962658/RSA.o
 .debug_info    0x000270c8      0xf4e build/default/production/_ext/1954962658/SMTP.o
 .debug_info    0x00028016      0xf4e build/default/production/_ext/1954962658/SNMP.o
 .debug_info    0x00028f64      0xf50 build/default/production/_ext/1954962658/SNMPv3.o
 .debug_info    0x00029eb4      0xf53 build/default/production/_ext/1954962658/SNMPv3USM.o
 .debug_info    0x0002ae07     0x12d0 build/default/production/_ext/1954962658/SNTP.o
 .debug_info    0x0002c0d7      0xf53 build/default/production/_ext/1954962658/SPIEEPROM.o
 .debug_info    0x0002d02a      0xf52 build/default/production/_ext/1954962658/SPIFlash.o
 .debug_info    0x0002df7c      0xf50 build/default/production/_ext/1954962658/SPIRAM.o
 .debug_info    0x0002eecc      0xf4d build/default/production/_ext/1954962658/SSL.o
 .debug_info    0x0002fe19     0x1930 build/default/production/_ext/1954962658/StackTsk.o
 .debug_info    0x00031749     0x307d build/default/production/_ext/1954962658/TCP.o
 .debug_info    0x000347c6      0xf4f build/default/production/_ext/1954962658/TFTPc.o
 .debug_info    0x00035715     0x16de build/default/production/_ext/1954962658/Tick.o
 .debug_info    0x00036df3      0xf4e build/default/production/_ext/1954962658/UART.o
 .debug_info    0x00037d41     0x2083 build/default/production/_ext/1954962658/UDP.o
 .debug_info    0x00039dc4      0xf58 build/default/production/_ext/1954962658/ZeroconfHelper.o
 .debug_info    0x0003ad1c      0xf5b build/default/production/_ext/1954962658/ZeroconfLinkLocal.o
 .debug_info    0x0003bc77      0xf5e build/default/production/_ext/1954962658/ZeroconfMulticastDNS.o
 .debug_info    0x0003cbd5      0xf36 build/default/production/_ext/1472/MPFSImg2.o
 .debug_info    0x0003db0b     0x197c build/default/production/_ext/243675038/WF_Eint.o
 .debug_info    0x0003f487     0x181f build/default/production/_ext/243675038/WF_Spi.o
 .debug_info    0x00040ca6     0x24ea build/default/production/_ext/243675038/WFConnectionAlgorithm.o
 .debug_info    0x00043190     0x1ad1 build/default/production/_ext/243675038/WFConnectionManager.o
 .debug_info    0x00044c61     0x2283 build/default/production/_ext/243675038/WFConnectionProfile.o
 .debug_info    0x00046ee4      0xf58 build/default/production/_ext/243675038/WFConsole.o
 .debug_info    0x00047e3c      0xf60 build/default/production/_ext/243675038/WFConsoleIfconfig.o
 .debug_info    0x00048d9c      0xf60 build/default/production/_ext/243675038/WFConsoleIwconfig.o
 .debug_info    0x00049cfc      0xf5e build/default/production/_ext/243675038/WFConsoleIwpriv.o
 .debug_info    0x0004ac5a     0x108c build/default/production/_ext/243675038/WFConsoleMsgHandler.o
 .debug_info    0x0004bce6     0x1520 build/default/production/_ext/243675038/WFConsoleMsgs.o
 .debug_info    0x0004d206      0xf59 build/default/production/_ext/243675038/WFDataTxRx.o
 .debug_info    0x0004e15f      0xf5b build/default/production/_ext/243675038/WFEasyConfig.o
 .debug_info    0x0004f0ba     0x14f7 build/default/production/_ext/243675038/WFEventHandler.o
 .debug_info    0x000505b1     0x1a6d build/default/production/_ext/243675038/WFInit.o
 .debug_info    0x0005201e     0x19a2 build/default/production/_ext/243675038/WFPowerSave.o
 .debug_info    0x000539c0     0x159a build/default/production/_ext/243675038/WFScan.o
 .debug_info    0x00054f5a     0x1711 build/default/production/_ext/243675038/WFTxPower.o
 .debug_info    0x0005666b     0x1368 build/default/production/_ext/1472/WF_Config.o
 .debug_info    0x000579d3     0x1955 build/default/production/_ext/243675038/WF_pbkdf2.o
 .debug_info    0x00059328     0x254d build/default/production/_ext/243675038/WFMac_24G.o
 .debug_info    0x0005b875     0x1514 build/default/production/_ext/243675038/WFMgmtMsg_24G.o
 .debug_info    0x0005cd89     0x248d build/default/production/_ext/243675038/WFParamMsg_24G.o
 .debug_info    0x0005f216      0xff9 build/default/production/_ext/243675038/WFDebugStrings.o
 .debug_info    0x0006020f     0x265c build/default/production/_ext/243675038/WFDriverCom_24G.o
 .debug_info    0x0006286b     0x1b74 build/default/production/_ext/243675038/WFDriverRaw_24G.o
 .debug_info    0x000643df      0xf3b build/default/production/_ext/1472/CustomSSLCert.o
 .debug_info    0x0006531a     0x1db2 build/default/production/_ext/1472/MainDemo.o
 .debug_info    0x000670cc       0xbf c:/program files (x86)/microchip/xc32/v1.31/bin/../lib/gcc/pic32mx/4.5.2/../../../../pic32mx/lib/size\libmchp_peripheral_32MX340F256H.a(pcache.o)
 .debug_info    0x0006718b       0xb6 c:/program files (x86)/microchip/xc32/v1.31/bin/../lib/gcc/pic32mx/4.5.2/../../../../pic32mx/lib/size\libmchp_peripheral_32MX340F256H.a(int_disable_interrupts_lib.o)